Archive member included to satisfy reference by file (symbol)

/Applications/ArmGNUToolchain/13.2.Rel1/arm-none-eabi/bin/../lib/gcc/arm-none-eabi/13.2.1/thumb/v6-m/nofp/libgcc.a(_dvmd_tls.o)
                              CMakeFiles/oled.dir/Users/amerilain/pico/pico-sdk/src/rp2_common/pico_divider/divider.S.obj (__aeabi_idiv0)
/Applications/ArmGNUToolchain/13.2.Rel1/arm-none-eabi/bin/../lib/gcc/arm-none-eabi/13.2.1/../../../../arm-none-eabi/lib/thumb/v6-m/nofp/libg.a(libc_a-calloc.o)
                              CMakeFiles/oled.dir/Users/amerilain/pico/pico-sdk/src/rp2_common/pico_malloc/pico_malloc.c.obj (calloc)
/Applications/ArmGNUToolchain/13.2.Rel1/arm-none-eabi/bin/../lib/gcc/arm-none-eabi/13.2.1/../../../../arm-none-eabi/lib/thumb/v6-m/nofp/libg.a(libc_a-callocr.o)
                              /Applications/ArmGNUToolchain/13.2.Rel1/arm-none-eabi/bin/../lib/gcc/arm-none-eabi/13.2.1/../../../../arm-none-eabi/lib/thumb/v6-m/nofp/libg.a(libc_a-calloc.o) (_calloc_r)
/Applications/ArmGNUToolchain/13.2.Rel1/arm-none-eabi/bin/../lib/gcc/arm-none-eabi/13.2.1/../../../../arm-none-eabi/lib/thumb/v6-m/nofp/libg.a(libc_a-malloc.o)
                              CMakeFiles/oled.dir/Users/amerilain/pico/pico-sdk/src/rp2_common/pico_malloc/pico_malloc.c.obj (malloc)
/Applications/ArmGNUToolchain/13.2.Rel1/arm-none-eabi/bin/../lib/gcc/arm-none-eabi/13.2.1/../../../../arm-none-eabi/lib/thumb/v6-m/nofp/libg.a(libc_a-mallocr.o)
                              /Applications/ArmGNUToolchain/13.2.Rel1/arm-none-eabi/bin/../lib/gcc/arm-none-eabi/13.2.1/../../../../arm-none-eabi/lib/thumb/v6-m/nofp/libg.a(libc_a-callocr.o) (_malloc_r)
/Applications/ArmGNUToolchain/13.2.Rel1/arm-none-eabi/bin/../lib/gcc/arm-none-eabi/13.2.1/../../../../arm-none-eabi/lib/thumb/v6-m/nofp/libg.a(libc_a-mlock.o)
                              /Applications/ArmGNUToolchain/13.2.Rel1/arm-none-eabi/bin/../lib/gcc/arm-none-eabi/13.2.1/../../../../arm-none-eabi/lib/thumb/v6-m/nofp/libg.a(libc_a-mallocr.o) (__malloc_lock)
/Applications/ArmGNUToolchain/13.2.Rel1/arm-none-eabi/bin/../lib/gcc/arm-none-eabi/13.2.1/../../../../arm-none-eabi/lib/thumb/v6-m/nofp/libg.a(libc_a-realloc.o)
                              CMakeFiles/oled.dir/Users/amerilain/pico/pico-sdk/src/rp2_common/pico_malloc/pico_malloc.c.obj (realloc)
/Applications/ArmGNUToolchain/13.2.Rel1/arm-none-eabi/bin/../lib/gcc/arm-none-eabi/13.2.1/../../../../arm-none-eabi/lib/thumb/v6-m/nofp/libg.a(libc_a-reallocr.o)
                              /Applications/ArmGNUToolchain/13.2.Rel1/arm-none-eabi/bin/../lib/gcc/arm-none-eabi/13.2.1/../../../../arm-none-eabi/lib/thumb/v6-m/nofp/libg.a(libc_a-realloc.o) (_realloc_r)
/Applications/ArmGNUToolchain/13.2.Rel1/arm-none-eabi/bin/../lib/gcc/arm-none-eabi/13.2.1/../../../../arm-none-eabi/lib/thumb/v6-m/nofp/libg.a(libc_a-memmove.o)
                              /Applications/ArmGNUToolchain/13.2.Rel1/arm-none-eabi/bin/../lib/gcc/arm-none-eabi/13.2.1/../../../../arm-none-eabi/lib/thumb/v6-m/nofp/libg.a(libc_a-reallocr.o) (memmove)
/Applications/ArmGNUToolchain/13.2.Rel1/arm-none-eabi/bin/../lib/gcc/arm-none-eabi/13.2.1/../../../../arm-none-eabi/lib/thumb/v6-m/nofp/libg.a(libc_a-impure.o)
                              /Applications/ArmGNUToolchain/13.2.Rel1/arm-none-eabi/bin/../lib/gcc/arm-none-eabi/13.2.1/../../../../arm-none-eabi/lib/thumb/v6-m/nofp/libg.a(libc_a-calloc.o) (_impure_ptr)
/Applications/ArmGNUToolchain/13.2.Rel1/arm-none-eabi/bin/../lib/gcc/arm-none-eabi/13.2.1/../../../../arm-none-eabi/lib/thumb/v6-m/nofp/libg.a(libc_a-sbrkr.o)
                              /Applications/ArmGNUToolchain/13.2.Rel1/arm-none-eabi/bin/../lib/gcc/arm-none-eabi/13.2.1/../../../../arm-none-eabi/lib/thumb/v6-m/nofp/libg.a(libc_a-mallocr.o) (_sbrk_r)
/Applications/ArmGNUToolchain/13.2.Rel1/arm-none-eabi/bin/../lib/gcc/arm-none-eabi/13.2.1/../../../../arm-none-eabi/lib/thumb/v6-m/nofp/libg.a(libc_a-errno.o)
                              /Applications/ArmGNUToolchain/13.2.Rel1/arm-none-eabi/bin/../lib/gcc/arm-none-eabi/13.2.1/../../../../arm-none-eabi/lib/thumb/v6-m/nofp/libg.a(libc_a-callocr.o) (__errno)
/Applications/ArmGNUToolchain/13.2.Rel1/arm-none-eabi/bin/../lib/gcc/arm-none-eabi/13.2.1/../../../../arm-none-eabi/lib/thumb/v6-m/nofp/libg.a(libc_a-sysconf.o)
                              /Applications/ArmGNUToolchain/13.2.Rel1/arm-none-eabi/bin/../lib/gcc/arm-none-eabi/13.2.1/../../../../arm-none-eabi/lib/thumb/v6-m/nofp/libg.a(libc_a-mallocr.o) (sysconf)
/Applications/ArmGNUToolchain/13.2.Rel1/arm-none-eabi/bin/../lib/gcc/arm-none-eabi/13.2.1/../../../../arm-none-eabi/lib/thumb/v6-m/nofp/libg.a(libc_a-init.o)
                              /Applications/ArmGNUToolchain/13.2.Rel1/arm-none-eabi/bin/../lib/gcc/arm-none-eabi/13.2.1/../../../../arm-none-eabi/lib/thumb/v6-m/nofp/crt0.o (__libc_init_array)
/Applications/ArmGNUToolchain/13.2.Rel1/arm-none-eabi/bin/../lib/gcc/arm-none-eabi/13.2.1/../../../../arm-none-eabi/lib/thumb/v6-m/nofp/libg.a(libc_a-lock.o)
[...]
Memory Configuration

Name             Origin             Length             Attributes
FLASH            0x10000000         0x00200000         xr
RAM              0x20000000         0x00040000         xrw
SCRATCH_X        0x20040000         0x00001000         xrw
SCRATCH_Y        0x20041000         0x00001000         xrw
*default*        0x00000000         0xffffffff

Linker script and memory map

LOAD /Applications/ArmGNUToolchain/13.2.Rel1/arm-none-eabi/bin/../lib/gcc/arm-none-eabi/13.2.1/thumb/v6-m/nofp/crti.o
LOAD /Applications/ArmGNUToolchain/13.2.Rel1/arm-none-eabi/bin/../lib/gcc/arm-none-eabi/13.2.1/thumb/v6-m/nofp/crtbegin.o
LOAD /Applications/ArmGNUToolchain/13.2.Rel1/arm-none-eabi/bin/../lib/gcc/arm-none-eabi/13.2.1/../../../../arm-none-eabi/lib/thumb/v6-m/nofp/crt0.o

.flash_begin    0x10000000        0x0
                0x10000000                        __flash_binary_start = .

.boot2          0x10000000      0x100
                0x10000000                        __boot2_start__ = .
 *(.boot2)
 .boot2         0x10000000      0x100 /var/folders/fy/2_twrpq90b57drm_mt3rx4240000gn/T//ccNEDRsD.o
                0x10000100                        __boot2_end__ = .
                0x00000001                        ASSERT (((__boot2_end__ - __boot2_start__) == 0x100), ERROR: Pico second stage bootloader must be 256 bytes in size)

.text           0x10000100     0x6560
                0x10000100                        __logical_binary_start = .
 *(.vectors)
 .vectors       0x10000100       0xd4 CMakeFiles/oled.dir/Users/amerilain/pico/pico-sdk/src/rp2_common/pico_standard_link/crt0.S.obj
                0x10000100                __VECTOR_TABLE
                0x10000100                __vectors
                0x100001c0                __default_isrs_start
                0x100001c0                isr_invalid
                0x100001c2                isr_nmi
                0x100001c4                isr_hardfault
                0x100001c6                isr_svcall
                0x100001c8                isr_pendsv
                0x100001ca                isr_systick
                0x100001cc                isr_irq28
                0x100001cc                isr_irq19
                0x100001cc                isr_irq0
                0x100001cc                isr_irq6
                0x100001cc                isr_irq22
                0x100001cc                isr_irq17
                0x100001cc                isr_irq14
                0x100001cc                isr_irq2
                0x100001cc                isr_irq10
                0x100001cc                isr_irq8
                0x100001cc                isr_irq24
                0x100001cc                isr_irq1
                0x100001cc                isr_irq7
                0x100001cc                isr_irq21
                0x100001cc                isr_irq20
                0x100001cc                isr_irq15
                0x100001cc                isr_irq25
                0x100001cc                isr_irq4
                0x100001cc                isr_irq16
                0x100001cc                isr_irq29
                0x100001cc                isr_irq26
                0x100001cc                __default_isrs_end
                0x100001cc                isr_irq3
                0x100001cc                isr_irq9
                0x100001cc                __unhandled_user_irq
                0x100001cc                isr_irq13
                0x100001cc                isr_irq27
                0x100001cc                isr_irq31
                0x100001cc                isr_irq5
                0x100001cc                isr_irq11
                0x100001cc                isr_irq23
                0x100001cc                isr_irq18
                0x100001cc                isr_irq30
                0x100001cc                isr_irq12
                0x100001d2                unhandled_user_irq_num_in_r0
 *(.binary_info_header)
 .binary_info_header
                0x100001d4       0x14 CMakeFiles/oled.dir/Users/amerilain/pico/pico-sdk/src/rp2_common/pico_standard_link/crt0.S.obj
                0x100001e8                        __binary_info_header_end = .
 *(.reset)
 .reset         0x100001e8       0xa0 CMakeFiles/oled.dir/Users/amerilain/pico/pico-sdk/src/rp2_common/pico_standard_link/crt0.S.obj
                0x100001e8                _entry_point
 .reset         0x10000288       0x30 CMakeFiles/oled.dir/Users/amerilain/pico/pico-sdk/src/rp2_common/pico_standard_link/binary_info.c.obj
 *(.init)
 .init          0x100002b8        0x4 /Applications/ArmGNUToolchain/13.2.Rel1/arm-none-eabi/bin/../lib/gcc/arm-none-eabi/13.2.1/thumb/v6-m/nofp/crti.o
                0x100002b8                _init
 *(EXCLUDE_FILE(*libm.a: *libc.a:*lib_a-mem*.o *libgcc.a:) .text*)
 .text.register_tm_clones
                0x100002bc       0x28 /Applications/ArmGNUToolchain/13.2.Rel1/arm-none-eabi/bin/../lib/gcc/arm-none-eabi/13.2.1/thumb/v6-m/nofp/crtbegin.o
 .text.frame_dummy
                0x100002e4       0x24 /Applications/ArmGNUToolchain/13.2.Rel1/arm-none-eabi/bin/../lib/gcc/arm-none-eabi/13.2.1/thumb/v6-m/nofp/crtbegin.o
 .text.main     0x10000308       0x44 CMakeFiles/oled.dir/main.c.obj
                0x10000308                main
 .text.gpio_set_function
                0x1000034c       0x30 CMakeFiles/oled.dir/Users/amerilain/pico/pico-sdk/src/rp2_common/hardware_gpio/gpio.c.obj
                0x1000034c                gpio_set_function
 .text.gpio_init
                0x1000037c       0x16 CMakeFiles/oled.dir/Users/amerilain/pico/pico-sdk/src/rp2_common/hardware_gpio/gpio.c.obj
                0x1000037c                gpio_init
 *fill*         0x10000392        0x2 
 .text.running_on_fpga
                0x10000394       0x14 CMakeFiles/oled.dir/Users/amerilain/pico/pico-sdk/src/rp2_common/pico_platform/platform.c.obj
                0x10000394                running_on_fpga
 .text.hw_claim_lock
                0x100003a8       0x18 CMakeFiles/oled.dir/Users/amerilain/pico/pico-sdk/src/rp2_common/hardware_claim/claim.c.obj
                0x100003a8                hw_claim_lock
 .text.hw_claim_unlock
                0x100003c0       0x14 CMakeFiles/oled.dir/Users/amerilain/pico/pico-sdk/src/rp2_common/hardware_claim/claim.c.obj
                0x100003c0                hw_claim_unlock
 .text.hw_claim_or_assert
                0x100003d4       0x32 CMakeFiles/oled.dir/Users/amerilain/pico/pico-sdk/src/rp2_common/hardware_claim/claim.c.obj
                0x100003d4                hw_claim_or_assert
 .text.hw_claim_unused_from_range
                0x10000406       0x50 CMakeFiles/oled.dir/Users/amerilain/pico/pico-sdk/src/rp2_common/hardware_claim/claim.c.obj
                0x10000406                hw_claim_unused_from_range
 *fill*         0x10000456        0x2 
 .text.spin_locks_reset
                0x10000458       0x20 CMakeFiles/oled.dir/Users/amerilain/pico/pico-sdk/src/rp2_common/hardware_sync/sync.c.obj
                0x10000458                spin_locks_reset
 .text.next_striped_spin_lock_num
                0x10000478       0x1c CMakeFiles/oled.dir/Users/amerilain/pico/pico-sdk/src/rp2_common/hardware_sync/sync.c.obj
                0x10000478                next_striped_spin_lock_num
 .text.spin_lock_claim_unused
                0x10000494       0x24 CMakeFiles/oled.dir/Users/amerilain/pico/pico-sdk/src/rp2_common/hardware_sync/sync.c.obj
                0x10000494                spin_lock_claim_unused
 .text.set_raw_irq_handler_and_unlock
                0x100004b8       0x28 CMakeFiles/oled.dir/Users/amerilain/pico/pico-sdk/src/rp2_common/hardware_irq/irq.c.obj
 .text.resolve_branch
                0x100004e0       0x30 CMakeFiles/oled.dir/Users/amerilain/pico/pico-sdk/src/rp2_common/hardware_irq/irq.c.obj
 .text.make_branch
                0x10000510       0x48 CMakeFiles/oled.dir/Users/amerilain/pico/pico-sdk/src/rp2_common/hardware_irq/irq.c.obj
 .text.insert_branch_and_link
                0x10000558       0x40 CMakeFiles/oled.dir/Users/amerilain/pico/pico-sdk/src/rp2_common/hardware_irq/irq.c.obj
 .text.irq_is_enabled
                0x10000598       0x18 CMakeFiles/oled.dir/Users/amerilain/pico/pico-sdk/src/rp2_common/hardware_irq/irq.c.obj
                0x10000598                irq_is_enabled
 .text.irq_set_mask_enabled
                0x100005b0       0x20 CMakeFiles/oled.dir/Users/amerilain/pico/pico-sdk/src/rp2_common/hardware_irq/irq.c.obj
                0x100005b0                irq_set_mask_enabled
 .text.irq_set_enabled
                0x100005d0        0xe CMakeFiles/oled.dir/Users/amerilain/pico/pico-sdk/src/rp2_common/hardware_irq/irq.c.obj
                0x100005d0                irq_set_enabled
 *fill*         0x100005de        0x2 
 .text.irq_set_pending
                0x100005e0       0x10 CMakeFiles/oled.dir/Users/amerilain/pico/pico-sdk/src/rp2_common/hardware_irq/irq.c.obj
                0x100005e0                irq_set_pending
 .text.irq_get_vtable_handler
                0x100005f0       0x10 CMakeFiles/oled.dir/Users/amerilain/pico/pico-sdk/src/rp2_common/hardware_irq/irq.c.obj
                0x100005f0                irq_get_vtable_handler
 .text.irq_has_shared_handler
                0x10000600       0x24 CMakeFiles/oled.dir/Users/amerilain/pico/pico-sdk/src/rp2_common/hardware_irq/irq.c.obj
                0x10000600                irq_has_shared_handler
 .text.irq_set_exclusive_handler
                0x10000624       0x54 CMakeFiles/oled.dir/Users/amerilain/pico/pico-sdk/src/rp2_common/hardware_irq/irq.c.obj
                0x10000624                irq_set_exclusive_handler
 .text.irq_add_shared_handler
                0x10000678      0x210 CMakeFiles/oled.dir/Users/amerilain/pico/pico-sdk/src/rp2_common/hardware_irq/irq.c.obj
                0x10000678                irq_add_shared_handler
 .text.irq_remove_handler
                0x10000888      0x188 CMakeFiles/oled.dir/Users/amerilain/pico/pico-sdk/src/rp2_common/hardware_irq/irq.c.obj
                0x10000888                irq_remove_handler
 .text.irq_add_tail_to_free_list
                0x10000a10       0xf0 CMakeFiles/oled.dir/Users/amerilain/pico/pico-sdk/src/rp2_common/hardware_irq/irq.c.obj
                0x10000a10                irq_add_tail_to_free_list
 .text.irq_init_priorities
                0x10000b00       0x1c CMakeFiles/oled.dir/Users/amerilain/pico/pico-sdk/src/rp2_common/hardware_irq/irq.c.obj
                0x10000b00                irq_init_priorities
 .text.user_irq_claim_unused
                0x10000b1c       0x2c CMakeFiles/oled.dir/Users/amerilain/pico/pico-sdk/src/rp2_common/hardware_irq/irq.c.obj
                0x10000b1c                user_irq_claim_unused
 .text.lock_init
                0x10000b48       0x10 CMakeFiles/oled.dir/Users/amerilain/pico/pico-sdk/src/common/pico_sync/lock_core.c.obj
                0x10000b48                lock_init
 .text.update_us_since_boot
                0x10000b58       0x24 CMakeFiles/oled.dir/Users/amerilain/pico/pico-sdk/src/common/pico_sync/mutex.c.obj
 .text.delayed_by_ms
                0x10000b7c       0x44 CMakeFiles/oled.dir/Users/amerilain/pico/pico-sdk/src/common/pico_sync/mutex.c.obj
 .text.get_absolute_time
                0x10000bc0       0x22 CMakeFiles/oled.dir/Users/amerilain/pico/pico-sdk/src/common/pico_sync/mutex.c.obj
 .text.make_timeout_time_ms
                0x10000be2       0x20 CMakeFiles/oled.dir/Users/amerilain/pico/pico-sdk/src/common/pico_sync/mutex.c.obj
 .text.mutex_init
                0x10000c02       0x1a CMakeFiles/oled.dir/Users/amerilain/pico/pico-sdk/src/common/pico_sync/mutex.c.obj
                0x10000c02                mutex_init
 .text.recursive_mutex_init
                0x10000c1c       0x1e CMakeFiles/oled.dir/Users/amerilain/pico/pico-sdk/src/common/pico_sync/mutex.c.obj
                0x10000c1c                recursive_mutex_init
 *fill*         0x10000c3a        0x2 
 .text.critical_section_init_with_lock_num
                0x10000c3c       0x14 CMakeFiles/oled.dir/Users/amerilain/pico/pico-sdk/src/common/pico_sync/critical_section.c.obj
                0x10000c3c                critical_section_init_with_lock_num
 .text.critical_section_init
                0x10000c50       0x14 CMakeFiles/oled.dir/Users/amerilain/pico/pico-sdk/src/common/pico_sync/critical_section.c.obj
                0x10000c50                critical_section_init
 .text.time_reached
                0x10000c64       0x28 CMakeFiles/oled.dir/Users/amerilain/pico/pico-sdk/src/common/pico_time/time.c.obj
 .text.get_entry
                0x10000c8c       0x38 CMakeFiles/oled.dir/Users/amerilain/pico/pico-sdk/src/common/pico_time/time.c.obj
 .text.timer_pool_entry_comparator
                0x10000cc4       0x2e CMakeFiles/oled.dir/Users/amerilain/pico/pico-sdk/src/common/pico_time/time.c.obj
                0x10000cc4                timer_pool_entry_comparator
 *fill*         0x10000cf2        0x2 
 .text.update_us_since_boot
                0x10000cf4       0x24 CMakeFiles/oled.dir/Users/amerilain/pico/pico-sdk/src/common/pico_time/time.c.obj
 .text.delayed_by_us
                0x10000d18       0x34 CMakeFiles/oled.dir/Users/amerilain/pico/pico-sdk/src/common/pico_time/time.c.obj
 .text.ph_get_node
                0x10000d4c       0x30 CMakeFiles/oled.dir/Users/amerilain/pico/pico-sdk/src/common/pico_time/time.c.obj
 .text.ph_contains_node
                0x10000d7c       0x1e CMakeFiles/oled.dir/Users/amerilain/pico/pico-sdk/src/common/pico_time/time.c.obj
 .text.ph_new_node
                0x10000d9a       0x28 CMakeFiles/oled.dir/Users/amerilain/pico/pico-sdk/src/common/pico_time/time.c.obj
 *fill*         0x10000dc2        0x2 
 .text.ph_add_child_node
                0x10000dc4       0x6c CMakeFiles/oled.dir/Users/amerilain/pico/pico-sdk/src/common/pico_time/time.c.obj
 .text.ph_merge_nodes
                0x10000e30       0x3e CMakeFiles/oled.dir/Users/amerilain/pico/pico-sdk/src/common/pico_time/time.c.obj
 *fill*         0x10000e6e        0x2 
 .text.ph_insert_node
                0x10000e70       0x3c CMakeFiles/oled.dir/Users/amerilain/pico/pico-sdk/src/common/pico_time/time.c.obj
 .text.ph_free_node
                0x10000eac       0x5c CMakeFiles/oled.dir/Users/amerilain/pico/pico-sdk/src/common/pico_time/time.c.obj
 .text.get_entry_id_high
                0x10000f08       0x30 CMakeFiles/oled.dir/Users/amerilain/pico/pico-sdk/src/common/pico_time/time.c.obj
 .text.alarm_pool_post_alloc_init
                0x10000f38       0x40 CMakeFiles/oled.dir/Users/amerilain/pico/pico-sdk/src/common/pico_time/time.c.obj
 .text.sleep_until_callback
                0x10000f78       0x30 CMakeFiles/oled.dir/Users/amerilain/pico/pico-sdk/src/common/pico_time/time.c.obj
 .text.get_absolute_time
                0x10000fa8       0x22 CMakeFiles/oled.dir/Users/amerilain/pico/pico-sdk/src/common/pico_time/time.c.obj
 .text.make_timeout_time_us
                0x10000fca       0x24 CMakeFiles/oled.dir/Users/amerilain/pico/pico-sdk/src/common/pico_time/time.c.obj
 *fill*         0x10000fee        0x2 
 .text.add_alarm_under_lock
                0x10000ff0       0x94 CMakeFiles/oled.dir/Users/amerilain/pico/pico-sdk/src/common/pico_time/time.c.obj
 .text.alarm_pool_alarm_callback
                0x10001084      0x210 CMakeFiles/oled.dir/Users/amerilain/pico/pico-sdk/src/common/pico_time/time.c.obj
 .text.alarm_pool_init_default
                0x10001294       0x40 CMakeFiles/oled.dir/Users/amerilain/pico/pico-sdk/src/common/pico_time/time.c.obj
                0x10001294                alarm_pool_init_default
 .text.alarm_pool_get_default
                0x100012d4       0x2c CMakeFiles/oled.dir/Users/amerilain/pico/pico-sdk/src/common/pico_time/time.c.obj
                0x100012d4                alarm_pool_get_default
 .text.alarm_pool_add_alarm_at
                0x10001300      0x10e CMakeFiles/oled.dir/Users/amerilain/pico/pico-sdk/src/common/pico_time/time.c.obj
                0x10001300                alarm_pool_add_alarm_at
 .text.add_alarm_at
                0x1000140e       0x2e CMakeFiles/oled.dir/Users/amerilain/pico/pico-sdk/src/common/pico_time/time.c.obj
 .text.alarm_pool_cancel_alarm
                0x1000143c       0xa8 CMakeFiles/oled.dir/Users/amerilain/pico/pico-sdk/src/common/pico_time/time.c.obj
                0x1000143c                alarm_pool_cancel_alarm
 .text.cancel_alarm
                0x100014e4       0x10 CMakeFiles/oled.dir/Users/amerilain/pico/pico-sdk/src/common/pico_time/time.c.obj
 .text.alarm_pool_core_num
                0x100014f4        0x4 CMakeFiles/oled.dir/Users/amerilain/pico/pico-sdk/src/common/pico_time/time.c.obj
                0x100014f4                alarm_pool_core_num
 .text.sleep_until
                0x100014f8       0xb0 CMakeFiles/oled.dir/Users/amerilain/pico/pico-sdk/src/common/pico_time/time.c.obj
                0x100014f8                sleep_until
 .text.sleep_us
                0x100015a8       0x1a CMakeFiles/oled.dir/Users/amerilain/pico/pico-sdk/src/common/pico_time/time.c.obj
                0x100015a8                sleep_us
 .text.sleep_ms
                0x100015c2       0x14 CMakeFiles/oled.dir/Users/amerilain/pico/pico-sdk/src/common/pico_time/time.c.obj
                0x100015c2                sleep_ms
 *fill*         0x100015d6        0x2 
 .text.best_effort_wfe_or_timeout
                0x100015d8       0x44 CMakeFiles/oled.dir/Users/amerilain/pico/pico-sdk/src/common/pico_time/time.c.obj
                0x100015d8                best_effort_wfe_or_timeout
 .text.hardware_alarm_irq_handler
                0x1000161c       0x8c CMakeFiles/oled.dir/Users/amerilain/pico/pico-sdk/src/rp2_common/hardware_timer/timer.c.obj
 .text.hardware_alarm_claim
                0x100016a8       0x18 CMakeFiles/oled.dir/Users/amerilain/pico/pico-sdk/src/rp2_common/hardware_timer/timer.c.obj
                0x100016a8                hardware_alarm_claim
 .text.time_us_64
                0x100016c0       0x18 CMakeFiles/oled.dir/Users/amerilain/pico/pico-sdk/src/rp2_common/hardware_timer/timer.c.obj
                0x100016c0                time_us_64
 .text.busy_wait_until
                0x100016d8       0x28 CMakeFiles/oled.dir/Users/amerilain/pico/pico-sdk/src/rp2_common/hardware_timer/timer.c.obj
                0x100016d8                busy_wait_until
 .text.hardware_alarm_set_callback
                0x10001700       0x90 CMakeFiles/oled.dir/Users/amerilain/pico/pico-sdk/src/rp2_common/hardware_timer/timer.c.obj
                0x10001700                hardware_alarm_set_callback
 .text.hardware_alarm_set_target
                0x10001790       0xe8 CMakeFiles/oled.dir/Users/amerilain/pico/pico-sdk/src/rp2_common/hardware_timer/timer.c.obj
                0x10001790                hardware_alarm_set_target
 .text.hardware_alarm_cancel
                0x10001878       0x40 CMakeFiles/oled.dir/Users/amerilain/pico/pico-sdk/src/rp2_common/hardware_timer/timer.c.obj
                0x10001878                hardware_alarm_cancel
 .text.ph_get_node
                0x100018b8       0x30 CMakeFiles/oled.dir/Users/amerilain/pico/pico-sdk/src/common/pico_util/pheap.c.obj
 .text.ph_add_child_node
                0x100018e8       0x6c CMakeFiles/oled.dir/Users/amerilain/pico/pico-sdk/src/common/pico_util/pheap.c.obj
 .text.ph_merge_nodes
                0x10001954       0x3e CMakeFiles/oled.dir/Users/amerilain/pico/pico-sdk/src/common/pico_util/pheap.c.obj
 .text.ph_clear
                0x10001992       0x34 CMakeFiles/oled.dir/Users/amerilain/pico/pico-sdk/src/common/pico_util/pheap.c.obj
                0x10001992                ph_clear
 .text.ph_post_alloc_init
                0x100019c6        0xe CMakeFiles/oled.dir/Users/amerilain/pico/pico-sdk/src/common/pico_util/pheap.c.obj
                0x100019c6                ph_post_alloc_init
 .text.ph_merge_two_pass
                0x100019d4       0x5c CMakeFiles/oled.dir/Users/amerilain/pico/pico-sdk/src/common/pico_util/pheap.c.obj
                0x100019d4                ph_merge_two_pass
 .text.ph_remove_any_head
                0x10001a30       0xc0 CMakeFiles/oled.dir/Users/amerilain/pico/pico-sdk/src/common/pico_util/pheap.c.obj
 .text.ph_remove_head
                0x10001af0       0x14 CMakeFiles/oled.dir/Users/amerilain/pico/pico-sdk/src/common/pico_util/pheap.c.obj
                0x10001af0                ph_remove_head
 .text.ph_remove_and_free_node
                0x10001b04       0xa0 CMakeFiles/oled.dir/Users/amerilain/pico/pico-sdk/src/common/pico_util/pheap.c.obj
                0x10001b04                ph_remove_and_free_node
 .text.clock_configure
                0x10001ba4      0x108 CMakeFiles/oled.dir/Users/amerilain/pico/pico-sdk/src/rp2_common/hardware_clocks/clocks.c.obj
                0x10001ba4                clock_configure
 .text.clocks_init
                0x10001cac      0x100 CMakeFiles/oled.dir/Users/amerilain/pico/pico-sdk/src/rp2_common/hardware_clocks/clocks.c.obj
                0x10001cac                clocks_init
 .text.pll_init
                0x10001dac      0x120 CMakeFiles/oled.dir/Users/amerilain/pico/pico-sdk/src/rp2_common/hardware_pll/pll.c.obj
                0x10001dac                pll_init
 .text.watchdog_start_tick
                0x10001ecc       0x10 CMakeFiles/oled.dir/Users/amerilain/pico/pico-sdk/src/rp2_common/hardware_watchdog/watchdog.c.obj
                0x10001ecc                watchdog_start_tick
 .text.watchdog_update
                0x10001edc       0x14 CMakeFiles/oled.dir/Users/amerilain/pico/pico-sdk/src/rp2_common/hardware_watchdog/watchdog.c.obj
                0x10001edc                watchdog_update
 .text._watchdog_enable
                0x10001ef0       0x78 CMakeFiles/oled.dir/Users/amerilain/pico/pico-sdk/src/rp2_common/hardware_watchdog/watchdog.c.obj
                0x10001ef0                _watchdog_enable
 .text.watchdog_reboot
                0x10001f68       0x48 CMakeFiles/oled.dir/Users/amerilain/pico/pico-sdk/src/rp2_common/hardware_watchdog/watchdog.c.obj
                0x10001f68                watchdog_reboot
 .text.xosc_init
                0x10001fb0       0x28 CMakeFiles/oled.dir/Users/amerilain/pico/pico-sdk/src/rp2_common/hardware_xosc/xosc.c.obj
                0x10001fb0                xosc_init
 .text._exit    0x10001fd8        0x4 CMakeFiles/oled.dir/Users/amerilain/pico/pico-sdk/src/rp2_common/pico_runtime/runtime.c.obj
                0x10001fd8                _exit
 .text.exit     0x10001fdc        0x6 CMakeFiles/oled.dir/Users/amerilain/pico/pico-sdk/src/rp2_common/pico_runtime/runtime.c.obj
                0x10001fdc                exit
 *fill*         0x10001fe2        0x2 
 .text.__assert_func
                0x10001fe4       0x38 CMakeFiles/oled.dir/Users/amerilain/pico/pico-sdk/src/rp2_common/pico_runtime/runtime.c.obj
                0x10001fe4                __assert_func
 .text.runtime_init
                0x1000201c       0xf8 CMakeFiles/oled.dir/Users/amerilain/pico/pico-sdk/src/rp2_common/pico_runtime/runtime.c.obj
                0x1000201c                runtime_init
 .text.panic    0x10002114       0x30 CMakeFiles/oled.dir/Users/amerilain/pico/pico-sdk/src/rp2_common/pico_runtime/runtime.c.obj
                0x10002114                panic
 .text._out_null
                0x10002144        0x2 CMakeFiles/oled.dir/Users/amerilain/pico/pico-sdk/src/rp2_common/pico_printf/printf.c.obj
 .text._out_fct
                0x10002146        0xe CMakeFiles/oled.dir/Users/amerilain/pico/pico-sdk/src/rp2_common/pico_printf/printf.c.obj
 .text._atoi    0x10002154       0x24 CMakeFiles/oled.dir/Users/amerilain/pico/pico-sdk/src/rp2_common/pico_printf/printf.c.obj
 .text._out_rev
                0x10002178       0xae CMakeFiles/oled.dir/Users/amerilain/pico/pico-sdk/src/rp2_common/pico_printf/printf.c.obj
 .text._ntoa_format
                0x10002226      0x110 CMakeFiles/oled.dir/Users/amerilain/pico/pico-sdk/src/rp2_common/pico_printf/printf.c.obj
 .text._ntoa_long
                0x10002336       0xbc CMakeFiles/oled.dir/Users/amerilain/pico/pico-sdk/src/rp2_common/pico_printf/printf.c.obj
 .text._ntoa_long_long
                0x100023f2      0x10e CMakeFiles/oled.dir/Users/amerilain/pico/pico-sdk/src/rp2_common/pico_printf/printf.c.obj
 .text._etoa    0x10002500      0x420 CMakeFiles/oled.dir/Users/amerilain/pico/pico-sdk/src/rp2_common/pico_printf/printf.c.obj
 .text._ftoa    0x10002920      0x354 CMakeFiles/oled.dir/Users/amerilain/pico/pico-sdk/src/rp2_common/pico_printf/printf.c.obj
 .text._vsnprintf
                0x10002c74      0x668 CMakeFiles/oled.dir/Users/amerilain/pico/pico-sdk/src/rp2_common/pico_printf/printf.c.obj
 .text.vfctprintf
                0x100032dc       0x20 CMakeFiles/oled.dir/Users/amerilain/pico/pico-sdk/src/rp2_common/pico_printf/printf.c.obj
                0x100032dc                vfctprintf
 .text          0x100032fc       0x10 CMakeFiles/oled.dir/Users/amerilain/pico/pico-sdk/src/rp2_common/pico_bit_ops/bit_ops_aeabi.S.obj
 .text.rom_func_lookup
                0x1000330c       0x10 CMakeFiles/oled.dir/Users/amerilain/pico/pico-sdk/src/rp2_common/pico_bootrom/bootrom.c.obj
                0x1000330c                rom_func_lookup
 .text.rom_data_lookup
                0x1000331c       0x10 CMakeFiles/oled.dir/Users/amerilain/pico/pico-sdk/src/rp2_common/pico_bootrom/bootrom.c.obj
                0x1000331c                rom_data_lookup
 .text.rom_funcs_lookup
                0x1000332c       0x36 CMakeFiles/oled.dir/Users/amerilain/pico/pico-sdk/src/rp2_common/pico_bootrom/bootrom.c.obj
                0x1000332c                rom_funcs_lookup
 *fill*         0x10003362        0x2 
 .text.__wrap___aeabi_idiv
                0x10003364       0x50 CMakeFiles/oled.dir/Users/amerilain/pico/pico-sdk/src/rp2_common/pico_divider/divider.S.obj
                0x10003364                __wrap___aeabi_idivmod
                0x10003364                divmod_s32s32
                0x10003364                div_s32s32
                0x10003364                __wrap___aeabi_idiv
                0x1000336c                divmod_s32s32_unsafe
                0x10003398                divmod_s32s32_savestate
 .text.__wrap___aeabi_uidiv
                0x100033b4       0x4c CMakeFiles/oled.dir/Users/amerilain/pico/pico-sdk/src/rp2_common/pico_divider/divider.S.obj
                0x100033b4                __wrap___aeabi_uidiv
                0x100033b4                __wrap___aeabi_uidivmod
                0x100033b4                div_u32u32
                0x100033b4                divmod_u32u32
                0x100033bc                divmod_u32u32_unsafe
                0x100033e4                divmod_u32u32_savestate
 .text.__wrap___aeabi_ldiv
                0x10003400      0x424 CMakeFiles/oled.dir/Users/amerilain/pico/pico-sdk/src/rp2_common/pico_divider/divider.S.obj
                0x10003400                __wrap___aeabi_ldivmod
                0x10003400                div_s64s64
                0x10003400                divmod_s64s64
                0x10003430                divmod_u64u64
                0x10003430                div_u64u64
                0x10003430                __wrap___aeabi_uldivmod
                0x10003440                divmod_u64u64_savestate
                0x10003460                divmod_s64s64_unsafe
                0x100034e8                divmod_u64u64_unsafe
 .text.__wrap___aeabi_darithmetic
                0x10003824       0x60 CMakeFiles/oled.dir/Users/amerilain/pico/pico-sdk/src/rp2_common/pico_double/double_aeabi.S.obj
                0x10003824                __wrap___aeabi_drsub
                0x1000382a                __wrap___aeabi_dsub
                0x10003834                __wrap___aeabi_dadd
                0x1000383e                __wrap___aeabi_ddiv
                0x10003872                __wrap___aeabi_dmul
 .text.__wrap___aeabi_cdcmple
                0x10003884       0x6c CMakeFiles/oled.dir/Users/amerilain/pico/pico-sdk/src/rp2_common/pico_double/double_aeabi.S.obj
                0x10003884                __wrap___aeabi_cdrcmple
                0x10003894                __wrap___aeabi_cdcmple
                0x10003894                __wrap___aeabi_cdcmpeq
 .text.__wrap___aeabi_dcmplt
                0x100038f0        0xc CMakeFiles/oled.dir/Users/amerilain/pico/pico-sdk/src/rp2_common/pico_double/double_aeabi.S.obj
                0x100038f0                __wrap___aeabi_dcmplt
 .text.__wrap___aeabi_dcmple
                0x100038fc       0x10 CMakeFiles/oled.dir/Users/amerilain/pico/pico-sdk/src/rp2_common/pico_double/double_aeabi.S.obj
                0x100038fc                __wrap___aeabi_dcmple
 .text.__wrap___aeabi_dcmpge
                0x1000390c       0x10 CMakeFiles/oled.dir/Users/amerilain/pico/pico-sdk/src/rp2_common/pico_double/double_aeabi.S.obj
                0x1000390c                __wrap___aeabi_dcmpge
 .text.__wrap___aeabi_dcmpgt
                0x1000391c        0xa CMakeFiles/oled.dir/Users/amerilain/pico/pico-sdk/src/rp2_common/pico_double/double_aeabi.S.obj
                0x1000391c                __wrap___aeabi_dcmpgt
 .text.__wrap___aeabi_dcmpun
                0x10003926       0x1c CMakeFiles/oled.dir/Users/amerilain/pico/pico-sdk/src/rp2_common/pico_double/double_aeabi.S.obj
                0x10003926                __wrap___aeabi_dcmpun
 *fill*         0x10003942        0x2 
 .text.__wrap___aeabi_i2d
                0x10003944       0x38 CMakeFiles/oled.dir/Users/amerilain/pico/pico-sdk/src/rp2_common/pico_double/double_aeabi.S.obj
                0x10003944                __wrap___aeabi_ui2d
                0x1000394c                __wrap___aeabi_i2d
 .text.__wrap___aeabi_d2iz
                0x1000397c       0x48 CMakeFiles/oled.dir/Users/amerilain/pico/pico-sdk/src/rp2_common/pico_double/double_aeabi.S.obj
                0x1000397c                __wrap___aeabi_d2iz
                0x1000397c                double2int_z
 .text.__wrap___aeabi_d2uiz
                0x100039c4       0x10 CMakeFiles/oled.dir/Users/amerilain/pico/pico-sdk/src/rp2_common/pico_double/double_aeabi.S.obj
                0x100039c4                double2uint
                0x100039c4                __wrap___aeabi_d2uiz
 .text.missing_double_func_shim
                0x100039d4        0xc CMakeFiles/oled.dir/Users/amerilain/pico/pico-sdk/src/rp2_common/pico_double/double_init_rom.c.obj
 .text.__aeabi_double_init
                0x100039e0       0xd0 CMakeFiles/oled.dir/Users/amerilain/pico/pico-sdk/src/rp2_common/pico_double/double_init_rom.c.obj
                0x100039e0                __aeabi_double_init
 .text.double_table_shim_on_use_helper
                0x10003ab0       0x34 CMakeFiles/oled.dir/Users/amerilain/pico/pico-sdk/src/rp2_common/pico_double/double_v1_rom_shim.S.obj
                0x10003ab0                double_table_shim_on_use_helper
 .text.__aeabi_lmul
                0x10003ae4       0x32 CMakeFiles/oled.dir/Users/amerilain/pico/pico-sdk/src/rp2_common/pico_int64_ops/pico_int64_ops_aeabi.S.obj
                0x10003ae4                __wrap___aeabi_lmul
 *fill*         0x10003b16        0x2 
 .text.missing_float_func_shim
                0x10003b18        0xc CMakeFiles/oled.dir/Users/amerilain/pico/pico-sdk/src/rp2_common/pico_float/float_init_rom.c.obj
 .text.__aeabi_float_init
                0x10003b24       0x88 CMakeFiles/oled.dir/Users/amerilain/pico/pico-sdk/src/rp2_common/pico_float/float_init_rom.c.obj
                0x10003b24                __aeabi_float_init
 .text          0x10003bac       0x10 CMakeFiles/oled.dir/Users/amerilain/pico/pico-sdk/src/rp2_common/pico_mem_ops/mem_ops_aeabi.S.obj
                0x10003bac                __aeabi_mem_init
 .text.memset   0x10003bbc        0xc CMakeFiles/oled.dir/Users/amerilain/pico/pico-sdk/src/rp2_common/pico_mem_ops/mem_ops_aeabi.S.obj
                0x10003bbc                __wrap_memset
 .text.memcpy   0x10003bc8        0xc CMakeFiles/oled.dir/Users/amerilain/pico/pico-sdk/src/rp2_common/pico_mem_ops/mem_ops_aeabi.S.obj
                0x10003bc8                __wrap___aeabi_memcpy
                0x10003bc8                __wrap_memcpy
 .text.stdio_out_chars_no_crlf
                0x10003bd4        0xe CMakeFiles/oled.dir/Users/amerilain/pico/pico-sdk/src/rp2_common/pico_stdio/stdio.c.obj
 *fill*         0x10003be2        0x2 
 .text.stdio_out_chars_crlf
                0x10003be4       0x80 CMakeFiles/oled.dir/Users/amerilain/pico/pico-sdk/src/rp2_common/pico_stdio/stdio.c.obj
 .text.stdio_stack_buffer_flush
                0x10003c64       0x44 CMakeFiles/oled.dir/Users/amerilain/pico/pico-sdk/src/rp2_common/pico_stdio/stdio.c.obj
 .text.stdio_buffered_printer
                0x10003ca8       0x20 CMakeFiles/oled.dir/Users/amerilain/pico/pico-sdk/src/rp2_common/pico_stdio/stdio.c.obj
 .text.update_us_since_boot
                0x10003cc8       0x24 CMakeFiles/oled.dir/Users/amerilain/pico/pico-sdk/src/rp2_common/pico_stdio/stdio.c.obj
 .text.get_absolute_time
                0x10003cec       0x22 CMakeFiles/oled.dir/Users/amerilain/pico/pico-sdk/src/rp2_common/pico_stdio/stdio.c.obj
 *fill*         0x10003d0e        0x2 
 .text.delayed_by_ms
                0x10003d10       0x44 CMakeFiles/oled.dir/Users/amerilain/pico/pico-sdk/src/rp2_common/pico_stdio/stdio.c.obj
 .text.make_timeout_time_ms
                0x10003d54       0x20 CMakeFiles/oled.dir/Users/amerilain/pico/pico-sdk/src/rp2_common/pico_stdio/stdio.c.obj
 .text.stdout_serialize_begin
                0x10003d74       0x20 CMakeFiles/oled.dir/Users/amerilain/pico/pico-sdk/src/rp2_common/pico_stdio/stdio.c.obj
                0x10003d74                stdout_serialize_begin
 .text.stdout_serialize_end
                0x10003d94       0x10 CMakeFiles/oled.dir/Users/amerilain/pico/pico-sdk/src/rp2_common/pico_stdio/stdio.c.obj
                0x10003d94                stdout_serialize_end
 .text.stdio_put_string
                0x10003da4       0x98 CMakeFiles/oled.dir/Users/amerilain/pico/pico-sdk/src/rp2_common/pico_stdio/stdio.c.obj
 .text.stdio_set_driver_enabled
                0x10003e3c       0x2c CMakeFiles/oled.dir/Users/amerilain/pico/pico-sdk/src/rp2_common/pico_stdio/stdio.c.obj
                0x10003e3c                stdio_set_driver_enabled
 .text.stdio_flush
                0x10003e68       0x20 CMakeFiles/oled.dir/Users/amerilain/pico/pico-sdk/src/rp2_common/pico_stdio/stdio.c.obj
                0x10003e68                stdio_flush
 .text.__wrap_puts
                0x10003e88       0x1e CMakeFiles/oled.dir/Users/amerilain/pico/pico-sdk/src/rp2_common/pico_stdio/stdio.c.obj
                0x10003e88                __wrap_puts
 *fill*         0x10003ea6        0x2 
 .text.__wrap_vprintf
                0x10003ea8       0x40 CMakeFiles/oled.dir/Users/amerilain/pico/pico-sdk/src/rp2_common/pico_stdio/stdio.c.obj
                0x10003ea8                __wrap_vprintf
 .text.__wrap_printf
                0x10003ee8       0x18 CMakeFiles/oled.dir/Users/amerilain/pico/pico-sdk/src/rp2_common/pico_stdio/stdio.c.obj
                0x10003ee8                __wrap_printf
 .text.stdio_init_all
                0x10003f00        0x8 CMakeFiles/oled.dir/Users/amerilain/pico/pico-sdk/src/rp2_common/pico_stdio/stdio.c.obj
                0x10003f00                stdio_init_all
 .text.resetd_init
                0x10003f08        0x2 CMakeFiles/oled.dir/Users/amerilain/pico/pico-sdk/src/rp2_common/pico_stdio_usb/reset_interface.c.obj
 *fill*         0x10003f0a        0x2 
 .text.resetd_reset
                0x10003f0c        0xc CMakeFiles/oled.dir/Users/amerilain/pico/pico-sdk/src/rp2_common/pico_stdio_usb/reset_interface.c.obj
 .text.resetd_open
                0x10003f18       0x34 CMakeFiles/oled.dir/Users/amerilain/pico/pico-sdk/src/rp2_common/pico_stdio_usb/reset_interface.c.obj
 .text.resetd_xfer_cb
                0x10003f4c        0x4 CMakeFiles/oled.dir/Users/amerilain/pico/pico-sdk/src/rp2_common/pico_stdio_usb/reset_interface.c.obj
 .text.reset_usb_boot
                0x10003f50       0x18 CMakeFiles/oled.dir/Users/amerilain/pico/pico-sdk/src/rp2_common/pico_stdio_usb/reset_interface.c.obj
 .text.resetd_control_xfer_cb
                0x10003f68       0x5c CMakeFiles/oled.dir/Users/amerilain/pico/pico-sdk/src/rp2_common/pico_stdio_usb/reset_interface.c.obj
 .text.usbd_app_driver_get_cb
                0x10003fc4        0xc CMakeFiles/oled.dir/Users/amerilain/pico/pico-sdk/src/rp2_common/pico_stdio_usb/reset_interface.c.obj
                0x10003fc4                usbd_app_driver_get_cb
 .text.tud_cdc_line_coding_cb
                0x10003fd0       0x28 CMakeFiles/oled.dir/Users/amerilain/pico/pico-sdk/src/rp2_common/pico_stdio_usb/reset_interface.c.obj
                0x10003fd0                tud_cdc_line_coding_cb
 .text.stdio_usb_set_chars_available_callback
                0x10003ff8       0x14 CMakeFiles/oled.dir/Users/amerilain/pico/pico-sdk/src/rp2_common/pico_stdio_usb/stdio_usb.c.obj
                0x10003ff8                stdio_usb_set_chars_available_callback
 .text.update_us_since_boot
                0x1000400c       0x24 CMakeFiles/oled.dir/Users/amerilain/pico/pico-sdk/src/rp2_common/pico_stdio_usb/stdio_usb.c.obj
 .text.get_absolute_time
                0x10004030       0x22 CMakeFiles/oled.dir/Users/amerilain/pico/pico-sdk/src/rp2_common/pico_stdio_usb/stdio_usb.c.obj
 *fill*         0x10004052        0x2 
 .text.delayed_by_ms
                0x10004054       0x44 CMakeFiles/oled.dir/Users/amerilain/pico/pico-sdk/src/rp2_common/pico_stdio_usb/stdio_usb.c.obj
 .text.make_timeout_time_ms
                0x10004098       0x20 CMakeFiles/oled.dir/Users/amerilain/pico/pico-sdk/src/rp2_common/pico_stdio_usb/stdio_usb.c.obj
 .text.delayed_by_us
                0x100040b8       0x34 CMakeFiles/oled.dir/Users/amerilain/pico/pico-sdk/src/rp2_common/pico_stdio_usb/stdio_usb.c.obj
 .text.usb_irq  0x100040ec       0x10 CMakeFiles/oled.dir/Users/amerilain/pico/pico-sdk/src/rp2_common/pico_stdio_usb/stdio_usb.c.obj
 .text.critical_section_enter_blocking
                0x100040fc       0x16 CMakeFiles/oled.dir/Users/amerilain/pico/pico-sdk/src/rp2_common/pico_stdio_usb/stdio_usb.c.obj
 *fill*         0x10004112        0x2 
 .text.timer_task
                0x10004114       0x4c CMakeFiles/oled.dir/Users/amerilain/pico/pico-sdk/src/rp2_common/pico_stdio_usb/stdio_usb.c.obj
 .text.alarm_pool_add_alarm_in_us
                0x10004160       0x3a CMakeFiles/oled.dir/Users/amerilain/pico/pico-sdk/src/rp2_common/pico_stdio_usb/stdio_usb.c.obj
 .text.add_alarm_in_us
                0x1000419a       0x2e CMakeFiles/oled.dir/Users/amerilain/pico/pico-sdk/src/rp2_common/pico_stdio_usb/stdio_usb.c.obj
 .text.low_priority_worker_irq
                0x100041c8       0x7c CMakeFiles/oled.dir/Users/amerilain/pico/pico-sdk/src/rp2_common/pico_stdio_usb/stdio_usb.c.obj
 .text.tud_cdc_rx_cb
                0x10004244       0x20 CMakeFiles/oled.dir/Users/amerilain/pico/pico-sdk/src/rp2_common/pico_stdio_usb/stdio_usb.c.obj
                0x10004244                tud_cdc_rx_cb
 .text.stdio_usb_init
                0x10004264       0xd0 CMakeFiles/oled.dir/Users/amerilain/pico/pico-sdk/src/rp2_common/pico_stdio_usb/stdio_usb.c.obj
                0x10004264                stdio_usb_init
 .text.stdio_usb_connected
                0x10004334        0xa CMakeFiles/oled.dir/Users/amerilain/pico/pico-sdk/src/rp2_common/pico_stdio_usb/stdio_usb.c.obj
                0x10004334                stdio_usb_connected
 *fill*         0x1000433e        0x2 
 .text.stdio_usb_in_chars
                0x10004340       0x88 CMakeFiles/oled.dir/Users/amerilain/pico/pico-sdk/src/rp2_common/pico_stdio_usb/stdio_usb.c.obj
                0x10004340                stdio_usb_in_chars
 .text.stdio_usb_out_chars
                0x100043c8       0xd8 CMakeFiles/oled.dir/Users/amerilain/pico/pico-sdk/src/rp2_common/pico_stdio_usb/stdio_usb.c.obj
 .text.tud_descriptor_device_cb
                0x100044a0        0x8 CMakeFiles/oled.dir/Users/amerilain/pico/pico-sdk/src/rp2_common/pico_stdio_usb/stdio_usb_descriptors.c.obj
                0x100044a0                tud_descriptor_device_cb
 .text.tud_descriptor_configuration_cb
                0x100044a8        0x8 CMakeFiles/oled.dir/Users/amerilain/pico/pico-sdk/src/rp2_common/pico_stdio_usb/stdio_usb_descriptors.c.obj
                0x100044a8                tud_descriptor_configuration_cb
 .text.tud_descriptor_string_cb
                0x100044b0       0x6c CMakeFiles/oled.dir/Users/amerilain/pico/pico-sdk/src/rp2_common/pico_stdio_usb/stdio_usb_descriptors.c.obj
                0x100044b0                tud_descriptor_string_cb
 .text._retrieve_unique_id_on_boot
                0x1000451c       0x10 CMakeFiles/oled.dir/Users/amerilain/pico/pico-sdk/src/rp2_common/pico_unique_id/unique_id.c.obj
 .text.pico_get_unique_board_id_string
                0x1000452c       0x5c CMakeFiles/oled.dir/Users/amerilain/pico/pico-sdk/src/rp2_common/pico_unique_id/unique_id.c.obj
                0x1000452c                pico_get_unique_board_id_string
 .text.flash_get_unique_id
                0x10004588       0x40 CMakeFiles/oled.dir/Users/amerilain/pico/pico-sdk/src/rp2_common/hardware_flash/flash.c.obj
                0x10004588                flash_get_unique_id
 .text.hw_endpoint_get_by_addr
                0x100045c8       0x18 CMakeFiles/oled.dir/Users/amerilain/pico/pico-sdk/lib/tinyusb/src/portable/raspberrypi/rp2040/dcd_rp2040.c.obj
 .text._hw_endpoint_alloc
                0x100045e0       0x70 CMakeFiles/oled.dir/Users/amerilain/pico/pico-sdk/lib/tinyusb/src/portable/raspberrypi/rp2040/dcd_rp2040.c.obj
 .text.hw_endpoint_init
                0x10004650       0x88 CMakeFiles/oled.dir/Users/amerilain/pico/pico-sdk/lib/tinyusb/src/portable/raspberrypi/rp2040/dcd_rp2040.c.obj
 .text.dcd_event_sof
                0x100046d8       0x2c CMakeFiles/oled.dir/Users/amerilain/pico/pico-sdk/lib/tinyusb/src/portable/raspberrypi/rp2040/dcd_rp2040.c.obj
 .text.hw_endpoint_xfer
                0x10004704       0x14 CMakeFiles/oled.dir/Users/amerilain/pico/pico-sdk/lib/tinyusb/src/portable/raspberrypi/rp2040/dcd_rp2040.c.obj
 .text.dcd_int_enable
                0x10004718       0x2c CMakeFiles/oled.dir/Users/amerilain/pico/pico-sdk/lib/tinyusb/src/portable/raspberrypi/rp2040/dcd_rp2040.c.obj
                0x10004718                dcd_int_enable
 .text.dcd_set_address
                0x10004744       0x2c CMakeFiles/oled.dir/Users/amerilain/pico/pico-sdk/lib/tinyusb/src/portable/raspberrypi/rp2040/dcd_rp2040.c.obj
                0x10004744                dcd_set_address
 .text.dcd_connect
                0x10004770       0x10 CMakeFiles/oled.dir/Users/amerilain/pico/pico-sdk/lib/tinyusb/src/portable/raspberrypi/rp2040/dcd_rp2040.c.obj
                0x10004770                dcd_connect
 .text.dcd_init
                0x10004780       0x80 CMakeFiles/oled.dir/Users/amerilain/pico/pico-sdk/lib/tinyusb/src/portable/raspberrypi/rp2040/dcd_rp2040.c.obj
                0x10004780                dcd_init
 .text.dcd_edpt0_status_complete
                0x10004800       0x1c CMakeFiles/oled.dir/Users/amerilain/pico/pico-sdk/lib/tinyusb/src/portable/raspberrypi/rp2040/dcd_rp2040.c.obj
                0x10004800                dcd_edpt0_status_complete
 .text.dcd_edpt_open
                0x1000481c       0x40 CMakeFiles/oled.dir/Users/amerilain/pico/pico-sdk/lib/tinyusb/src/portable/raspberrypi/rp2040/dcd_rp2040.c.obj
                0x1000481c                dcd_edpt_open
 .text.dcd_edpt_close_all
                0x1000485c        0x8 CMakeFiles/oled.dir/Users/amerilain/pico/pico-sdk/lib/tinyusb/src/portable/raspberrypi/rp2040/dcd_rp2040.c.obj
                0x1000485c                dcd_edpt_close_all
 .text.dcd_edpt_xfer
                0x10004864       0x34 CMakeFiles/oled.dir/Users/amerilain/pico/pico-sdk/lib/tinyusb/src/portable/raspberrypi/rp2040/dcd_rp2040.c.obj
                0x10004864                dcd_edpt_xfer
 .text.dcd_edpt_stall
                0x10004898       0x2c CMakeFiles/oled.dir/Users/amerilain/pico/pico-sdk/lib/tinyusb/src/portable/raspberrypi/rp2040/dcd_rp2040.c.obj
                0x10004898                dcd_edpt_stall
 .text.dcd_edpt_clear_stall
                0x100048c4       0x20 CMakeFiles/oled.dir/Users/amerilain/pico/pico-sdk/lib/tinyusb/src/portable/raspberrypi/rp2040/dcd_rp2040.c.obj
                0x100048c4                dcd_edpt_clear_stall
 .text.rp2040_usb_init
                0x100048e4       0x4c CMakeFiles/oled.dir/Users/amerilain/pico/pico-sdk/lib/tinyusb/src/portable/raspberrypi/rp2040/rp2040_usb.c.obj
                0x100048e4                rp2040_usb_init
 .text.hw_endpoint_xfer_start
                0x10004930       0x50 CMakeFiles/oled.dir/Users/amerilain/pico/pico-sdk/lib/tinyusb/src/portable/raspberrypi/rp2040/rp2040_usb.c.obj
                0x10004930                hw_endpoint_xfer_start
 .text.configuration_reset
                0x10004980       0x84 CMakeFiles/oled.dir/Users/amerilain/pico/pico-sdk/lib/tinyusb/src/device/usbd.c.obj
 .text.critical_section_enter_blocking
                0x10004a04       0x16 CMakeFiles/oled.dir/Users/amerilain/pico/pico-sdk/lib/tinyusb/src/device/usbd.c.obj
 .text.usbd_reset
                0x10004a1a        0xc CMakeFiles/oled.dir/Users/amerilain/pico/pico-sdk/lib/tinyusb/src/device/usbd.c.obj
 .text.invoke_class_control
                0x10004a26       0x1a CMakeFiles/oled.dir/Users/amerilain/pico/pico-sdk/lib/tinyusb/src/device/usbd.c.obj
 .text.process_set_config
                0x10004a40      0x178 CMakeFiles/oled.dir/Users/amerilain/pico/pico-sdk/lib/tinyusb/src/device/usbd.c.obj
 .text.process_get_descriptor
                0x10004bb8       0xdc CMakeFiles/oled.dir/Users/amerilain/pico/pico-sdk/lib/tinyusb/src/device/usbd.c.obj
 .text.tud_mounted
                0x10004c94       0x10 CMakeFiles/oled.dir/Users/amerilain/pico/pico-sdk/lib/tinyusb/src/device/usbd.c.obj
                0x10004c94                tud_mounted
 .text.tud_suspended
                0x10004ca4       0x10 CMakeFiles/oled.dir/Users/amerilain/pico/pico-sdk/lib/tinyusb/src/device/usbd.c.obj
                0x10004ca4                tud_suspended
 .text.tud_inited
                0x10004cb4       0x14 CMakeFiles/oled.dir/Users/amerilain/pico/pico-sdk/lib/tinyusb/src/device/usbd.c.obj
                0x10004cb4                tud_inited
 .text.tud_init
                0x10004cc8       0xcc CMakeFiles/oled.dir/Users/amerilain/pico/pico-sdk/lib/tinyusb/src/device/usbd.c.obj
                0x10004cc8                tud_init
 .text.usbd_defer_func
                0x10004d94       0x2a CMakeFiles/oled.dir/Users/amerilain/pico/pico-sdk/lib/tinyusb/src/device/usbd.c.obj
                0x10004d94                usbd_defer_func
 *fill*         0x10004dbe        0x2 
 .text.usbd_edpt_open
                0x10004dc0       0x34 CMakeFiles/oled.dir/Users/amerilain/pico/pico-sdk/lib/tinyusb/src/device/usbd.c.obj
                0x10004dc0                usbd_edpt_open
 .text.usbd_open_edpt_pair
                0x10004df4       0x62 CMakeFiles/oled.dir/Users/amerilain/pico/pico-sdk/lib/tinyusb/src/device/usbd.c.obj
                0x10004df4                usbd_open_edpt_pair
 *fill*         0x10004e56        0x2 
 .text.usbd_edpt_claim
                0x10004e58       0x28 CMakeFiles/oled.dir/Users/amerilain/pico/pico-sdk/lib/tinyusb/src/device/usbd.c.obj
                0x10004e58                usbd_edpt_claim
 .text.usbd_edpt_release
                0x10004e80       0x28 CMakeFiles/oled.dir/Users/amerilain/pico/pico-sdk/lib/tinyusb/src/device/usbd.c.obj
                0x10004e80                usbd_edpt_release
 .text.usbd_edpt_xfer
                0x10004ea8       0x78 CMakeFiles/oled.dir/Users/amerilain/pico/pico-sdk/lib/tinyusb/src/device/usbd.c.obj
                0x10004ea8                usbd_edpt_xfer
 .text.usbd_edpt_stall
                0x10004f20       0x48 CMakeFiles/oled.dir/Users/amerilain/pico/pico-sdk/lib/tinyusb/src/device/usbd.c.obj
                0x10004f20                usbd_edpt_stall
 .text.usbd_edpt_clear_stall
                0x10004f68       0x48 CMakeFiles/oled.dir/Users/amerilain/pico/pico-sdk/lib/tinyusb/src/device/usbd.c.obj
                0x10004f68                usbd_edpt_clear_stall
 .text.usbd_edpt_stalled
                0x10004fb0       0x1c CMakeFiles/oled.dir/Users/amerilain/pico/pico-sdk/lib/tinyusb/src/device/usbd.c.obj
                0x10004fb0                usbd_edpt_stalled
 .text.process_control_request
                0x10004fcc      0x374 CMakeFiles/oled.dir/Users/amerilain/pico/pico-sdk/lib/tinyusb/src/device/usbd.c.obj
 .text.tud_task_ext
                0x10005340      0x1a8 CMakeFiles/oled.dir/Users/amerilain/pico/pico-sdk/lib/tinyusb/src/device/usbd.c.obj
                0x10005340                tud_task_ext
 .text._status_stage_xact
                0x100054e8       0x1a CMakeFiles/oled.dir/Users/amerilain/pico/pico-sdk/lib/tinyusb/src/device/usbd_control.c.obj
 *fill*         0x10005502        0x2 
 .text._data_stage_xact
                0x10005504       0x58 CMakeFiles/oled.dir/Users/amerilain/pico/pico-sdk/lib/tinyusb/src/device/usbd_control.c.obj
 .text.tud_control_status
                0x1000555c       0x28 CMakeFiles/oled.dir/Users/amerilain/pico/pico-sdk/lib/tinyusb/src/device/usbd_control.c.obj
                0x1000555c                tud_control_status
 .text.tud_control_xfer
                0x10005584       0x68 CMakeFiles/oled.dir/Users/amerilain/pico/pico-sdk/lib/tinyusb/src/device/usbd_control.c.obj
                0x10005584                tud_control_xfer
 .text.usbd_control_reset
                0x100055ec       0x14 CMakeFiles/oled.dir/Users/amerilain/pico/pico-sdk/lib/tinyusb/src/device/usbd_control.c.obj
                0x100055ec                usbd_control_reset
 .text.usbd_control_set_complete_callback
                0x10005600        0xc CMakeFiles/oled.dir/Users/amerilain/pico/pico-sdk/lib/tinyusb/src/device/usbd_control.c.obj
                0x10005600                usbd_control_set_complete_callback
 .text.usbd_control_set_request
                0x1000560c       0x1c CMakeFiles/oled.dir/Users/amerilain/pico/pico-sdk/lib/tinyusb/src/device/usbd_control.c.obj
                0x1000560c                usbd_control_set_request
 .text.usbd_control_xfer_cb
                0x10005628       0xbc CMakeFiles/oled.dir/Users/amerilain/pico/pico-sdk/lib/tinyusb/src/device/usbd_control.c.obj
                0x10005628                usbd_control_xfer_cb
 .text._prep_out_transaction
                0x100056e4       0x4a CMakeFiles/oled.dir/Users/amerilain/pico/pico-sdk/lib/tinyusb/src/class/cdc/cdc_device.c.obj
 *fill*         0x1000572e        0x2 
 .text.tud_cdc_n_connected
                0x10005730       0x38 CMakeFiles/oled.dir/Users/amerilain/pico/pico-sdk/lib/tinyusb/src/class/cdc/cdc_device.c.obj
                0x10005730                tud_cdc_n_connected
 .text.tud_cdc_n_available
                0x10005768       0x18 CMakeFiles/oled.dir/Users/amerilain/pico/pico-sdk/lib/tinyusb/src/class/cdc/cdc_device.c.obj
                0x10005768                tud_cdc_n_available
 .text.tud_cdc_n_read
                0x10005780       0x28 CMakeFiles/oled.dir/Users/amerilain/pico/pico-sdk/lib/tinyusb/src/class/cdc/cdc_device.c.obj
                0x10005780                tud_cdc_n_read
 .text.tud_cdc_n_write_flush
                0x100057a8       0xb8 CMakeFiles/oled.dir/Users/amerilain/pico/pico-sdk/lib/tinyusb/src/class/cdc/cdc_device.c.obj
                0x100057a8                tud_cdc_n_write_flush
 .text.tud_cdc_n_write
                0x10005860       0x38 CMakeFiles/oled.dir/Users/amerilain/pico/pico-sdk/lib/tinyusb/src/class/cdc/cdc_device.c.obj
                0x10005860                tud_cdc_n_write
 .text.tud_cdc_n_write_available
                0x10005898       0x1c CMakeFiles/oled.dir/Users/amerilain/pico/pico-sdk/lib/tinyusb/src/class/cdc/cdc_device.c.obj
                0x10005898                tud_cdc_n_write_available
 .text.cdcd_init
                0x100058b4       0xbc CMakeFiles/oled.dir/Users/amerilain/pico/pico-sdk/lib/tinyusb/src/class/cdc/cdc_device.c.obj
                0x100058b4                cdcd_init
 .text.cdcd_reset
                0x10005970       0x44 CMakeFiles/oled.dir/Users/amerilain/pico/pico-sdk/lib/tinyusb/src/class/cdc/cdc_device.c.obj
                0x10005970                cdcd_reset
 .text.cdcd_open
                0x100059b4       0xc4 CMakeFiles/oled.dir/Users/amerilain/pico/pico-sdk/lib/tinyusb/src/class/cdc/cdc_device.c.obj
                0x100059b4                cdcd_open
 .text.cdcd_control_xfer_cb
                0x10005a78      0x134 CMakeFiles/oled.dir/Users/amerilain/pico/pico-sdk/lib/tinyusb/src/class/cdc/cdc_device.c.obj
                0x10005a78                cdcd_control_xfer_cb
 .text.cdcd_xfer_cb
                0x10005bac      0x130 CMakeFiles/oled.dir/Users/amerilain/pico/pico-sdk/lib/tinyusb/src/class/cdc/cdc_device.c.obj
                0x10005bac                cdcd_xfer_cb
 .text.tusb_init
                0x10005cdc        0xa CMakeFiles/oled.dir/Users/amerilain/pico/pico-sdk/lib/tinyusb/src/tusb.c.obj
                0x10005cdc                tusb_init
 .text.tusb_inited
                0x10005ce6        0xe CMakeFiles/oled.dir/Users/amerilain/pico/pico-sdk/lib/tinyusb/src/tusb.c.obj
                0x10005ce6                tusb_inited
 .text.tu_edpt_claim
                0x10005cf4       0x50 CMakeFiles/oled.dir/Users/amerilain/pico/pico-sdk/lib/tinyusb/src/tusb.c.obj
                0x10005cf4                tu_edpt_claim
 .text.tu_edpt_release
                0x10005d44       0x38 CMakeFiles/oled.dir/Users/amerilain/pico/pico-sdk/lib/tinyusb/src/tusb.c.obj
                0x10005d44                tu_edpt_release
 .text.tu_edpt_validate
                0x10005d7c       0x78 CMakeFiles/oled.dir/Users/amerilain/pico/pico-sdk/lib/tinyusb/src/tusb.c.obj
                0x10005d7c                tu_edpt_validate
 .text.tu_edpt_bind_driver
                0x10005df4       0x26 CMakeFiles/oled.dir/Users/amerilain/pico/pico-sdk/lib/tinyusb/src/tusb.c.obj
                0x10005df4                tu_edpt_bind_driver
 .text.advance_index
                0x10005e1a       0x1a CMakeFiles/oled.dir/Users/amerilain/pico/pico-sdk/lib/tinyusb/src/common/tusb_fifo.c.obj
 .text._tu_fifo_peek
                0x10005e34       0x56 CMakeFiles/oled.dir/Users/amerilain/pico/pico-sdk/lib/tinyusb/src/common/tusb_fifo.c.obj
 .text._ff_pull_const_addr
                0x10005e8a       0x4c CMakeFiles/oled.dir/Users/amerilain/pico/pico-sdk/lib/tinyusb/src/common/tusb_fifo.c.obj
 .text._ff_pull_n
                0x10005ed6      0x110 CMakeFiles/oled.dir/Users/amerilain/pico/pico-sdk/lib/tinyusb/src/common/tusb_fifo.c.obj
 .text._tu_fifo_peek_n
                0x10005fe6       0x6a CMakeFiles/oled.dir/Users/amerilain/pico/pico-sdk/lib/tinyusb/src/common/tusb_fifo.c.obj
 .text._tu_fifo_read_n
                0x10006050       0x4e CMakeFiles/oled.dir/Users/amerilain/pico/pico-sdk/lib/tinyusb/src/common/tusb_fifo.c.obj
 .text._ff_push_const_addr
                0x1000609e       0x40 CMakeFiles/oled.dir/Users/amerilain/pico/pico-sdk/lib/tinyusb/src/common/tusb_fifo.c.obj
 .text._ff_push_n
                0x100060de      0x10c CMakeFiles/oled.dir/Users/amerilain/pico/pico-sdk/lib/tinyusb/src/common/tusb_fifo.c.obj
 .text._tu_fifo_write_n
                0x100061ea       0xf0 CMakeFiles/oled.dir/Users/amerilain/pico/pico-sdk/lib/tinyusb/src/common/tusb_fifo.c.obj
 .text.tu_fifo_config
                0x100062da       0x7c CMakeFiles/oled.dir/Users/amerilain/pico/pico-sdk/lib/tinyusb/src/common/tusb_fifo.c.obj
                0x100062da                tu_fifo_config
 .text.tu_fifo_count
                0x10006356       0x2a CMakeFiles/oled.dir/Users/amerilain/pico/pico-sdk/lib/tinyusb/src/common/tusb_fifo.c.obj
                0x10006356                tu_fifo_count
 .text.tu_fifo_empty
                0x10006380        0xe CMakeFiles/oled.dir/Users/amerilain/pico/pico-sdk/lib/tinyusb/src/common/tusb_fifo.c.obj
                0x10006380                tu_fifo_empty
 .text.tu_fifo_full
                0x1000638e       0x28 CMakeFiles/oled.dir/Users/amerilain/pico/pico-sdk/lib/tinyusb/src/common/tusb_fifo.c.obj
                0x1000638e                tu_fifo_full
 .text.tu_fifo_remaining
                0x100063b6       0x2c CMakeFiles/oled.dir/Users/amerilain/pico/pico-sdk/lib/tinyusb/src/common/tusb_fifo.c.obj
                0x100063b6                tu_fifo_remaining
 .text.tu_fifo_read
                0x100063e2       0x42 CMakeFiles/oled.dir/Users/amerilain/pico/pico-sdk/lib/tinyusb/src/common/tusb_fifo.c.obj
                0x100063e2                tu_fifo_read
 .text.tu_fifo_read_n
                0x10006424        0xa CMakeFiles/oled.dir/Users/amerilain/pico/pico-sdk/lib/tinyusb/src/common/tusb_fifo.c.obj
                0x10006424                tu_fifo_read_n
 .text.tu_fifo_write
                0x1000642e       0x64 CMakeFiles/oled.dir/Users/amerilain/pico/pico-sdk/lib/tinyusb/src/common/tusb_fifo.c.obj
                0x1000642e                tu_fifo_write
 .text.tu_fifo_write_n
                0x10006492        0xa CMakeFiles/oled.dir/Users/amerilain/pico/pico-sdk/lib/tinyusb/src/common/tusb_fifo.c.obj
                0x10006492                tu_fifo_write_n
 .text.tu_fifo_clear
                0x1000649c       0x3e CMakeFiles/oled.dir/Users/amerilain/pico/pico-sdk/lib/tinyusb/src/common/tusb_fifo.c.obj
                0x1000649c                tu_fifo_clear
 .text.tu_fifo_set_overwritable
                0x100064da       0x46 CMakeFiles/oled.dir/Users/amerilain/pico/pico-sdk/lib/tinyusb/src/common/tusb_fifo.c.obj
                0x100064da                tu_fifo_set_overwritable
 .text.strlen   0x10006520       0x5c /Applications/ArmGNUToolchain/13.2.Rel1/arm-none-eabi/bin/../lib/gcc/arm-none-eabi/13.2.1/../../../../arm-none-eabi/lib/thumb/v6-m/nofp/libg.a(libc_a-strlen-stub.o)
                0x10006520                strlen
 *(.fini)
 .fini          0x1000657c        0x4 /Applications/ArmGNUToolchain/13.2.Rel1/arm-none-eabi/bin/../lib/gcc/arm-none-eabi/13.2.1/thumb/v6-m/nofp/crti.o
                0x1000657c                _fini
 .fini.__stub   0x10006580       0xe0 linker stubs
 *crtbegin.o(.ctors)
 *crtbegin?.o(.ctors)
 *(EXCLUDE_FILE(*crtend.o *crtend?.o) .ctors)
 *(SORT_BY_NAME(.ctors.*))
 *(.ctors)
 *crtbegin.o(.dtors)
 *crtbegin?.o(.dtors)
 *(EXCLUDE_FILE(*crtend.o *crtend?.o) .dtors)
 *(SORT_BY_NAME(.dtors.*))
 *(.dtors)
 *(.eh_frame*)
 .eh_frame      0x10006660        0x0 /Applications/ArmGNUToolchain/13.2.Rel1/arm-none-eabi/bin/../lib/gcc/arm-none-eabi/13.2.1/thumb/v6-m/nofp/crtbegin.o
                0x10006660                        . = ALIGN (0x4)

.glue_7         0x10006660        0x0
 .glue_7        0x10006660        0x0 linker stubs

.glue_7t        0x10006660        0x0
 .glue_7t       0x10006660        0x0 linker stubs

.vfp11_veneer   0x10006660        0x0
 .vfp11_veneer  0x10006660        0x0 linker stubs

.v4_bx          0x10006660        0x0
 .v4_bx         0x10006660        0x0 linker stubs

.iplt           0x10006660        0x0
 .iplt          0x10006660        0x0 /Applications/ArmGNUToolchain/13.2.Rel1/arm-none-eabi/bin/../lib/gcc/arm-none-eabi/13.2.1/thumb/v6-m/nofp/crtbegin.o

.rodata         0x10006660     0x1568
 *(EXCLUDE_FILE(*libm.a: *libc.a:*lib_a-mem*.o *libgcc.a:) .rodata*)
 .rodata.main.str1.4
                0x10006660      0xebf CMakeFiles/oled.dir/main.c.obj
                                  0xf (size before relaxing)
 .rodata.spin_lock_claim_unused.str1.4
                0x1000751f       0x1b CMakeFiles/oled.dir/Users/amerilain/pico/pico-sdk/src/rp2_common/hardware_sync/sync.c.obj
 .rodata.resolve_branch.str1.4
                0x1000751f       0x59 CMakeFiles/oled.dir/Users/amerilain/pico/pico-sdk/src/rp2_common/hardware_irq/irq.c.obj
 .rodata.make_branch.str1.4
                0x1000751f       0x30 CMakeFiles/oled.dir/Users/amerilain/pico/pico-sdk/src/rp2_common/hardware_irq/irq.c.obj
 .rodata.insert_branch_and_link.str1.4
                0x1000751f       0x10 CMakeFiles/oled.dir/Users/amerilain/pico/pico-sdk/src/rp2_common/hardware_irq/irq.c.obj
 .rodata.irq_set_exclusive_handler.str1.4
                0x1000751f       0x36 CMakeFiles/oled.dir/Users/amerilain/pico/pico-sdk/src/rp2_common/hardware_irq/irq.c.obj
 .rodata.irq_add_shared_handler.str1.4
                0x1000751f       0xc2 CMakeFiles/oled.dir/Users/amerilain/pico/pico-sdk/src/rp2_common/hardware_irq/irq.c.obj
 .rodata.irq_remove_handler.str1.4
                0x1000751f       0x3a CMakeFiles/oled.dir/Users/amerilain/pico/pico-sdk/src/rp2_common/hardware_irq/irq.c.obj
 .rodata.irq_add_tail_to_free_list.str1.4
                0x1000751f       0x3a CMakeFiles/oled.dir/Users/amerilain/pico/pico-sdk/src/rp2_common/hardware_irq/irq.c.obj
 .rodata.user_irq_claim_unused.str1.4
                0x1000751f       0x1b CMakeFiles/oled.dir/Users/amerilain/pico/pico-sdk/src/rp2_common/hardware_irq/irq.c.obj
 *fill*         0x1000751f        0x1 
 .rodata.__func__.0
                0x10007520       0x1a CMakeFiles/oled.dir/Users/amerilain/pico/pico-sdk/src/rp2_common/hardware_irq/irq.c.obj
 *fill*         0x1000753a        0x2 
 .rodata.__func__.1
                0x1000753c       0x17 CMakeFiles/oled.dir/Users/amerilain/pico/pico-sdk/src/rp2_common/hardware_irq/irq.c.obj
 *fill*         0x10007553        0x1 
 .rodata.__func__.2
                0x10007554       0x13 CMakeFiles/oled.dir/Users/amerilain/pico/pico-sdk/src/rp2_common/hardware_irq/irq.c.obj
 *fill*         0x10007567        0x1 
 .rodata.__func__.3
                0x10007568        0xc CMakeFiles/oled.dir/Users/amerilain/pico/pico-sdk/src/rp2_common/hardware_irq/irq.c.obj
 .rodata.__func__.4
                0x10007574        0xf CMakeFiles/oled.dir/Users/amerilain/pico/pico-sdk/src/rp2_common/hardware_irq/irq.c.obj
 *fill*         0x10007583        0x1 
 .rodata.__func__.5
                0x10007584       0x17 CMakeFiles/oled.dir/Users/amerilain/pico/pico-sdk/src/rp2_common/hardware_irq/irq.c.obj
 *fill*         0x1000759b        0x1 
 .rodata.__func__.6
                0x1000759c       0x1a CMakeFiles/oled.dir/Users/amerilain/pico/pico-sdk/src/rp2_common/hardware_irq/irq.c.obj
 .rodata.update_us_since_boot.str1.4
                0x100075b6       0x65 CMakeFiles/oled.dir/Users/amerilain/pico/pico-sdk/src/common/pico_sync/mutex.c.obj
 .rodata.str1.4
                0x100075b6       0x8d CMakeFiles/oled.dir/Users/amerilain/pico/pico-sdk/src/common/pico_sync/mutex.c.obj
 *fill*         0x100075b6        0x2 
 .rodata.__func__.1
                0x100075b8        0xb CMakeFiles/oled.dir/Users/amerilain/pico/pico-sdk/src/common/pico_sync/mutex.c.obj
 *fill*         0x100075c3        0x1 
 .rodata.__func__.3
                0x100075c4       0x18 CMakeFiles/oled.dir/Users/amerilain/pico/pico-sdk/src/common/pico_sync/mutex.c.obj
 .rodata.__func__.4
                0x100075dc       0x15 CMakeFiles/oled.dir/Users/amerilain/pico/pico-sdk/src/common/pico_sync/mutex.c.obj
 .rodata.get_entry.str1.4
                0x100075f1       0x5f CMakeFiles/oled.dir/Users/amerilain/pico/pico-sdk/src/common/pico_time/time.c.obj
 .rodata.update_us_since_boot.str1.4
                0x100075f1       0x65 CMakeFiles/oled.dir/Users/amerilain/pico/pico-sdk/src/common/pico_time/time.c.obj
 .rodata.ph_get_node.str1.4
                0x100075f1       0x6a CMakeFiles/oled.dir/Users/amerilain/pico/pico-sdk/src/common/pico_time/time.c.obj
 .rodata.ph_add_child_node.str1.4
                0x100075f1       0x2e CMakeFiles/oled.dir/Users/amerilain/pico/pico-sdk/src/common/pico_time/time.c.obj
 .rodata.ph_insert_node.str1.4
                0x100075f1        0x3 CMakeFiles/oled.dir/Users/amerilain/pico/pico-sdk/src/common/pico_time/time.c.obj
 .rodata.ph_free_node.str1.4
                0x100075f1       0x38 CMakeFiles/oled.dir/Users/amerilain/pico/pico-sdk/src/common/pico_time/time.c.obj
 .rodata.add_alarm_under_lock.str1.4
                0x100075f1       0x28 CMakeFiles/oled.dir/Users/amerilain/pico/pico-sdk/src/common/pico_time/time.c.obj
 .rodata.alarm_pool_alarm_callback.str1.4
                0x100075f1       0x60 CMakeFiles/oled.dir/Users/amerilain/pico/pico-sdk/src/common/pico_time/time.c.obj
 .rodata.alarm_pool_get_default.str1.4
                0x100075f1       0x21 CMakeFiles/oled.dir/Users/amerilain/pico/pico-sdk/src/common/pico_time/time.c.obj
 .rodata.alarm_pool_cancel_alarm.str1.4
                0x100075f1       0x27 CMakeFiles/oled.dir/Users/amerilain/pico/pico-sdk/src/common/pico_time/time.c.obj
 .rodata.sleep_until.str1.4
                0x100075f1       0x4d CMakeFiles/oled.dir/Users/amerilain/pico/pico-sdk/src/common/pico_time/time.c.obj
 *fill*         0x100075f1        0x3 
 .rodata.__func__.1
                0x100075f4       0x18 CMakeFiles/oled.dir/Users/amerilain/pico/pico-sdk/src/common/pico_time/time.c.obj
 .rodata.__func__.3
                0x1000760c       0x17 CMakeFiles/oled.dir/Users/amerilain/pico/pico-sdk/src/common/pico_time/time.c.obj
 *fill*         0x10007623        0x1 
 .rodata.__func__.4
                0x10007624       0x12 CMakeFiles/oled.dir/Users/amerilain/pico/pico-sdk/src/common/pico_time/time.c.obj
 *fill*         0x10007636        0x2 
 .rodata.__func__.5
                0x10007638        0xd CMakeFiles/oled.dir/Users/amerilain/pico/pico-sdk/src/common/pico_time/time.c.obj
 *fill*         0x10007645        0x3 
 .rodata.__func__.6
                0x10007648       0x12 CMakeFiles/oled.dir/Users/amerilain/pico/pico-sdk/src/common/pico_time/time.c.obj
 *fill*         0x1000765a        0x2 
 .rodata.__func__.7
                0x1000765c        0xf CMakeFiles/oled.dir/Users/amerilain/pico/pico-sdk/src/common/pico_time/time.c.obj
 *fill*         0x1000766b        0x1 
 .rodata.__func__.8
                0x1000766c        0xc CMakeFiles/oled.dir/Users/amerilain/pico/pico-sdk/src/common/pico_time/time.c.obj
 .rodata.__func__.9
                0x10007678       0x15 CMakeFiles/oled.dir/Users/amerilain/pico/pico-sdk/src/common/pico_time/time.c.obj
 *fill*         0x1000768d        0x3 
 .rodata.__func__.10
                0x10007690       0x15 CMakeFiles/oled.dir/Users/amerilain/pico/pico-sdk/src/common/pico_time/time.c.obj
 *fill*         0x100076a5        0x3 
 .rodata.__func__.11
                0x100076a8       0x1a CMakeFiles/oled.dir/Users/amerilain/pico/pico-sdk/src/common/pico_time/time.c.obj
 *fill*         0x100076c2        0x2 
 .rodata.__func__.12
                0x100076c4        0xa CMakeFiles/oled.dir/Users/amerilain/pico/pico-sdk/src/common/pico_time/time.c.obj
 .rodata.hardware_alarm_claim.str1.4
                0x100076ce       0x22 CMakeFiles/oled.dir/Users/amerilain/pico/pico-sdk/src/rp2_common/hardware_timer/timer.c.obj
 .rodata.hardware_alarm_set_target.str1.4
                0x100076ce       0x69 CMakeFiles/oled.dir/Users/amerilain/pico/pico-sdk/src/rp2_common/hardware_timer/timer.c.obj
 *fill*         0x100076ce        0x2 
 .rodata.__func__.0
                0x100076d0       0x1a CMakeFiles/oled.dir/Users/amerilain/pico/pico-sdk/src/rp2_common/hardware_timer/timer.c.obj
 .rodata.ph_get_node.str1.4
                0x100076ea       0x6a CMakeFiles/oled.dir/Users/amerilain/pico/pico-sdk/src/common/pico_util/pheap.c.obj
 .rodata.ph_add_child_node.str1.4
                0x100076ea       0x2e CMakeFiles/oled.dir/Users/amerilain/pico/pico-sdk/src/common/pico_util/pheap.c.obj
 .rodata.ph_remove_any_head.str1.4
                0x100076ea       0xa4 CMakeFiles/oled.dir/Users/amerilain/pico/pico-sdk/src/common/pico_util/pheap.c.obj
 .rodata.ph_remove_and_free_node.str1.4
                0x100076ea       0x26 CMakeFiles/oled.dir/Users/amerilain/pico/pico-sdk/src/common/pico_util/pheap.c.obj
 *fill*         0x100076ea        0x2 
 .rodata.__func__.0
                0x100076ec       0x18 CMakeFiles/oled.dir/Users/amerilain/pico/pico-sdk/src/common/pico_util/pheap.c.obj
 .rodata.__func__.1
                0x10007704       0x13 CMakeFiles/oled.dir/Users/amerilain/pico/pico-sdk/src/common/pico_util/pheap.c.obj
 *fill*         0x10007717        0x1 
 .rodata.__func__.2
                0x10007718       0x12 CMakeFiles/oled.dir/Users/amerilain/pico/pico-sdk/src/common/pico_util/pheap.c.obj
 *fill*         0x1000772a        0x2 
 .rodata.__func__.3
                0x1000772c        0xc CMakeFiles/oled.dir/Users/amerilain/pico/pico-sdk/src/common/pico_util/pheap.c.obj
 .rodata.clock_configure.str1.4
                0x10007738       0x5b CMakeFiles/oled.dir/Users/amerilain/pico/pico-sdk/src/rp2_common/hardware_clocks/clocks.c.obj
 .rodata.__func__.1
                0x10007738       0x10 CMakeFiles/oled.dir/Users/amerilain/pico/pico-sdk/src/rp2_common/hardware_clocks/clocks.c.obj
 .rodata.pll_init.str1.4
                0x10007748      0x128 CMakeFiles/oled.dir/Users/amerilain/pico/pico-sdk/src/rp2_common/hardware_pll/pll.c.obj
 .rodata.__func__.0
                0x10007748        0x9 CMakeFiles/oled.dir/Users/amerilain/pico/pico-sdk/src/rp2_common/hardware_pll/pll.c.obj
 .rodata.__assert_func.str1.4
                0x10007751       0x43 CMakeFiles/oled.dir/Users/amerilain/pico/pico-sdk/src/rp2_common/pico_runtime/runtime.c.obj
 .rodata.runtime_init.str1.4
                0x10007751       0x65 CMakeFiles/oled.dir/Users/amerilain/pico/pico-sdk/src/rp2_common/pico_runtime/runtime.c.obj
 .rodata.panic.str1.4
                0x10007751       0x12 CMakeFiles/oled.dir/Users/amerilain/pico/pico-sdk/src/rp2_common/pico_runtime/runtime.c.obj
 *fill*         0x10007751        0x3 
 .rodata.__func__.2
                0x10007754        0xd CMakeFiles/oled.dir/Users/amerilain/pico/pico-sdk/src/rp2_common/pico_runtime/runtime.c.obj
 .rodata._ftoa.str1.4
                0x10007761       0x15 CMakeFiles/oled.dir/Users/amerilain/pico/pico-sdk/src/rp2_common/pico_printf/printf.c.obj
 *fill*         0x10007761        0x3 
 .rodata._vsnprintf
                0x10007764      0x19c CMakeFiles/oled.dir/Users/amerilain/pico/pico-sdk/src/rp2_common/pico_printf/printf.c.obj
 .rodata.pow10.0
                0x10007900       0x50 CMakeFiles/oled.dir/Users/amerilain/pico/pico-sdk/src/rp2_common/pico_printf/printf.c.obj
 .rodata.missing_double_func_shim.str1.4
                0x10007950       0x18 CMakeFiles/oled.dir/Users/amerilain/pico/pico-sdk/src/rp2_common/pico_double/double_init_rom.c.obj
 .rodata.__aeabi_double_init.str1.4
                0x10007950       0xa0 CMakeFiles/oled.dir/Users/amerilain/pico/pico-sdk/src/rp2_common/pico_double/double_init_rom.c.obj
 .rodata.__func__.0
                0x10007950       0x14 CMakeFiles/oled.dir/Users/amerilain/pico/pico-sdk/src/rp2_common/pico_double/double_init_rom.c.obj
 .rodata.missing_float_func_shim.str1.4
                0x10007964        0x1 CMakeFiles/oled.dir/Users/amerilain/pico/pico-sdk/src/rp2_common/pico_float/float_init_rom.c.obj
 .rodata.__aeabi_float_init.str1.4
                0x10007964       0x7e CMakeFiles/oled.dir/Users/amerilain/pico/pico-sdk/src/rp2_common/pico_float/float_init_rom.c.obj
 .rodata.__func__.0
                0x10007964       0x13 CMakeFiles/oled.dir/Users/amerilain/pico/pico-sdk/src/rp2_common/pico_float/float_init_rom.c.obj
 .rodata.str1.4
                0x10007977       0x3c CMakeFiles/oled.dir/Users/amerilain/pico/pico-sdk/src/rp2_common/pico_standard_link/binary_info.c.obj
 *fill*         0x10007977        0x1 
 .rodata.__bi_81
                0x10007978        0xc CMakeFiles/oled.dir/Users/amerilain/pico/pico-sdk/src/rp2_common/pico_standard_link/binary_info.c.obj
 .rodata.__bi_75
                0x10007984        0xc CMakeFiles/oled.dir/Users/amerilain/pico/pico-sdk/src/rp2_common/pico_standard_link/binary_info.c.obj
 .rodata.__bi_44
                0x10007990        0xc CMakeFiles/oled.dir/Users/amerilain/pico/pico-sdk/src/rp2_common/pico_standard_link/binary_info.c.obj
 .rodata.update_us_since_boot.str1.4
                0x1000799c       0x65 CMakeFiles/oled.dir/Users/amerilain/pico/pico-sdk/src/rp2_common/pico_stdio/stdio.c.obj
 .rodata.crlf_str.2
                0x1000799c        0x2 CMakeFiles/oled.dir/Users/amerilain/pico/pico-sdk/src/rp2_common/pico_stdio/stdio.c.obj
 *fill*         0x1000799e        0x2 
 .rodata.__func__.3
                0x100079a0       0x15 CMakeFiles/oled.dir/Users/amerilain/pico/pico-sdk/src/rp2_common/pico_stdio/stdio.c.obj
 *fill*         0x100079b5        0x3 
 .rodata._resetd_driver
                0x100079b8       0x18 CMakeFiles/oled.dir/Users/amerilain/pico/pico-sdk/src/rp2_common/pico_stdio_usb/reset_interface.c.obj
 .rodata.update_us_since_boot.str1.4
                0x100079d0       0x65 CMakeFiles/oled.dir/Users/amerilain/pico/pico-sdk/src/rp2_common/pico_stdio_usb/stdio_usb.c.obj
 .rodata.stdio_usb_init.str1.4
                0x100079d0       0x51 CMakeFiles/oled.dir/Users/amerilain/pico/pico-sdk/src/rp2_common/pico_stdio_usb/stdio_usb.c.obj
 .rodata.str1.4
                0x100079d0       0x13 CMakeFiles/oled.dir/Users/amerilain/pico/pico-sdk/src/rp2_common/pico_stdio_usb/stdio_usb.c.obj
 .rodata.__bi_182.0
                0x100079d0        0xc CMakeFiles/oled.dir/Users/amerilain/pico/pico-sdk/src/rp2_common/pico_stdio_usb/stdio_usb.c.obj
 .rodata.__func__.1
                0x100079dc        0xf CMakeFiles/oled.dir/Users/amerilain/pico/pico-sdk/src/rp2_common/pico_stdio_usb/stdio_usb.c.obj
 *fill*         0x100079eb        0x1 
 .rodata.__func__.3
                0x100079ec       0x15 CMakeFiles/oled.dir/Users/amerilain/pico/pico-sdk/src/rp2_common/pico_stdio_usb/stdio_usb.c.obj
 .rodata.str1.4
                0x10007a01       0x2a CMakeFiles/oled.dir/Users/amerilain/pico/pico-sdk/src/rp2_common/pico_stdio_usb/stdio_usb_descriptors.c.obj
 *fill*         0x10007a01        0x3 
 .rodata.usbd_desc_str
                0x10007a04       0x18 CMakeFiles/oled.dir/Users/amerilain/pico/pico-sdk/src/rp2_common/pico_stdio_usb/stdio_usb_descriptors.c.obj
 .rodata.usbd_desc_cfg
                0x10007a1c       0x54 CMakeFiles/oled.dir/Users/amerilain/pico/pico-sdk/src/rp2_common/pico_stdio_usb/stdio_usb_descriptors.c.obj
 .rodata.usbd_desc_device
                0x10007a70       0x12 CMakeFiles/oled.dir/Users/amerilain/pico/pico-sdk/src/rp2_common/pico_stdio_usb/stdio_usb_descriptors.c.obj
 .rodata.pico_get_unique_board_id_string.str1.4
                0x10007a82       0x51 CMakeFiles/oled.dir/Users/amerilain/pico/pico-sdk/src/rp2_common/pico_unique_id/unique_id.c.obj
 *fill*         0x10007a82        0x2 
 .rodata.__func__.0
                0x10007a84       0x20 CMakeFiles/oled.dir/Users/amerilain/pico/pico-sdk/src/rp2_common/pico_unique_id/unique_id.c.obj
 .rodata.str1.4
                0x10007aa4      0x15e CMakeFiles/oled.dir/Users/amerilain/pico/pico-sdk/src/rp2_common/hardware_flash/flash.c.obj
 .rodata.__func__.0
                0x10007aa4        0xd CMakeFiles/oled.dir/Users/amerilain/pico/pico-sdk/src/rp2_common/hardware_flash/flash.c.obj
 .rodata._hw_endpoint_alloc.str1.4
                0x10007ab1       0xb9 CMakeFiles/oled.dir/Users/amerilain/pico/pico-sdk/lib/tinyusb/src/portable/raspberrypi/rp2040/dcd_rp2040.c.obj
 .rodata.str1.4
                0x10007ab1       0x14 CMakeFiles/oled.dir/Users/amerilain/pico/pico-sdk/lib/tinyusb/src/portable/raspberrypi/rp2040/dcd_rp2040.c.obj
 .rodata.dcd_int_enable.str1.4
                0x10007ab1        0xc CMakeFiles/oled.dir/Users/amerilain/pico/pico-sdk/lib/tinyusb/src/portable/raspberrypi/rp2040/dcd_rp2040.c.obj
 *fill*         0x10007ab1        0x3 
 .rodata.__func__.0
                0x10007ab4        0xe CMakeFiles/oled.dir/Users/amerilain/pico/pico-sdk/lib/tinyusb/src/portable/raspberrypi/rp2040/dcd_rp2040.c.obj
 *fill*         0x10007ac2        0x2 
 .rodata.__func__.1
                0x10007ac4        0xe CMakeFiles/oled.dir/Users/amerilain/pico/pico-sdk/lib/tinyusb/src/portable/raspberrypi/rp2040/dcd_rp2040.c.obj
 *fill*         0x10007ad2        0x2 
 .rodata.__func__.3
                0x10007ad4       0x10 CMakeFiles/oled.dir/Users/amerilain/pico/pico-sdk/lib/tinyusb/src/portable/raspberrypi/rp2040/dcd_rp2040.c.obj
 .rodata.__func__.5
                0x10007ae4        0xf CMakeFiles/oled.dir/Users/amerilain/pico/pico-sdk/lib/tinyusb/src/portable/raspberrypi/rp2040/dcd_rp2040.c.obj
 *fill*         0x10007af3        0x1 
 .rodata.__func__.6
                0x10007af4       0x13 CMakeFiles/oled.dir/Users/amerilain/pico/pico-sdk/lib/tinyusb/src/portable/raspberrypi/rp2040/dcd_rp2040.c.obj
 *fill*         0x10007b07        0x1 
 .rodata.__func__.7
                0x10007b08        0x9 CMakeFiles/oled.dir/Users/amerilain/pico/pico-sdk/lib/tinyusb/src/portable/raspberrypi/rp2040/dcd_rp2040.c.obj
 .rodata.str1.4
                0x10007b11       0xeb CMakeFiles/oled.dir/Users/amerilain/pico/pico-sdk/lib/tinyusb/src/portable/raspberrypi/rp2040/rp2040_usb.c.obj
 *fill*         0x10007b11        0x3 
 .rodata.__func__.0
                0x10007b14        0xf CMakeFiles/oled.dir/Users/amerilain/pico/pico-sdk/lib/tinyusb/src/portable/raspberrypi/rp2040/rp2040_usb.c.obj
 *fill*         0x10007b23        0x1 
 .rodata.process_get_descriptor
                0x10007b24       0x40 CMakeFiles/oled.dir/Users/amerilain/pico/pico-sdk/lib/tinyusb/src/device/usbd.c.obj
 .rodata.process_control_request
                0x10007b64       0x28 CMakeFiles/oled.dir/Users/amerilain/pico/pico-sdk/lib/tinyusb/src/device/usbd.c.obj
 .rodata.tud_task_ext
                0x10007b8c       0x24 CMakeFiles/oled.dir/Users/amerilain/pico/pico-sdk/lib/tinyusb/src/device/usbd.c.obj
 .rodata._usbd_driver
                0x10007bb0       0x18 CMakeFiles/oled.dir/Users/amerilain/pico/pico-sdk/lib/tinyusb/src/device/usbd.c.obj
                0x10007bc8                        . = ALIGN (0x4)
 *(SORT_BY_ALIGNMENT(SORT_BY_NAME(.flashdata*)))
                0x10007bc8                        . = ALIGN (0x4)

.ARM.extab
 *(.ARM.extab* .gnu.linkonce.armextab.*)
                0x10007bc8                        __exidx_start = .

.ARM.exidx
 *(.ARM.exidx* .gnu.linkonce.armexidx.*)
                0x10007bc8                        __exidx_end = .
                0x10007bc8                        . = ALIGN (0x4)
                0x10007bc8                        __binary_info_start = .

.binary_info    0x10007bc8       0x20
 *(.binary_info.keep.*)
 .binary_info.keep.__bi_ptr81
                0x10007bc8        0x4 CMakeFiles/oled.dir/Users/amerilain/pico/pico-sdk/src/rp2_common/pico_standard_link/binary_info.c.obj
 .binary_info.keep.__bi_ptr75
                0x10007bcc        0x4 CMakeFiles/oled.dir/Users/amerilain/pico/pico-sdk/src/rp2_common/pico_standard_link/binary_info.c.obj
 .binary_info.keep.__bi_ptr50
                0x10007bd0        0x4 CMakeFiles/oled.dir/Users/amerilain/pico/pico-sdk/src/rp2_common/pico_standard_link/binary_info.c.obj
 .binary_info.keep.__bi_ptr44
                0x10007bd4        0x4 CMakeFiles/oled.dir/Users/amerilain/pico/pico-sdk/src/rp2_common/pico_standard_link/binary_info.c.obj
 .binary_info.keep.__bi_ptr38
                0x10007bd8        0x4 CMakeFiles/oled.dir/Users/amerilain/pico/pico-sdk/src/rp2_common/pico_standard_link/binary_info.c.obj
 .binary_info.keep.__bi_ptr30
                0x10007bdc        0x4 CMakeFiles/oled.dir/Users/amerilain/pico/pico-sdk/src/rp2_common/pico_standard_link/binary_info.c.obj
 .binary_info.keep.__bi_ptr22
                0x10007be0        0x4 CMakeFiles/oled.dir/Users/amerilain/pico/pico-sdk/src/rp2_common/pico_standard_link/binary_info.c.obj
 *(.binary_info.*)
 .binary_info.__bi_ptr182
                0x10007be4        0x4 CMakeFiles/oled.dir/Users/amerilain/pico/pico-sdk/src/rp2_common/pico_stdio_usb/stdio_usb.c.obj
                0x10007be8                        __binary_info_end = .

.rel.dyn        0x10007be8        0x0
 .rel.iplt      0x10007be8        0x0 /Applications/ArmGNUToolchain/13.2.Rel1/arm-none-eabi/bin/../lib/gcc/arm-none-eabi/13.2.1/thumb/v6-m/nofp/crtbegin.o
                0x10007be8                        . = ALIGN (0x4)

.ram_vector_table
                0x20000000       0xc0
 *(.ram_vector_table)
 .ram_vector_table
                0x20000000       0xc0 CMakeFiles/oled.dir/Users/amerilain/pico/pico-sdk/src/rp2_common/pico_runtime/runtime.c.obj
                0x20000000                ram_vector_table

.data           0x200000c0      0xb40 load address 0x10007be8
                0x200000c0                        __data_start__ = .
 *(vtable)
 *(.time_critical*)
 .time_critical.mutex_try_enter
                0x200000c0       0x46 CMakeFiles/oled.dir/Users/amerilain/pico/pico-sdk/src/common/pico_sync/mutex.c.obj
                0x200000c0                mutex_try_enter
 *fill*         0x20000106        0x2 
 .time_critical.mutex_enter_block_until
                0x20000108       0x8c CMakeFiles/oled.dir/Users/amerilain/pico/pico-sdk/src/common/pico_sync/mutex.c.obj
                0x20000108                mutex_enter_block_until
 .time_critical.mutex_try_enter_block_until
                0x20000194       0x34 CMakeFiles/oled.dir/Users/amerilain/pico/pico-sdk/src/common/pico_sync/mutex.c.obj
                0x20000194                mutex_try_enter_block_until
 .time_critical.mutex_enter_timeout_ms
                0x200001c8       0x1a CMakeFiles/oled.dir/Users/amerilain/pico/pico-sdk/src/common/pico_sync/mutex.c.obj
                0x200001c8                mutex_enter_timeout_ms
 *fill*         0x200001e2        0x2 
 .time_critical.mutex_exit
                0x200001e4       0x4c CMakeFiles/oled.dir/Users/amerilain/pico/pico-sdk/src/common/pico_sync/mutex.c.obj
                0x200001e4                mutex_exit
 .time_critical.flash_init_boot2_copyout
                0x20000230       0x30 CMakeFiles/oled.dir/Users/amerilain/pico/pico-sdk/src/rp2_common/hardware_flash/flash.c.obj
 .time_critical.flash_enable_xip_via_boot2
                0x20000260        0xc CMakeFiles/oled.dir/Users/amerilain/pico/pico-sdk/src/rp2_common/hardware_flash/flash.c.obj
 .time_critical.flash_cs_force
                0x2000026c       0x28 CMakeFiles/oled.dir/Users/amerilain/pico/pico-sdk/src/rp2_common/hardware_flash/flash.c.obj
 .time_critical.flash_do_cmd
                0x20000294       0xd8 CMakeFiles/oled.dir/Users/amerilain/pico/pico-sdk/src/rp2_common/hardware_flash/flash.c.obj
                0x20000294                flash_do_cmd
 .time_critical.reset_non_control_endpoints
                0x2000036c       0x40 CMakeFiles/oled.dir/Users/amerilain/pico/pico-sdk/lib/tinyusb/src/portable/raspberrypi/rp2040/dcd_rp2040.c.obj
 .time_critical.hw_handle_buff_status
                0x200003ac       0xa4 CMakeFiles/oled.dir/Users/amerilain/pico/pico-sdk/lib/tinyusb/src/portable/raspberrypi/rp2040/dcd_rp2040.c.obj
 .time_critical.dcd_rp2040_irq
                0x20000450      0x1b8 CMakeFiles/oled.dir/Users/amerilain/pico/pico-sdk/lib/tinyusb/src/portable/raspberrypi/rp2040/dcd_rp2040.c.obj
 .time_critical.e15_is_bulkin_ep
                0x20000608       0x2c CMakeFiles/oled.dir/Users/amerilain/pico/pico-sdk/lib/tinyusb/src/portable/raspberrypi/rp2040/rp2040_usb.c.obj
 .time_critical.e15_is_critical_frame_period
                0x20000634       0x30 CMakeFiles/oled.dir/Users/amerilain/pico/pico-sdk/lib/tinyusb/src/portable/raspberrypi/rp2040/rp2040_usb.c.obj
 .time_critical.prepare_ep_buffer
                0x20000664       0x6c CMakeFiles/oled.dir/Users/amerilain/pico/pico-sdk/lib/tinyusb/src/portable/raspberrypi/rp2040/rp2040_usb.c.obj
 .time_critical.sync_ep_buffer
                0x200006d0       0x7c CMakeFiles/oled.dir/Users/amerilain/pico/pico-sdk/lib/tinyusb/src/portable/raspberrypi/rp2040/rp2040_usb.c.obj
 .time_critical._hw_endpoint_xfer_sync
                0x2000074c       0x28 CMakeFiles/oled.dir/Users/amerilain/pico/pico-sdk/lib/tinyusb/src/portable/raspberrypi/rp2040/rp2040_usb.c.obj
 .time_critical.hw_endpoint_reset_transfer
                0x20000774        0xc CMakeFiles/oled.dir/Users/amerilain/pico/pico-sdk/lib/tinyusb/src/portable/raspberrypi/rp2040/rp2040_usb.c.obj
                0x20000774                hw_endpoint_reset_transfer
 .time_critical._hw_endpoint_buffer_control_update32
                0x20000780       0x58 CMakeFiles/oled.dir/Users/amerilain/pico/pico-sdk/lib/tinyusb/src/portable/raspberrypi/rp2040/rp2040_usb.c.obj
                0x20000780                _hw_endpoint_buffer_control_update32
 .time_critical.hw_endpoint_start_next_buffer
                0x200007d8       0x88 CMakeFiles/oled.dir/Users/amerilain/pico/pico-sdk/lib/tinyusb/src/portable/raspberrypi/rp2040/rp2040_usb.c.obj
                0x200007d8                hw_endpoint_start_next_buffer
 .time_critical.hw_endpoint_xfer_continue
                0x20000860       0x50 CMakeFiles/oled.dir/Users/amerilain/pico/pico-sdk/lib/tinyusb/src/portable/raspberrypi/rp2040/rp2040_usb.c.obj
                0x20000860                hw_endpoint_xfer_continue
 .time_critical.tinyusb
                0x200008b0      0x1ac CMakeFiles/oled.dir/Users/amerilain/pico/pico-sdk/lib/tinyusb/src/device/usbd.c.obj
                0x200008b0                dcd_event_handler
 *(.text*)
 .text          0x20000a5c        0x4 /Applications/ArmGNUToolchain/13.2.Rel1/arm-none-eabi/bin/../lib/gcc/arm-none-eabi/13.2.1/thumb/v6-m/nofp/libgcc.a(_dvmd_tls.o)
                0x20000a5c                __aeabi_ldiv0
                0x20000a5c                __aeabi_idiv0
 .text.__stub   0x20000a60       0xa0 linker stubs
                0x20000b00                        . = ALIGN (0x4)
 *(.rodata*)
                0x20000b00                        . = ALIGN (0x4)
 *(.data*)
 .data.striped_spin_lock_num
                0x20000b00        0x1 CMakeFiles/oled.dir/Users/amerilain/pico/pico-sdk/src/rp2_common/hardware_sync/sync.c.obj
 *fill*         0x20000b01        0x3 
 .data          0x20000b04       0x48 CMakeFiles/oled.dir/Users/amerilain/pico/pico-sdk/src/rp2_common/hardware_irq/irq_handler_chain.S.obj
                0x20000b04                irq_handler_chain_slots
                0x20000b34                irq_handler_chain_first_slot
                0x20000b3e                irq_handler_chain_remove_tail
 .data.default_alarm_pool
                0x20000b4c       0x18 CMakeFiles/oled.dir/Users/amerilain/pico/pico-sdk/src/common/pico_time/time.c.obj
 .data.default_alarm_pool_heap
                0x20000b64       0x10 CMakeFiles/oled.dir/Users/amerilain/pico/pico-sdk/src/common/pico_time/time.c.obj
 *fill*         0x20000b74        0xc 
 .data.aeabi_bits_funcs
                0x20000b80       0x10 CMakeFiles/oled.dir/Users/amerilain/pico/pico-sdk/src/rp2_common/pico_bit_ops/bit_ops_aeabi.S.obj
                0x20000b80                aeabi_bits_funcs
                0x20000b90                aeabi_bits_funcs_end
 .data.aeabi_mem_funcs
                0x20000b90       0x10 CMakeFiles/oled.dir/Users/amerilain/pico/pico-sdk/src/rp2_common/pico_mem_ops/mem_ops_aeabi.S.obj
                0x20000b90                aeabi_mem_funcs
                0x20000ba0                aeabi_mem_funcs_end
 .data.stdio_usb
                0x20000ba0       0x18 CMakeFiles/oled.dir/Users/amerilain/pico/pico-sdk/src/rp2_common/pico_stdio_usb/stdio_usb.c.obj
                0x20000ba0                stdio_usb
 .data.ep_dir_string
                0x20000bb8        0x8 CMakeFiles/oled.dir/Users/amerilain/pico/pico-sdk/lib/tinyusb/src/portable/raspberrypi/rp2040/rp2040_usb.c.obj
                0x20000bb8                ep_dir_string
 .data._usbd_qdef
                0x20000bc0       0x1c CMakeFiles/oled.dir/Users/amerilain/pico/pico-sdk/lib/tinyusb/src/device/usbd.c.obj
                0x20000bc0                _usbd_qdef
 .data._usbd_rhport
                0x20000bdc        0x1 CMakeFiles/oled.dir/Users/amerilain/pico/pico-sdk/lib/tinyusb/src/device/usbd.c.obj
                0x20000be0                        . = ALIGN (0x4)
 *fill*         0x20000bdd        0x3 
 *(.after_data.*)
                0x20000be0                        . = ALIGN (0x4)
                0x20000be0                        PROVIDE (__mutex_array_start = .)
 *(SORT_BY_NAME(.mutex_array.*))
 *(.mutex_array)
 .mutex_array   0x20000be0        0x8 CMakeFiles/oled.dir/Users/amerilain/pico/pico-sdk/src/rp2_common/pico_stdio/stdio.c.obj
                0x20000be8                        PROVIDE (__mutex_array_end = .)
                0x20000be8                        . = ALIGN (0x4)
                0x20000be8                        PROVIDE (__preinit_array_start = .)
 *(SORT_BY_NAME(.preinit_array.*))
 .preinit_array.00001
                0x20000be8        0x4 CMakeFiles/oled.dir/Users/amerilain/pico/pico-sdk/src/rp2_common/pico_mem_ops/mem_ops_aeabi.S.obj
 .preinit_array.00010
                0x20000bec        0x4 CMakeFiles/oled.dir/Users/amerilain/pico/pico-sdk/src/rp2_common/pico_bit_ops/bit_ops_aeabi.S.obj
 .preinit_array.00020
                0x20000bf0        0x4 CMakeFiles/oled.dir/Users/amerilain/pico/pico-sdk/src/rp2_common/pico_double/double_aeabi.S.obj
 .preinit_array.00020
                0x20000bf4        0x4 CMakeFiles/oled.dir/Users/amerilain/pico/pico-sdk/src/rp2_common/pico_float/float_aeabi.S.obj
 *(.preinit_array)
                0x20000bf8                        PROVIDE (__preinit_array_end = .)
                0x20000bf8                        . = ALIGN (0x4)
                0x20000bf8                        PROVIDE (__init_array_start = .)
 *(SORT_BY_NAME(.init_array.*))
 *(.init_array)
 .init_array    0x20000bf8        0x4 /Applications/ArmGNUToolchain/13.2.Rel1/arm-none-eabi/bin/../lib/gcc/arm-none-eabi/13.2.1/thumb/v6-m/nofp/crtbegin.o
 .init_array    0x20000bfc        0x4 CMakeFiles/oled.dir/Users/amerilain/pico/pico-sdk/src/rp2_common/pico_unique_id/unique_id.c.obj
                0x20000c00                        PROVIDE (__init_array_end = .)
                0x20000c00                        . = ALIGN (0x4)
                [!provide]                        PROVIDE (__fini_array_start = .)
 *(SORT_BY_NAME(.fini_array.*))
 *(.fini_array)
                [!provide]                        PROVIDE (__fini_array_end = .)
 *(.jcr)
                0x20000c00                        . = ALIGN (0x4)
                0x20000c00                        __data_end__ = .
                0x10007be8                        __etext = LOADADDR (.data)

.tm_clone_table
                0x20000c00        0x0 load address 0x10008728
 .tm_clone_table
                0x20000c00        0x0 /Applications/ArmGNUToolchain/13.2.Rel1/arm-none-eabi/bin/../lib/gcc/arm-none-eabi/13.2.1/thumb/v6-m/nofp/crtbegin.o
 .tm_clone_table
                0x20000c00        0x0 /Applications/ArmGNUToolchain/13.2.Rel1/arm-none-eabi/bin/../lib/gcc/arm-none-eabi/13.2.1/thumb/v6-m/nofp/crtend.o

.igot.plt       0x20000c00        0x0 load address 0x10008728
 .igot.plt      0x20000c00        0x0 /Applications/ArmGNUToolchain/13.2.Rel1/arm-none-eabi/bin/../lib/gcc/arm-none-eabi/13.2.1/thumb/v6-m/nofp/crtbegin.o

.uninitialized_data
                0x20000c00        0x0 load address 0x10008728
                0x20000c00                        . = ALIGN (0x4)
 *(.uninitialized_data*)

.scratch_x      0x20040000        0x0 load address 0x10008728
                0x20040000                        __scratch_x_start__ = .
 *(.scratch_x.*)
                0x20040000                        . = ALIGN (0x4)
                0x20040000                        __scratch_x_end__ = .
                0x10008728                        __scratch_x_source__ = LOADADDR (.scratch_x)

.scratch_y      0x20041000        0x0 load address 0x10008728
                0x20041000                        __scratch_y_start__ = .
 *(.scratch_y.*)
                0x20041000                        . = ALIGN (0x4)
                0x20041000                        __scratch_y_end__ = .
                0x10008728                        __scratch_y_source__ = LOADADDR (.scratch_y)

.bss            0x20000c00      0xd80
                0x20000c00                        . = ALIGN (0x4)
                0x20000c00                        __bss_start__ = .
 *(SORT_BY_ALIGNMENT(SORT_BY_NAME(.bss*)))
 .bss.default_alarm_pool_entries
                0x20000c00      0x100 CMakeFiles/oled.dir/Users/amerilain/pico/pico-sdk/src/common/pico_time/time.c.obj
 .bss.last_avail_time.2
                0x20000d00        0x8 CMakeFiles/oled.dir/Users/amerilain/pico/pico-sdk/src/rp2_common/pico_stdio_usb/stdio_usb.c.obj
 .bss._app_driver
                0x20000d08        0x4 CMakeFiles/oled.dir/Users/amerilain/pico/pico-sdk/lib/tinyusb/src/device/usbd.c.obj
 .bss._cdcd_itf
                0x20000d0c      0x2c8 CMakeFiles/oled.dir/Users/amerilain/pico/pico-sdk/lib/tinyusb/src/class/cdc/cdc_device.c.obj
 .bss._ctrl_xfer
                0x20000fd4       0x14 CMakeFiles/oled.dir/Users/amerilain/pico/pico-sdk/lib/tinyusb/src/device/usbd_control.c.obj
 .bss._ubsd_mutexdef
                0x20000fe8        0x8 CMakeFiles/oled.dir/Users/amerilain/pico/pico-sdk/lib/tinyusb/src/device/usbd.c.obj
 .bss._usbd_ctrl_buf
                0x20000ff0       0x40 CMakeFiles/oled.dir/Users/amerilain/pico/pico-sdk/lib/tinyusb/src/device/usbd_control.c.obj
 .bss._usbd_dev
                0x20001030       0x53 CMakeFiles/oled.dir/Users/amerilain/pico/pico-sdk/lib/tinyusb/src/device/usbd.c.obj
 *fill*         0x20001083        0x1 
 .bss._usbd_mutex
                0x20001084        0x4 CMakeFiles/oled.dir/Users/amerilain/pico/pico-sdk/lib/tinyusb/src/device/usbd.c.obj
 .bss._usbd_q   0x20001088        0x4 CMakeFiles/oled.dir/Users/amerilain/pico/pico-sdk/lib/tinyusb/src/device/usbd.c.obj
 .bss._usbd_qdef_buf
                0x2000108c       0xc0 CMakeFiles/oled.dir/Users/amerilain/pico/pico-sdk/lib/tinyusb/src/device/usbd.c.obj
                0x2000108c                _usbd_qdef_buf
 .bss.alarm_callbacks
                0x2000114c       0x10 CMakeFiles/oled.dir/Users/amerilain/pico/pico-sdk/src/rp2_common/hardware_timer/timer.c.obj
 .bss.boot2_copyout
                0x2000115c      0x100 CMakeFiles/oled.dir/Users/amerilain/pico/pico-sdk/src/rp2_common/hardware_flash/flash.c.obj
 .bss.chars_available_callback
                0x2000125c        0x4 CMakeFiles/oled.dir/Users/amerilain/pico/pico-sdk/src/rp2_common/pico_stdio_usb/stdio_usb.c.obj
 .bss.chars_available_param
                0x20001260        0x4 CMakeFiles/oled.dir/Users/amerilain/pico/pico-sdk/src/rp2_common/pico_stdio_usb/stdio_usb.c.obj