Archive member included to satisfy reference by file (symbol)

/Applications/ArmGNUToolchain/13.2.Rel1/arm-none-eabi/bin/../lib/gcc/arm-none-eabi/13.2.1/thumb/v6-m/nofp/libgcc.a(_dvmd_tls.o)
                              CMakeFiles/blinky_oled.dir/Users/amerilain/pico/pico-sdk/src/rp2_common/pico_divider/divider.S.obj (__aeabi_idiv0)
/Applications/ArmGNUToolchain/13.2.Rel1/arm-none-eabi/bin/../lib/gcc/arm-none-eabi/13.2.1/../../../../arm-none-eabi/lib/thumb/v6-m/nofp/libg.a(libc_a-calloc.o)
                              CMakeFiles/blinky_oled.dir/Users/amerilain/pico/pico-sdk/src/rp2_common/pico_malloc/pico_malloc.c.obj (calloc)
/Applications/ArmGNUToolchain/13.2.Rel1/arm-none-eabi/bin/../lib/gcc/arm-none-eabi/13.2.1/../../../../arm-none-eabi/lib/thumb/v6-m/nofp/libg.a(libc_a-callocr.o)
                              /Applications/ArmGNUToolchain/13.2.Rel1/arm-none-eabi/bin/../lib/gcc/arm-none-eabi/13.2.1/../../../../arm-none-eabi/lib/thumb/v6-m/nofp/libg.a(libc_a-calloc.o) (_calloc_r)
/Applications/ArmGNUToolchain/13.2.Rel1/arm-none-eabi/bin/../lib/gcc/arm-none-eabi/13.2.1/../../../../arm-none-eabi/lib/thumb/v6-m/nofp/libg.a(libc_a-malloc.o)
                              CMakeFiles/blinky_oled.dir/Users/amerilain/pico/pico-sdk/src/rp2_common/pico_malloc/pico_malloc.c.obj (malloc)
/Applications/ArmGNUToolchain/13.2.Rel1/arm-none-eabi/bin/../lib/gcc/arm-none-eabi/13.2.1/../../../../arm-none-eabi/lib/thumb/v6-m/nofp/libg.a(libc_a-mallocr.o)
                              /Applications/ArmGNUToolchain/13.2.Rel1/arm-none-eabi/bin/../lib/gcc/arm-none-eabi/13.2.1/../../../../arm-none-eabi/lib/thumb/v6-m/nofp/libg.a(libc_a-callocr.o) (_malloc_r)
/Applications/ArmGNUToolchain/13.2.Rel1/arm-none-eabi/bin/../lib/gcc/arm-none-eabi/13.2.1/../../../../arm-none-eabi/lib/thumb/v6-m/nofp/libg.a(libc_a-mlock.o)
                              /Applications/ArmGNUToolchain/13.2.Rel1/arm-none-eabi/bin/../lib/gcc/arm-none-eabi/13.2.1/../../../../arm-none-eabi/lib/thumb/v6-m/nofp/libg.a(libc_a-mallocr.o) (__malloc_lock)
/Applications/ArmGNUToolchain/13.2.Rel1/arm-none-eabi/bin/../lib/gcc/arm-none-eabi/13.2.1/../../../../arm-none-eabi/lib/thumb/v6-m/nofp/libg.a(libc_a-realloc.o)
                              CMakeFiles/blinky_oled.dir/Users/amerilain/pico/pico-sdk/src/rp2_common/pico_malloc/pico_malloc.c.obj (realloc)
/Applications/ArmGNUToolchain/13.2.Rel1/arm-none-eabi/bin/../lib/gcc/arm-none-eabi/13.2.1/../../../../arm-none-eabi/lib/thumb/v6-m/nofp/libg.a(libc_a-reallocr.o)
                              /Applications/ArmGNUToolchain/13.2.Rel1/arm-none-eabi/bin/../lib/gcc/arm-none-eabi/13.2.1/../../../../arm-none-eabi/lib/thumb/v6-m/nofp/libg.a(libc_a-realloc.o) (_realloc_r)
/Applications/ArmGNUToolchain/13.2.Rel1/arm-none-eabi/bin/../lib/gcc/arm-none-eabi/13.2.1/../../../../arm-none-eabi/lib/thumb/v6-m/nofp/libg.a(libc_a-memmove.o)
                              /Applications/ArmGNUToolchain/13.2.Rel1/arm-none-eabi/bin/../lib/gcc/arm-none-eabi/13.2.1/../../../../arm-none-eabi/lib/thumb/v6-m/nofp/libg.a(libc_a-reallocr.o) (memmove)
/Applications/ArmGNUToolchain/13.2.Rel1/arm-none-eabi/bin/../lib/gcc/arm-none-eabi/13.2.1/../../../../arm-none-eabi/lib/thumb/v6-m/nofp/libg.a(libc_a-impure.o)
                              /Applications/ArmGNUToolchain/13.2.Rel1/arm-none-eabi/bin/../lib/gcc/arm-none-eabi/13.2.1/../../../../arm-none-eabi/lib/thumb/v6-m/nofp/libg.a(libc_a-calloc.o) (_impure_ptr)
/Applications/ArmGNUToolchain/13.2.Rel1/arm-none-eabi/bin/../lib/gcc/arm-none-eabi/13.2.1/../../../../arm-none-eabi/lib/thumb/v6-m/nofp/libg.a(libc_a-sbrkr.o)
                              /Applications/ArmGNUToolchain/13.2.Rel1/arm-none-eabi/bin/../lib/gcc/arm-none-eabi/13.2.1/../../../../arm-none-eabi/lib/thumb/v6-m/nofp/libg.a(libc_a-mallocr.o) (_sbrk_r)
/Applications/ArmGNUToolchain/13.2.Rel1/arm-none-eabi/bin/../lib/gcc/arm-none-eabi/13.2.1/../../../../arm-none-eabi/lib/thumb/v6-m/nofp/libg.a(libc_a-errno.o)
                              /Applications/ArmGNUToolchain/13.2.Rel1/arm-none-eabi/bin/../lib/gcc/arm-none-eabi/13.2.1/../../../../arm-none-eabi/lib/thumb/v6-m/nofp/libg.a(libc_a-callocr.o) (__errno)
/Applications/ArmGNUToolchain/13.2.Rel1/arm-none-eabi/bin/../lib/gcc/arm-none-eabi/13.2.1/../../../../arm-none-eabi/lib/thumb/v6-m/nofp/libg.a(libc_a-sysconf.o)
                              /Applications/ArmGNUToolchain/13.2.Rel1/arm-none-eabi/bin/../lib/gcc/arm-none-eabi/13.2.1/../../../../arm-none-eabi/lib/thumb/v6-m/nofp/libg.a(libc_a-mallocr.o) (sysconf)
/Applications/ArmGNUToolchain/13.2.Rel1/arm-none-eabi/bin/../lib/gcc/arm-none-eabi/13.2.1/../../../../arm-none-eabi/lib/thumb/v6-m/nofp/libg.a(libc_a-init.o)
                              /Applications/ArmGNUToolchain/13.2.Rel1/arm-none-eabi/bin/../lib/gcc/arm-none-eabi/13.2.1/../../../../arm-none-eabi/lib/thumb/v6-m/nofp/crt0.o (__libc_init_array)
[...]
Memory Configuration

Name             Origin             Length             Attributes
FLASH            0x10000000         0x00200000         xr
RAM              0x20000000         0x00040000         xrw
SCRATCH_X        0x20040000         0x00001000         xrw
SCRATCH_Y        0x20041000         0x00001000         xrw
*default*        0x00000000         0xffffffff

Linker script and memory map

LOAD /Applications/ArmGNUToolchain/13.2.Rel1/arm-none-eabi/bin/../lib/gcc/arm-none-eabi/13.2.1/thumb/v6-m/nofp/crti.o
LOAD /Applications/ArmGNUToolchain/13.2.Rel1/arm-none-eabi/bin/../lib/gcc/arm-none-eabi/13.2.1/thumb/v6-m/nofp/crtbegin.o
LOAD /Applications/ArmGNUToolchain/13.2.Rel1/arm-none-eabi/bin/../lib/gcc/arm-none-eabi/13.2.1/../../../../arm-none-eabi/lib/thumb/v6-m/nofp/crt0.o

.flash_begin    0x10000000        0x0
                0x10000000                        __flash_binary_start = .

.boot2          0x10000000      0x100
                0x10000000                        __boot2_start__ = .
 *(.boot2)
 .boot2         0x10000000      0x100 /var/folders/fy/2_twrpq90b57drm_mt3rx4240000gn/T//cclkk8ZC.o
                0x10000100                        __boot2_end__ = .
                0x00000001                        ASSERT (((__boot2_end__ - __boot2_start__) == 0x100), ERROR: Pico second stage bootloader must be 256 bytes in size)

.text           0x10000100     0x78f8
                0x10000100                        __logical_binary_start = .
 *(.vectors)
 .vectors       0x10000100       0xd4 CMakeFiles/blinky_oled.dir/Users/amerilain/pico/pico-sdk/src/rp2_common/pico_standard_link/crt0.S.obj
                0x10000100                __VECTOR_TABLE
                0x10000100                __vectors
                0x100001c0                __default_isrs_start
                0x100001c0                isr_invalid
                0x100001c2                isr_nmi
                0x100001c4                isr_hardfault
                0x100001c6                isr_svcall
                0x100001c8                isr_pendsv
                0x100001ca                isr_systick
                0x100001cc                isr_irq28
                0x100001cc                isr_irq19
                0x100001cc                isr_irq0
                0x100001cc                isr_irq6
                0x100001cc                isr_irq22
                0x100001cc                isr_irq17
                0x100001cc                isr_irq14
                0x100001cc                isr_irq2
                0x100001cc                isr_irq10
                0x100001cc                isr_irq8
                0x100001cc                isr_irq24
                0x100001cc                isr_irq1
                0x100001cc                isr_irq7
                0x100001cc                isr_irq21
                0x100001cc                isr_irq20
                0x100001cc                isr_irq15
                0x100001cc                isr_irq25
                0x100001cc                isr_irq4
                0x100001cc                isr_irq16
                0x100001cc                isr_irq29
                0x100001cc                isr_irq26
                0x100001cc                __default_isrs_end
                0x100001cc                isr_irq3
                0x100001cc                isr_irq9
                0x100001cc                __unhandled_user_irq
                0x100001cc                isr_irq13
                0x100001cc                isr_irq27
                0x100001cc                isr_irq31
                0x100001cc                isr_irq5
                0x100001cc                isr_irq11
                0x100001cc                isr_irq23
                0x100001cc                isr_irq18
                0x100001cc                isr_irq30
                0x100001cc                isr_irq12
                0x100001d2                unhandled_user_irq_num_in_r0
 *(.binary_info_header)
 .binary_info_header
                0x100001d4       0x14 CMakeFiles/blinky_oled.dir/Users/amerilain/pico/pico-sdk/src/rp2_common/pico_standard_link/crt0.S.obj
                0x100001e8                        __binary_info_header_end = .
 *(.reset)
 .reset         0x100001e8       0xa0 CMakeFiles/blinky_oled.dir/Users/amerilain/pico/pico-sdk/src/rp2_common/pico_standard_link/crt0.S.obj
                0x100001e8                _entry_point
 .reset         0x10000288       0x30 CMakeFiles/blinky_oled.dir/Users/amerilain/pico/pico-sdk/src/rp2_common/pico_standard_link/binary_info.c.obj
 *(.init)
 .init          0x100002b8        0x4 /Applications/ArmGNUToolchain/13.2.Rel1/arm-none-eabi/bin/../lib/gcc/arm-none-eabi/13.2.1/thumb/v6-m/nofp/crti.o
                0x100002b8                _init
 *(EXCLUDE_FILE(*libm.a: *libc.a:*lib_a-mem*.o *libgcc.a:) .text*)
 .text.register_tm_clones
                0x100002bc       0x28 /Applications/ArmGNUToolchain/13.2.Rel1/arm-none-eabi/bin/../lib/gcc/arm-none-eabi/13.2.1/thumb/v6-m/nofp/crtbegin.o
 .text.frame_dummy
                0x100002e4       0x24 /Applications/ArmGNUToolchain/13.2.Rel1/arm-none-eabi/bin/../lib/gcc/arm-none-eabi/13.2.1/thumb/v6-m/nofp/crtbegin.o
 .text.to_ms_since_boot
                0x10000308       0x1c CMakeFiles/blinky_oled.dir/main.cpp.obj
 .text._ZL20update_us_since_bootP15absolute_time_ty
                0x10000324       0x24 CMakeFiles/blinky_oled.dir/main.cpp.obj
 .text.get_absolute_time
                0x10000348       0x16 CMakeFiles/blinky_oled.dir/main.cpp.obj
 .text._Z9blink_ledjRyj
                0x1000035e       0x4c CMakeFiles/blinky_oled.dir/main.cpp.obj
                0x1000035e                blink_led(unsigned int, unsigned long long&, unsigned int)
 *fill*         0x100003aa        0x2 
 .text._Z14update_displayR7ssd1306R9mono_vlsby
                0x100003ac       0x74 CMakeFiles/blinky_oled.dir/main.cpp.obj
                0x100003ac                update_display(ssd1306&, mono_vlsb&, unsigned long long)
 .text._Z9init_gpiov
                0x10000420       0x2c CMakeFiles/blinky_oled.dir/main.cpp.obj
                0x10000420                init_gpio()
 .text._Z8init_i2cv
                0x1000044c       0x38 CMakeFiles/blinky_oled.dir/main.cpp.obj
                0x1000044c                init_i2c()
 .text._Z12init_displayv
                0x10000484       0x28 CMakeFiles/blinky_oled.dir/main.cpp.obj
                0x10000484                init_display()
 .text.main     0x100004ac       0xac CMakeFiles/blinky_oled.dir/main.cpp.obj
                0x100004ac                main
 .text._ZN8framebufC2Ett
                0x10000558       0x10 CMakeFiles/blinky_oled.dir/display/framebuf.cpp.obj
                0x10000558                framebuf::framebuf(unsigned short, unsigned short)
                0x10000558                framebuf::framebuf(unsigned short, unsigned short)
 .text._ZN8framebuf4textEPKcttm
                0x10000568       0x9c CMakeFiles/blinky_oled.dir/display/framebuf.cpp.obj
                0x10000568                framebuf::text(char const*, unsigned short, unsigned short, unsigned long)
 .text._ZN8framebuf4fillEm
                0x10000604       0x1a CMakeFiles/blinky_oled.dir/display/framebuf.cpp.obj
                0x10000604                framebuf::fill(unsigned long)
 .text._ZN8framebuf4blitERS_ssmPKS_
                0x1000061e      0x146 CMakeFiles/blinky_oled.dir/display/framebuf.cpp.obj
                0x1000061e                framebuf::blit(framebuf&, short, short, unsigned long, framebuf const*)
 .text._ZN9mono_vlsb8setpixelEttm
                0x10000764       0x2a CMakeFiles/blinky_oled.dir/display/mono_vlsb.cpp.obj
                0x10000764                mono_vlsb::setpixel(unsigned short, unsigned short, unsigned long)
 .text._ZNK9mono_vlsb8getpixelEtt
                0x1000078e       0x1e CMakeFiles/blinky_oled.dir/display/mono_vlsb.cpp.obj
                0x1000078e                mono_vlsb::getpixel(unsigned short, unsigned short) const
 .text._ZN9mono_vlsb9fill_rectEttttm
                0x100007ac       0x70 CMakeFiles/blinky_oled.dir/display/mono_vlsb.cpp.obj
                0x100007ac                mono_vlsb::fill_rect(unsigned short, unsigned short, unsigned short, unsigned short, unsigned long)
 .text._ZNSt16_Sp_counted_baseILN9__gnu_cxx12_Lock_policyE0EE10_M_destroyEv
                0x1000081c        0xa CMakeFiles/blinky_oled.dir/display/mono_vlsb.cpp.obj
                0x1000081c                std::_Sp_counted_base<(__gnu_cxx::_Lock_policy)0>::_M_destroy()
 *fill*         0x10000826        0x2 
 .text._ZNSt15_Sp_counted_ptrIPhLN9__gnu_cxx12_Lock_policyE0EED2Ev
                0x10000828       0x14 CMakeFiles/blinky_oled.dir/display/mono_vlsb.cpp.obj
                0x10000828                std::_Sp_counted_ptr<unsigned char*, (__gnu_cxx::_Lock_policy)0>::~_Sp_counted_ptr()
                0x10000828                std::_Sp_counted_ptr<unsigned char*, (__gnu_cxx::_Lock_policy)0>::~_Sp_counted_ptr()
 .text._ZNSt15_Sp_counted_ptrIPhLN9__gnu_cxx12_Lock_policyE0EE14_M_get_deleterERKSt9type_info
                0x1000083c        0x4 CMakeFiles/blinky_oled.dir/display/mono_vlsb.cpp.obj
                0x1000083c                std::_Sp_counted_ptr<unsigned char*, (__gnu_cxx::_Lock_policy)0>::_M_get_deleter(std::type_info const&)
 .text._ZNSt15_Sp_counted_ptrIPhLN9__gnu_cxx12_Lock_policyE0EE10_M_disposeEv
                0x10000840       0x10 CMakeFiles/blinky_oled.dir/display/mono_vlsb.cpp.obj
                0x10000840                std::_Sp_counted_ptr<unsigned char*, (__gnu_cxx::_Lock_policy)0>::_M_dispose()
 .text._ZNSt15_Sp_counted_ptrIPhLN9__gnu_cxx12_Lock_policyE0EED0Ev
                0x10000850       0x20 CMakeFiles/blinky_oled.dir/display/mono_vlsb.cpp.obj
                0x10000850                std::_Sp_counted_ptr<unsigned char*, (__gnu_cxx::_Lock_policy)0>::~_Sp_counted_ptr()
 .text._ZNSt15_Sp_counted_ptrIPhLN9__gnu_cxx12_Lock_policyE0EE10_M_destroyEv
                0x10000870       0x1c CMakeFiles/blinky_oled.dir/display/mono_vlsb.cpp.obj
                0x10000870                std::_Sp_counted_ptr<unsigned char*, (__gnu_cxx::_Lock_policy)0>::_M_destroy()
 .text._ZNSt16_Sp_counted_baseILN9__gnu_cxx12_Lock_policyE0EE10_M_releaseEv
                0x1000088c       0x28 CMakeFiles/blinky_oled.dir/display/mono_vlsb.cpp.obj
                0x1000088c                std::_Sp_counted_base<(__gnu_cxx::_Lock_policy)0>::_M_release()
 .text._ZN9mono_vlsbD2Ev
                0x100008b4       0x24 CMakeFiles/blinky_oled.dir/display/mono_vlsb.cpp.obj
                0x100008b4                mono_vlsb::~mono_vlsb()
                0x100008b4                mono_vlsb::~mono_vlsb()
 .text._ZN9mono_vlsbD0Ev
                0x100008d8       0x14 CMakeFiles/blinky_oled.dir/display/mono_vlsb.cpp.obj
                0x100008d8                mono_vlsb::~mono_vlsb()
 .text._ZNSt14__shared_countILN9__gnu_cxx12_Lock_policyE0EEC2IPhEET_
                0x100008ec       0x30 CMakeFiles/blinky_oled.dir/display/mono_vlsb.cpp.obj
                0x100008ec                std::__shared_count<(__gnu_cxx::_Lock_policy)0>::__shared_count<unsigned char*>(unsigned char*)
                0x100008ec                std::__shared_count<(__gnu_cxx::_Lock_policy)0>::__shared_count<unsigned char*>(unsigned char*)
 .text._ZN9mono_vlsbC2Etttt
                0x1000091c       0x64 CMakeFiles/blinky_oled.dir/display/mono_vlsb.cpp.obj
                0x1000091c                mono_vlsb::mono_vlsb(unsigned short, unsigned short, unsigned short, unsigned short)
                0x1000091c                mono_vlsb::mono_vlsb(unsigned short, unsigned short, unsigned short, unsigned short)
 .text._ZN9mono_vlsbC2EPKhhttt
                0x10000980       0x74 CMakeFiles/blinky_oled.dir/display/mono_vlsb.cpp.obj
                0x10000980                mono_vlsb::mono_vlsb(unsigned char const*, unsigned char, unsigned short, unsigned short, unsigned short)
                0x10000980                mono_vlsb::mono_vlsb(unsigned char const*, unsigned char, unsigned short, unsigned short, unsigned short)
 .text._ZN7ssd1306D2Ev
                0x100009f4       0x14 CMakeFiles/blinky_oled.dir/display/ssd1306.cpp.obj
                0x100009f4                ssd1306::~ssd1306()
                0x100009f4                ssd1306::~ssd1306()
 .text._ZN7ssd1306D0Ev
                0x10000a08       0x1c CMakeFiles/blinky_oled.dir/display/ssd1306.cpp.obj
                0x10000a08                ssd1306::~ssd1306()
 .text._ZN7ssd13068send_cmdEh
                0x10000a24       0x20 CMakeFiles/blinky_oled.dir/display/ssd1306.cpp.obj
                0x10000a24                ssd1306::send_cmd(unsigned char)
 .text._ZN7ssd13064initEv
                0x10000a44       0x96 CMakeFiles/blinky_oled.dir/display/ssd1306.cpp.obj
                0x10000a44                ssd1306::init()
 *fill*         0x10000ada        0x2 
 .text._ZN7ssd1306C2EP8i2c_instttt
                0x10000adc       0x38 CMakeFiles/blinky_oled.dir/display/ssd1306.cpp.obj
                0x10000adc                ssd1306::ssd1306(i2c_inst*, unsigned short, unsigned short, unsigned short)
                0x10000adc                ssd1306::ssd1306(i2c_inst*, unsigned short, unsigned short, unsigned short)
 .text._ZN7ssd13064showEv
                0x10000b14       0x6c CMakeFiles/blinky_oled.dir/display/ssd1306.cpp.obj
                0x10000b14                ssd1306::show()
 .text.gpio_set_function
                0x10000b80       0x30 CMakeFiles/blinky_oled.dir/Users/amerilain/pico/pico-sdk/src/rp2_common/hardware_gpio/gpio.c.obj
                0x10000b80                gpio_set_function
 .text.gpio_set_pulls
                0x10000bb0       0x34 CMakeFiles/blinky_oled.dir/Users/amerilain/pico/pico-sdk/src/rp2_common/hardware_gpio/gpio.c.obj
                0x10000bb0                gpio_set_pulls
 .text.gpio_init
                0x10000be4       0x16 CMakeFiles/blinky_oled.dir/Users/amerilain/pico/pico-sdk/src/rp2_common/hardware_gpio/gpio.c.obj
                0x10000be4                gpio_init
 *fill*         0x10000bfa        0x2 
 .text.running_on_fpga
                0x10000bfc       0x14 CMakeFiles/blinky_oled.dir/Users/amerilain/pico/pico-sdk/src/rp2_common/pico_platform/platform.c.obj
                0x10000bfc                running_on_fpga
 .text.hw_claim_lock
                0x10000c10       0x18 CMakeFiles/blinky_oled.dir/Users/amerilain/pico/pico-sdk/src/rp2_common/hardware_claim/claim.c.obj
                0x10000c10                hw_claim_lock
 .text.hw_claim_unlock
                0x10000c28       0x14 CMakeFiles/blinky_oled.dir/Users/amerilain/pico/pico-sdk/src/rp2_common/hardware_claim/claim.c.obj
                0x10000c28                hw_claim_unlock
 .text.hw_claim_or_assert
                0x10000c3c       0x32 CMakeFiles/blinky_oled.dir/Users/amerilain/pico/pico-sdk/src/rp2_common/hardware_claim/claim.c.obj
                0x10000c3c                hw_claim_or_assert
 .text.hw_claim_unused_from_range
                0x10000c6e       0x50 CMakeFiles/blinky_oled.dir/Users/amerilain/pico/pico-sdk/src/rp2_common/hardware_claim/claim.c.obj
                0x10000c6e                hw_claim_unused_from_range
 *fill*         0x10000cbe        0x2 
 .text.spin_locks_reset
                0x10000cc0       0x20 CMakeFiles/blinky_oled.dir/Users/amerilain/pico/pico-sdk/src/rp2_common/hardware_sync/sync.c.obj
                0x10000cc0                spin_locks_reset
 .text.next_striped_spin_lock_num
                0x10000ce0       0x1c CMakeFiles/blinky_oled.dir/Users/amerilain/pico/pico-sdk/src/rp2_common/hardware_sync/sync.c.obj
                0x10000ce0                next_striped_spin_lock_num
 .text.spin_lock_claim_unused
                0x10000cfc       0x24 CMakeFiles/blinky_oled.dir/Users/amerilain/pico/pico-sdk/src/rp2_common/hardware_sync/sync.c.obj
                0x10000cfc                spin_lock_claim_unused
 .text.set_raw_irq_handler_and_unlock
                0x10000d20       0x28 CMakeFiles/blinky_oled.dir/Users/amerilain/pico/pico-sdk/src/rp2_common/hardware_irq/irq.c.obj
 .text.resolve_branch
                0x10000d48       0x30 CMakeFiles/blinky_oled.dir/Users/amerilain/pico/pico-sdk/src/rp2_common/hardware_irq/irq.c.obj
 .text.make_branch
                0x10000d78       0x48 CMakeFiles/blinky_oled.dir/Users/amerilain/pico/pico-sdk/src/rp2_common/hardware_irq/irq.c.obj
 .text.insert_branch_and_link
                0x10000dc0       0x40 CMakeFiles/blinky_oled.dir/Users/amerilain/pico/pico-sdk/src/rp2_common/hardware_irq/irq.c.obj
 .text.irq_is_enabled
                0x10000e00       0x18 CMakeFiles/blinky_oled.dir/Users/amerilain/pico/pico-sdk/src/rp2_common/hardware_irq/irq.c.obj
                0x10000e00                irq_is_enabled
 .text.irq_set_mask_enabled
                0x10000e18       0x20 CMakeFiles/blinky_oled.dir/Users/amerilain/pico/pico-sdk/src/rp2_common/hardware_irq/irq.c.obj
                0x10000e18                irq_set_mask_enabled
 .text.irq_set_enabled
                0x10000e38        0xe CMakeFiles/blinky_oled.dir/Users/amerilain/pico/pico-sdk/src/rp2_common/hardware_irq/irq.c.obj
                0x10000e38                irq_set_enabled
 *fill*         0x10000e46        0x2 
 .text.irq_set_pending
                0x10000e48       0x10 CMakeFiles/blinky_oled.dir/Users/amerilain/pico/pico-sdk/src/rp2_common/hardware_irq/irq.c.obj
                0x10000e48                irq_set_pending
 .text.irq_get_vtable_handler
                0x10000e58       0x10 CMakeFiles/blinky_oled.dir/Users/amerilain/pico/pico-sdk/src/rp2_common/hardware_irq/irq.c.obj
                0x10000e58                irq_get_vtable_handler
 .text.irq_has_shared_handler
                0x10000e68       0x24 CMakeFiles/blinky_oled.dir/Users/amerilain/pico/pico-sdk/src/rp2_common/hardware_irq/irq.c.obj
                0x10000e68                irq_has_shared_handler
 .text.irq_set_exclusive_handler
                0x10000e8c       0x54 CMakeFiles/blinky_oled.dir/Users/amerilain/pico/pico-sdk/src/rp2_common/hardware_irq/irq.c.obj
                0x10000e8c                irq_set_exclusive_handler
 .text.irq_add_shared_handler
                0x10000ee0      0x210 CMakeFiles/blinky_oled.dir/Users/amerilain/pico/pico-sdk/src/rp2_common/hardware_irq/irq.c.obj
                0x10000ee0                irq_add_shared_handler
 .text.irq_remove_handler
                0x100010f0      0x188 CMakeFiles/blinky_oled.dir/Users/amerilain/pico/pico-sdk/src/rp2_common/hardware_irq/irq.c.obj
                0x100010f0                irq_remove_handler
 .text.irq_add_tail_to_free_list
                0x10001278       0xf0 CMakeFiles/blinky_oled.dir/Users/amerilain/pico/pico-sdk/src/rp2_common/hardware_irq/irq.c.obj
                0x10001278                irq_add_tail_to_free_list
 .text.irq_init_priorities
                0x10001368       0x1c CMakeFiles/blinky_oled.dir/Users/amerilain/pico/pico-sdk/src/rp2_common/hardware_irq/irq.c.obj
                0x10001368                irq_init_priorities
 .text.user_irq_claim_unused
                0x10001384       0x2c CMakeFiles/blinky_oled.dir/Users/amerilain/pico/pico-sdk/src/rp2_common/hardware_irq/irq.c.obj
                0x10001384                user_irq_claim_unused
 .text.lock_init
                0x100013b0       0x10 CMakeFiles/blinky_oled.dir/Users/amerilain/pico/pico-sdk/src/common/pico_sync/lock_core.c.obj
                0x100013b0                lock_init
 .text.update_us_since_boot
                0x100013c0       0x24 CMakeFiles/blinky_oled.dir/Users/amerilain/pico/pico-sdk/src/common/pico_sync/mutex.c.obj
 .text.delayed_by_ms
                0x100013e4       0x44 CMakeFiles/blinky_oled.dir/Users/amerilain/pico/pico-sdk/src/common/pico_sync/mutex.c.obj
 .text.get_absolute_time
                0x10001428       0x22 CMakeFiles/blinky_oled.dir/Users/amerilain/pico/pico-sdk/src/common/pico_sync/mutex.c.obj
 .text.make_timeout_time_ms
                0x1000144a       0x20 CMakeFiles/blinky_oled.dir/Users/amerilain/pico/pico-sdk/src/common/pico_sync/mutex.c.obj
 .text.mutex_init
                0x1000146a       0x1a CMakeFiles/blinky_oled.dir/Users/amerilain/pico/pico-sdk/src/common/pico_sync/mutex.c.obj
                0x1000146a                mutex_init
 .text.recursive_mutex_init
                0x10001484       0x1e CMakeFiles/blinky_oled.dir/Users/amerilain/pico/pico-sdk/src/common/pico_sync/mutex.c.obj
                0x10001484                recursive_mutex_init
 *fill*         0x100014a2        0x2 
 .text.critical_section_init_with_lock_num
                0x100014a4       0x14 CMakeFiles/blinky_oled.dir/Users/amerilain/pico/pico-sdk/src/common/pico_sync/critical_section.c.obj
                0x100014a4                critical_section_init_with_lock_num
 .text.critical_section_init
                0x100014b8       0x14 CMakeFiles/blinky_oled.dir/Users/amerilain/pico/pico-sdk/src/common/pico_sync/critical_section.c.obj
                0x100014b8                critical_section_init
 .text.time_reached
                0x100014cc       0x28 CMakeFiles/blinky_oled.dir/Users/amerilain/pico/pico-sdk/src/common/pico_time/time.c.obj
 .text.get_entry
                0x100014f4       0x38 CMakeFiles/blinky_oled.dir/Users/amerilain/pico/pico-sdk/src/common/pico_time/time.c.obj
 .text.timer_pool_entry_comparator
                0x1000152c       0x2e CMakeFiles/blinky_oled.dir/Users/amerilain/pico/pico-sdk/src/common/pico_time/time.c.obj
                0x1000152c                timer_pool_entry_comparator
 *fill*         0x1000155a        0x2 
 .text.update_us_since_boot
                0x1000155c       0x24 CMakeFiles/blinky_oled.dir/Users/amerilain/pico/pico-sdk/src/common/pico_time/time.c.obj
 .text.delayed_by_us
                0x10001580       0x34 CMakeFiles/blinky_oled.dir/Users/amerilain/pico/pico-sdk/src/common/pico_time/time.c.obj
 .text.ph_get_node
                0x100015b4       0x30 CMakeFiles/blinky_oled.dir/Users/amerilain/pico/pico-sdk/src/common/pico_time/time.c.obj
 .text.ph_contains_node
                0x100015e4       0x1e CMakeFiles/blinky_oled.dir/Users/amerilain/pico/pico-sdk/src/common/pico_time/time.c.obj
 .text.ph_new_node
                0x10001602       0x28 CMakeFiles/blinky_oled.dir/Users/amerilain/pico/pico-sdk/src/common/pico_time/time.c.obj
 *fill*         0x1000162a        0x2 
 .text.ph_add_child_node
                0x1000162c       0x6c CMakeFiles/blinky_oled.dir/Users/amerilain/pico/pico-sdk/src/common/pico_time/time.c.obj
 .text.ph_merge_nodes
                0x10001698       0x3e CMakeFiles/blinky_oled.dir/Users/amerilain/pico/pico-sdk/src/common/pico_time/time.c.obj
 *fill*         0x100016d6        0x2 
 .text.ph_insert_node
                0x100016d8       0x3c CMakeFiles/blinky_oled.dir/Users/amerilain/pico/pico-sdk/src/common/pico_time/time.c.obj
 .text.ph_free_node
                0x10001714       0x5c CMakeFiles/blinky_oled.dir/Users/amerilain/pico/pico-sdk/src/common/pico_time/time.c.obj
 .text.get_entry_id_high
                0x10001770       0x30 CMakeFiles/blinky_oled.dir/Users/amerilain/pico/pico-sdk/src/common/pico_time/time.c.obj
 .text.alarm_pool_post_alloc_init
                0x100017a0       0x40 CMakeFiles/blinky_oled.dir/Users/amerilain/pico/pico-sdk/src/common/pico_time/time.c.obj
 .text.sleep_until_callback
                0x100017e0       0x30 CMakeFiles/blinky_oled.dir/Users/amerilain/pico/pico-sdk/src/common/pico_time/time.c.obj
 .text.get_absolute_time
                0x10001810       0x22 CMakeFiles/blinky_oled.dir/Users/amerilain/pico/pico-sdk/src/common/pico_time/time.c.obj
 *fill*         0x10001832        0x2 
 .text.add_alarm_under_lock
                0x10001834       0x94 CMakeFiles/blinky_oled.dir/Users/amerilain/pico/pico-sdk/src/common/pico_time/time.c.obj
 .text.alarm_pool_alarm_callback
                0x100018c8      0x210 CMakeFiles/blinky_oled.dir/Users/amerilain/pico/pico-sdk/src/common/pico_time/time.c.obj
 .text.alarm_pool_init_default
                0x10001ad8       0x40 CMakeFiles/blinky_oled.dir/Users/amerilain/pico/pico-sdk/src/common/pico_time/time.c.obj
                0x10001ad8                alarm_pool_init_default
 .text.alarm_pool_get_default
                0x10001b18       0x2c CMakeFiles/blinky_oled.dir/Users/amerilain/pico/pico-sdk/src/common/pico_time/time.c.obj
                0x10001b18                alarm_pool_get_default
 .text.alarm_pool_add_alarm_at
                0x10001b44      0x10e CMakeFiles/blinky_oled.dir/Users/amerilain/pico/pico-sdk/src/common/pico_time/time.c.obj
                0x10001b44                alarm_pool_add_alarm_at
 .text.add_alarm_at
                0x10001c52       0x2e CMakeFiles/blinky_oled.dir/Users/amerilain/pico/pico-sdk/src/common/pico_time/time.c.obj
 .text.alarm_pool_cancel_alarm
                0x10001c80       0xa8 CMakeFiles/blinky_oled.dir/Users/amerilain/pico/pico-sdk/src/common/pico_time/time.c.obj
                0x10001c80                alarm_pool_cancel_alarm
 .text.cancel_alarm
                0x10001d28       0x10 CMakeFiles/blinky_oled.dir/Users/amerilain/pico/pico-sdk/src/common/pico_time/time.c.obj
 .text.alarm_pool_core_num
                0x10001d38        0x4 CMakeFiles/blinky_oled.dir/Users/amerilain/pico/pico-sdk/src/common/pico_time/time.c.obj
                0x10001d38                alarm_pool_core_num
 .text.best_effort_wfe_or_timeout
                0x10001d3c       0x44 CMakeFiles/blinky_oled.dir/Users/amerilain/pico/pico-sdk/src/common/pico_time/time.c.obj
                0x10001d3c                best_effort_wfe_or_timeout
 .text.hardware_alarm_irq_handler
                0x10001d80       0x8c CMakeFiles/blinky_oled.dir/Users/amerilain/pico/pico-sdk/src/rp2_common/hardware_timer/timer.c.obj
 .text.hardware_alarm_claim
                0x10001e0c       0x18 CMakeFiles/blinky_oled.dir/Users/amerilain/pico/pico-sdk/src/rp2_common/hardware_timer/timer.c.obj
                0x10001e0c                hardware_alarm_claim
 .text.time_us_64
                0x10001e24       0x18 CMakeFiles/blinky_oled.dir/Users/amerilain/pico/pico-sdk/src/rp2_common/hardware_timer/timer.c.obj
                0x10001e24                time_us_64
 .text.hardware_alarm_set_callback
                0x10001e3c       0x90 CMakeFiles/blinky_oled.dir/Users/amerilain/pico/pico-sdk/src/rp2_common/hardware_timer/timer.c.obj
                0x10001e3c                hardware_alarm_set_callback
 .text.hardware_alarm_set_target
                0x10001ecc       0xe8 CMakeFiles/blinky_oled.dir/Users/amerilain/pico/pico-sdk/src/rp2_common/hardware_timer/timer.c.obj
                0x10001ecc                hardware_alarm_set_target
 .text.hardware_alarm_cancel
                0x10001fb4       0x40 CMakeFiles/blinky_oled.dir/Users/amerilain/pico/pico-sdk/src/rp2_common/hardware_timer/timer.c.obj
                0x10001fb4                hardware_alarm_cancel
 .text.ph_get_node
                0x10001ff4       0x30 CMakeFiles/blinky_oled.dir/Users/amerilain/pico/pico-sdk/src/common/pico_util/pheap.c.obj
 .text.ph_add_child_node
                0x10002024       0x6c CMakeFiles/blinky_oled.dir/Users/amerilain/pico/pico-sdk/src/common/pico_util/pheap.c.obj
 .text.ph_merge_nodes
                0x10002090       0x3e CMakeFiles/blinky_oled.dir/Users/amerilain/pico/pico-sdk/src/common/pico_util/pheap.c.obj
 .text.ph_clear
                0x100020ce       0x34 CMakeFiles/blinky_oled.dir/Users/amerilain/pico/pico-sdk/src/common/pico_util/pheap.c.obj
                0x100020ce                ph_clear
 .text.ph_post_alloc_init
                0x10002102        0xe CMakeFiles/blinky_oled.dir/Users/amerilain/pico/pico-sdk/src/common/pico_util/pheap.c.obj
                0x10002102                ph_post_alloc_init
 .text.ph_merge_two_pass
                0x10002110       0x5c CMakeFiles/blinky_oled.dir/Users/amerilain/pico/pico-sdk/src/common/pico_util/pheap.c.obj
                0x10002110                ph_merge_two_pass
 .text.ph_remove_any_head
                0x1000216c       0xc0 CMakeFiles/blinky_oled.dir/Users/amerilain/pico/pico-sdk/src/common/pico_util/pheap.c.obj
 .text.ph_remove_head
                0x1000222c       0x14 CMakeFiles/blinky_oled.dir/Users/amerilain/pico/pico-sdk/src/common/pico_util/pheap.c.obj
                0x1000222c                ph_remove_head
 .text.ph_remove_and_free_node
                0x10002240       0xa0 CMakeFiles/blinky_oled.dir/Users/amerilain/pico/pico-sdk/src/common/pico_util/pheap.c.obj
                0x10002240                ph_remove_and_free_node
 .text.clock_configure
                0x100022e0      0x108 CMakeFiles/blinky_oled.dir/Users/amerilain/pico/pico-sdk/src/rp2_common/hardware_clocks/clocks.c.obj
                0x100022e0                clock_configure
 .text.clocks_init
                0x100023e8      0x100 CMakeFiles/blinky_oled.dir/Users/amerilain/pico/pico-sdk/src/rp2_common/hardware_clocks/clocks.c.obj
                0x100023e8                clocks_init
 .text.clock_get_hz
                0x100024e8        0xc CMakeFiles/blinky_oled.dir/Users/amerilain/pico/pico-sdk/src/rp2_common/hardware_clocks/clocks.c.obj
                0x100024e8                clock_get_hz
 .text.pll_init
                0x100024f4      0x120 CMakeFiles/blinky_oled.dir/Users/amerilain/pico/pico-sdk/src/rp2_common/hardware_pll/pll.c.obj
                0x100024f4                pll_init
 .text.watchdog_start_tick
                0x10002614       0x10 CMakeFiles/blinky_oled.dir/Users/amerilain/pico/pico-sdk/src/rp2_common/hardware_watchdog/watchdog.c.obj
                0x10002614                watchdog_start_tick
 .text.watchdog_update
                0x10002624       0x14 CMakeFiles/blinky_oled.dir/Users/amerilain/pico/pico-sdk/src/rp2_common/hardware_watchdog/watchdog.c.obj
                0x10002624                watchdog_update
 .text._watchdog_enable
                0x10002638       0x78 CMakeFiles/blinky_oled.dir/Users/amerilain/pico/pico-sdk/src/rp2_common/hardware_watchdog/watchdog.c.obj
                0x10002638                _watchdog_enable
 .text.watchdog_reboot
                0x100026b0       0x48 CMakeFiles/blinky_oled.dir/Users/amerilain/pico/pico-sdk/src/rp2_common/hardware_watchdog/watchdog.c.obj
                0x100026b0                watchdog_reboot
 .text.xosc_init
                0x100026f8       0x28 CMakeFiles/blinky_oled.dir/Users/amerilain/pico/pico-sdk/src/rp2_common/hardware_xosc/xosc.c.obj
                0x100026f8                xosc_init
 .text._exit    0x10002720        0x4 CMakeFiles/blinky_oled.dir/Users/amerilain/pico/pico-sdk/src/rp2_common/pico_runtime/runtime.c.obj
                0x10002720                _exit
 .text._sbrk    0x10002724       0x38 CMakeFiles/blinky_oled.dir/Users/amerilain/pico/pico-sdk/src/rp2_common/pico_runtime/runtime.c.obj
                0x10002724                _sbrk
 .text.exit     0x1000275c        0x6 CMakeFiles/blinky_oled.dir/Users/amerilain/pico/pico-sdk/src/rp2_common/pico_runtime/runtime.c.obj
                0x1000275c                exit
 *fill*         0x10002762        0x2 
 .text.__assert_func
                0x10002764       0x38 CMakeFiles/blinky_oled.dir/Users/amerilain/pico/pico-sdk/src/rp2_common/pico_runtime/runtime.c.obj
                0x10002764                __assert_func
 .text.runtime_init
                0x1000279c       0xf8 CMakeFiles/blinky_oled.dir/Users/amerilain/pico/pico-sdk/src/rp2_common/pico_runtime/runtime.c.obj
                0x1000279c                runtime_init
 .text.panic    0x10002894       0x30 CMakeFiles/blinky_oled.dir/Users/amerilain/pico/pico-sdk/src/rp2_common/pico_runtime/runtime.c.obj
                0x10002894                panic
 .text._out_buffer
                0x100028c4        0x8 CMakeFiles/blinky_oled.dir/Users/amerilain/pico/pico-sdk/src/rp2_common/pico_printf/printf.c.obj
 .text._out_null
                0x100028cc        0x2 CMakeFiles/blinky_oled.dir/Users/amerilain/pico/pico-sdk/src/rp2_common/pico_printf/printf.c.obj
 .text._out_fct
                0x100028ce        0xe CMakeFiles/blinky_oled.dir/Users/amerilain/pico/pico-sdk/src/rp2_common/pico_printf/printf.c.obj
 .text._atoi    0x100028dc       0x24 CMakeFiles/blinky_oled.dir/Users/amerilain/pico/pico-sdk/src/rp2_common/pico_printf/printf.c.obj
 .text._out_rev
                0x10002900       0xae CMakeFiles/blinky_oled.dir/Users/amerilain/pico/pico-sdk/src/rp2_common/pico_printf/printf.c.obj
 .text._ntoa_format
                0x100029ae      0x110 CMakeFiles/blinky_oled.dir/Users/amerilain/pico/pico-sdk/src/rp2_common/pico_printf/printf.c.obj
 .text._ntoa_long
                0x10002abe       0xbc CMakeFiles/blinky_oled.dir/Users/amerilain/pico/pico-sdk/src/rp2_common/pico_printf/printf.c.obj
 .text._ntoa_long_long
                0x10002b7a      0x10e CMakeFiles/blinky_oled.dir/Users/amerilain/pico/pico-sdk/src/rp2_common/pico_printf/printf.c.obj
 .text._etoa    0x10002c88      0x420 CMakeFiles/blinky_oled.dir/Users/amerilain/pico/pico-sdk/src/rp2_common/pico_printf/printf.c.obj
 .text._ftoa    0x100030a8      0x354 CMakeFiles/blinky_oled.dir/Users/amerilain/pico/pico-sdk/src/rp2_common/pico_printf/printf.c.obj
 .text._vsnprintf
                0x100033fc      0x668 CMakeFiles/blinky_oled.dir/Users/amerilain/pico/pico-sdk/src/rp2_common/pico_printf/printf.c.obj
 .text.__wrap_sprintf
                0x10003a64       0x2c CMakeFiles/blinky_oled.dir/Users/amerilain/pico/pico-sdk/src/rp2_common/pico_printf/printf.c.obj
                0x10003a64                __wrap_sprintf
 .text.vfctprintf
                0x10003a90       0x20 CMakeFiles/blinky_oled.dir/Users/amerilain/pico/pico-sdk/src/rp2_common/pico_printf/printf.c.obj
                0x10003a90                vfctprintf
 .text          0x10003ab0       0x10 CMakeFiles/blinky_oled.dir/Users/amerilain/pico/pico-sdk/src/rp2_common/pico_bit_ops/bit_ops_aeabi.S.obj
 .text.rom_func_lookup
                0x10003ac0       0x10 CMakeFiles/blinky_oled.dir/Users/amerilain/pico/pico-sdk/src/rp2_common/pico_bootrom/bootrom.c.obj
                0x10003ac0                rom_func_lookup
 .text.rom_data_lookup
                0x10003ad0       0x10 CMakeFiles/blinky_oled.dir/Users/amerilain/pico/pico-sdk/src/rp2_common/pico_bootrom/bootrom.c.obj
                0x10003ad0                rom_data_lookup
 .text.rom_funcs_lookup
                0x10003ae0       0x36 CMakeFiles/blinky_oled.dir/Users/amerilain/pico/pico-sdk/src/rp2_common/pico_bootrom/bootrom.c.obj
                0x10003ae0                rom_funcs_lookup
 *fill*         0x10003b16        0x2 
 .text.__wrap___aeabi_idiv
                0x10003b18       0x50 CMakeFiles/blinky_oled.dir/Users/amerilain/pico/pico-sdk/src/rp2_common/pico_divider/divider.S.obj
                0x10003b18                __wrap___aeabi_idivmod
                0x10003b18                divmod_s32s32
                0x10003b18                div_s32s32
                0x10003b18                __wrap___aeabi_idiv
                0x10003b20                divmod_s32s32_unsafe
                0x10003b4c                divmod_s32s32_savestate
 .text.__wrap___aeabi_uidiv
                0x10003b68       0x4c CMakeFiles/blinky_oled.dir/Users/amerilain/pico/pico-sdk/src/rp2_common/pico_divider/divider.S.obj
                0x10003b68                __wrap___aeabi_uidiv
                0x10003b68                __wrap___aeabi_uidivmod
                0x10003b68                div_u32u32
                0x10003b68                divmod_u32u32
                0x10003b70                divmod_u32u32_unsafe
                0x10003b98                divmod_u32u32_savestate
 .text.__wrap___aeabi_ldiv
                0x10003bb4      0x424 CMakeFiles/blinky_oled.dir/Users/amerilain/pico/pico-sdk/src/rp2_common/pico_divider/divider.S.obj
                0x10003bb4                __wrap___aeabi_ldivmod
                0x10003bb4                div_s64s64
                0x10003bb4                divmod_s64s64
                0x10003be4                divmod_u64u64
                0x10003be4                div_u64u64
                0x10003be4                __wrap___aeabi_uldivmod
                0x10003bf4                divmod_u64u64_savestate
                0x10003c14                divmod_s64s64_unsafe
                0x10003c9c                divmod_u64u64_unsafe
 .text.__wrap___aeabi_darithmetic
                0x10003fd8       0x60 CMakeFiles/blinky_oled.dir/Users/amerilain/pico/pico-sdk/src/rp2_common/pico_double/double_aeabi.S.obj
                0x10003fd8                __wrap___aeabi_drsub
                0x10003fde                __wrap___aeabi_dsub
                0x10003fe8                __wrap___aeabi_dadd
                0x10003ff2                __wrap___aeabi_ddiv
                0x10004026                __wrap___aeabi_dmul
 .text.__wrap___aeabi_cdcmple
                0x10004038       0x6c CMakeFiles/blinky_oled.dir/Users/amerilain/pico/pico-sdk/src/rp2_common/pico_double/double_aeabi.S.obj
                0x10004038                __wrap___aeabi_cdrcmple
                0x10004048                __wrap___aeabi_cdcmple
                0x10004048                __wrap___aeabi_cdcmpeq
 .text.__wrap___aeabi_dcmplt
                0x100040a4        0xc CMakeFiles/blinky_oled.dir/Users/amerilain/pico/pico-sdk/src/rp2_common/pico_double/double_aeabi.S.obj
                0x100040a4                __wrap___aeabi_dcmplt
 .text.__wrap___aeabi_dcmple
                0x100040b0       0x10 CMakeFiles/blinky_oled.dir/Users/amerilain/pico/pico-sdk/src/rp2_common/pico_double/double_aeabi.S.obj
                0x100040b0                __wrap___aeabi_dcmple
 .text.__wrap___aeabi_dcmpge
                0x100040c0       0x10 CMakeFiles/blinky_oled.dir/Users/amerilain/pico/pico-sdk/src/rp2_common/pico_double/double_aeabi.S.obj
                0x100040c0                __wrap___aeabi_dcmpge
 .text.__wrap___aeabi_dcmpgt
                0x100040d0        0xa CMakeFiles/blinky_oled.dir/Users/amerilain/pico/pico-sdk/src/rp2_common/pico_double/double_aeabi.S.obj
                0x100040d0                __wrap___aeabi_dcmpgt
 .text.__wrap___aeabi_dcmpun
                0x100040da       0x1c CMakeFiles/blinky_oled.dir/Users/amerilain/pico/pico-sdk/src/rp2_common/pico_double/double_aeabi.S.obj
                0x100040da                __wrap___aeabi_dcmpun
 *fill*         0x100040f6        0x2 
 .text.__wrap___aeabi_i2d
                0x100040f8       0x38 CMakeFiles/blinky_oled.dir/Users/amerilain/pico/pico-sdk/src/rp2_common/pico_double/double_aeabi.S.obj
                0x100040f8                __wrap___aeabi_ui2d
                0x10004100                __wrap___aeabi_i2d
 .text.__wrap___aeabi_d2iz
                0x10004130       0x48 CMakeFiles/blinky_oled.dir/Users/amerilain/pico/pico-sdk/src/rp2_common/pico_double/double_aeabi.S.obj
                0x10004130                __wrap___aeabi_d2iz
                0x10004130                double2int_z
 .text.__wrap___aeabi_d2uiz
                0x10004178       0x10 CMakeFiles/blinky_oled.dir/Users/amerilain/pico/pico-sdk/src/rp2_common/pico_double/double_aeabi.S.obj
                0x10004178                double2uint
                0x10004178                __wrap___aeabi_d2uiz
 .text.missing_double_func_shim
                0x10004188        0xc CMakeFiles/blinky_oled.dir/Users/amerilain/pico/pico-sdk/src/rp2_common/pico_double/double_init_rom.c.obj
 .text.__aeabi_double_init
                0x10004194       0xd0 CMakeFiles/blinky_oled.dir/Users/amerilain/pico/pico-sdk/src/rp2_common/pico_double/double_init_rom.c.obj
                0x10004194                __aeabi_double_init
 .text.double_table_shim_on_use_helper
                0x10004264       0x34 CMakeFiles/blinky_oled.dir/Users/amerilain/pico/pico-sdk/src/rp2_common/pico_double/double_v1_rom_shim.S.obj
                0x10004264                double_table_shim_on_use_helper
 .text.__aeabi_lmul
                0x10004298       0x32 CMakeFiles/blinky_oled.dir/Users/amerilain/pico/pico-sdk/src/rp2_common/pico_int64_ops/pico_int64_ops_aeabi.S.obj
                0x10004298                __wrap___aeabi_lmul
 *fill*         0x100042ca        0x2 
 .text.missing_float_func_shim
                0x100042cc        0xc CMakeFiles/blinky_oled.dir/Users/amerilain/pico/pico-sdk/src/rp2_common/pico_float/float_init_rom.c.obj
 .text.__aeabi_float_init
                0x100042d8       0x88 CMakeFiles/blinky_oled.dir/Users/amerilain/pico/pico-sdk/src/rp2_common/pico_float/float_init_rom.c.obj
                0x100042d8                __aeabi_float_init
 .text.check_alloc
                0x10004360       0x20 CMakeFiles/blinky_oled.dir/Users/amerilain/pico/pico-sdk/src/rp2_common/pico_malloc/pico_malloc.c.obj
 .text.__wrap_malloc
                0x10004380       0x14 CMakeFiles/blinky_oled.dir/Users/amerilain/pico/pico-sdk/src/rp2_common/pico_malloc/pico_malloc.c.obj
                0x10004380                __wrap_malloc
 .text.__wrap_free
                0x10004394        0x8 CMakeFiles/blinky_oled.dir/Users/amerilain/pico/pico-sdk/src/rp2_common/pico_malloc/pico_malloc.c.obj
                0x10004394                __wrap_free
 .text          0x1000439c       0x10 CMakeFiles/blinky_oled.dir/Users/amerilain/pico/pico-sdk/src/rp2_common/pico_mem_ops/mem_ops_aeabi.S.obj
                0x1000439c                __aeabi_mem_init
 .text.memset   0x100043ac        0xc CMakeFiles/blinky_oled.dir/Users/amerilain/pico/pico-sdk/src/rp2_common/pico_mem_ops/mem_ops_aeabi.S.obj
                0x100043ac                __wrap_memset
 .text.memcpy   0x100043b8        0xc CMakeFiles/blinky_oled.dir/Users/amerilain/pico/pico-sdk/src/rp2_common/pico_mem_ops/mem_ops_aeabi.S.obj
                0x100043b8                __wrap___aeabi_memcpy
                0x100043b8                __wrap_memcpy
 .text._Znwj    0x100043c4        0x8 CMakeFiles/blinky_oled.dir/Users/amerilain/pico/pico-sdk/src/rp2_common/pico_standard_link/new_delete.cpp.obj
                0x100043c4                operator new(unsigned int)
 .text._Znaj    0x100043cc        0x8 CMakeFiles/blinky_oled.dir/Users/amerilain/pico/pico-sdk/src/rp2_common/pico_standard_link/new_delete.cpp.obj
                0x100043cc                operator new[](unsigned int)
 .text._ZdlPvj  0x100043d4        0x8 CMakeFiles/blinky_oled.dir/Users/amerilain/pico/pico-sdk/src/rp2_common/pico_standard_link/new_delete.cpp.obj
                0x100043d4                operator delete(void*, unsigned int)
 .text.stdio_out_chars_no_crlf
                0x100043dc        0xe CMakeFiles/blinky_oled.dir/Users/amerilain/pico/pico-sdk/src/rp2_common/pico_stdio/stdio.c.obj
 *fill*         0x100043ea        0x2 
 .text.stdio_out_chars_crlf
                0x100043ec       0x80 CMakeFiles/blinky_oled.dir/Users/amerilain/pico/pico-sdk/src/rp2_common/pico_stdio/stdio.c.obj
 .text.stdio_stack_buffer_flush
                0x1000446c       0x44 CMakeFiles/blinky_oled.dir/Users/amerilain/pico/pico-sdk/src/rp2_common/pico_stdio/stdio.c.obj
 .text.stdio_buffered_printer
                0x100044b0       0x20 CMakeFiles/blinky_oled.dir/Users/amerilain/pico/pico-sdk/src/rp2_common/pico_stdio/stdio.c.obj
 .text.update_us_since_boot
                0x100044d0       0x24 CMakeFiles/blinky_oled.dir/Users/amerilain/pico/pico-sdk/src/rp2_common/pico_stdio/stdio.c.obj
 .text.get_absolute_time
                0x100044f4       0x22 CMakeFiles/blinky_oled.dir/Users/amerilain/pico/pico-sdk/src/rp2_common/pico_stdio/stdio.c.obj
 *fill*         0x10004516        0x2 
 .text.delayed_by_ms
                0x10004518       0x44 CMakeFiles/blinky_oled.dir/Users/amerilain/pico/pico-sdk/src/rp2_common/pico_stdio/stdio.c.obj
 .text.make_timeout_time_ms
                0x1000455c       0x20 CMakeFiles/blinky_oled.dir/Users/amerilain/pico/pico-sdk/src/rp2_common/pico_stdio/stdio.c.obj
 .text.stdout_serialize_begin
                0x1000457c       0x20 CMakeFiles/blinky_oled.dir/Users/amerilain/pico/pico-sdk/src/rp2_common/pico_stdio/stdio.c.obj
                0x1000457c                stdout_serialize_begin
 .text.stdout_serialize_end
                0x1000459c       0x10 CMakeFiles/blinky_oled.dir/Users/amerilain/pico/pico-sdk/src/rp2_common/pico_stdio/stdio.c.obj
                0x1000459c                stdout_serialize_end
 .text.stdio_put_string
                0x100045ac       0x98 CMakeFiles/blinky_oled.dir/Users/amerilain/pico/pico-sdk/src/rp2_common/pico_stdio/stdio.c.obj
 .text.stdio_set_driver_enabled
                0x10004644       0x2c CMakeFiles/blinky_oled.dir/Users/amerilain/pico/pico-sdk/src/rp2_common/pico_stdio/stdio.c.obj
                0x10004644                stdio_set_driver_enabled
 .text.stdio_flush
                0x10004670       0x20 CMakeFiles/blinky_oled.dir/Users/amerilain/pico/pico-sdk/src/rp2_common/pico_stdio/stdio.c.obj
                0x10004670                stdio_flush
 .text.__wrap_puts
                0x10004690       0x1e CMakeFiles/blinky_oled.dir/Users/amerilain/pico/pico-sdk/src/rp2_common/pico_stdio/stdio.c.obj
                0x10004690                __wrap_puts
 *fill*         0x100046ae        0x2 
 .text.__wrap_vprintf
                0x100046b0       0x40 CMakeFiles/blinky_oled.dir/Users/amerilain/pico/pico-sdk/src/rp2_common/pico_stdio/stdio.c.obj
                0x100046b0                __wrap_vprintf
 .text.__wrap_printf
                0x100046f0       0x18 CMakeFiles/blinky_oled.dir/Users/amerilain/pico/pico-sdk/src/rp2_common/pico_stdio/stdio.c.obj
                0x100046f0                __wrap_printf
 .text.stdio_init_all
                0x10004708        0x8 CMakeFiles/blinky_oled.dir/Users/amerilain/pico/pico-sdk/src/rp2_common/pico_stdio/stdio.c.obj
                0x10004708                stdio_init_all
 .text.resetd_init
                0x10004710        0x2 CMakeFiles/blinky_oled.dir/Users/amerilain/pico/pico-sdk/src/rp2_common/pico_stdio_usb/reset_interface.c.obj
 *fill*         0x10004712        0x2 
 .text.resetd_reset
                0x10004714        0xc CMakeFiles/blinky_oled.dir/Users/amerilain/pico/pico-sdk/src/rp2_common/pico_stdio_usb/reset_interface.c.obj
 .text.resetd_open
                0x10004720       0x34 CMakeFiles/blinky_oled.dir/Users/amerilain/pico/pico-sdk/src/rp2_common/pico_stdio_usb/reset_interface.c.obj
 .text.resetd_xfer_cb
                0x10004754        0x4 CMakeFiles/blinky_oled.dir/Users/amerilain/pico/pico-sdk/src/rp2_common/pico_stdio_usb/reset_interface.c.obj
 .text.reset_usb_boot
                0x10004758       0x18 CMakeFiles/blinky_oled.dir/Users/amerilain/pico/pico-sdk/src/rp2_common/pico_stdio_usb/reset_interface.c.obj
 .text.resetd_control_xfer_cb
                0x10004770       0x5c CMakeFiles/blinky_oled.dir/Users/amerilain/pico/pico-sdk/src/rp2_common/pico_stdio_usb/reset_interface.c.obj
 .text.usbd_app_driver_get_cb
                0x100047cc        0xc CMakeFiles/blinky_oled.dir/Users/amerilain/pico/pico-sdk/src/rp2_common/pico_stdio_usb/reset_interface.c.obj
                0x100047cc                usbd_app_driver_get_cb
 .text.tud_cdc_line_coding_cb
                0x100047d8       0x28 CMakeFiles/blinky_oled.dir/Users/amerilain/pico/pico-sdk/src/rp2_common/pico_stdio_usb/reset_interface.c.obj
                0x100047d8                tud_cdc_line_coding_cb
 .text.stdio_usb_set_chars_available_callback
                0x10004800       0x14 CMakeFiles/blinky_oled.dir/Users/amerilain/pico/pico-sdk/src/rp2_common/pico_stdio_usb/stdio_usb.c.obj
                0x10004800                stdio_usb_set_chars_available_callback
 .text.update_us_since_boot
                0x10004814       0x24 CMakeFiles/blinky_oled.dir/Users/amerilain/pico/pico-sdk/src/rp2_common/pico_stdio_usb/stdio_usb.c.obj
 .text.get_absolute_time
                0x10004838       0x22 CMakeFiles/blinky_oled.dir/Users/amerilain/pico/pico-sdk/src/rp2_common/pico_stdio_usb/stdio_usb.c.obj
 *fill*         0x1000485a        0x2 
 .text.delayed_by_ms
                0x1000485c       0x44 CMakeFiles/blinky_oled.dir/Users/amerilain/pico/pico-sdk/src/rp2_common/pico_stdio_usb/stdio_usb.c.obj
 .text.make_timeout_time_ms
                0x100048a0       0x20 CMakeFiles/blinky_oled.dir/Users/amerilain/pico/pico-sdk/src/rp2_common/pico_stdio_usb/stdio_usb.c.obj
 .text.delayed_by_us
                0x100048c0       0x34 CMakeFiles/blinky_oled.dir/Users/amerilain/pico/pico-sdk/src/rp2_common/pico_stdio_usb/stdio_usb.c.obj
 .text.usb_irq  0x100048f4       0x10 CMakeFiles/blinky_oled.dir/Users/amerilain/pico/pico-sdk/src/rp2_common/pico_stdio_usb/stdio_usb.c.obj
 .text.critical_section_enter_blocking
                0x10004904       0x16 CMakeFiles/blinky_oled.dir/Users/amerilain/pico/pico-sdk/src/rp2_common/pico_stdio_usb/stdio_usb.c.obj
 *fill*         0x1000491a        0x2 
 .text.timer_task
                0x1000491c       0x4c CMakeFiles/blinky_oled.dir/Users/amerilain/pico/pico-sdk/src/rp2_common/pico_stdio_usb/stdio_usb.c.obj
 .text.alarm_pool_add_alarm_in_us
                0x10004968       0x3a CMakeFiles/blinky_oled.dir/Users/amerilain/pico/pico-sdk/src/rp2_common/pico_stdio_usb/stdio_usb.c.obj
 .text.add_alarm_in_us
                0x100049a2       0x2e CMakeFiles/blinky_oled.dir/Users/amerilain/pico/pico-sdk/src/rp2_common/pico_stdio_usb/stdio_usb.c.obj
 .text.low_priority_worker_irq
                0x100049d0       0x7c CMakeFiles/blinky_oled.dir/Users/amerilain/pico/pico-sdk/src/rp2_common/pico_stdio_usb/stdio_usb.c.obj
 .text.tud_cdc_rx_cb
                0x10004a4c       0x20 CMakeFiles/blinky_oled.dir/Users/amerilain/pico/pico-sdk/src/rp2_common/pico_stdio_usb/stdio_usb.c.obj
                0x10004a4c                tud_cdc_rx_cb
 .text.stdio_usb_init
                0x10004a6c       0xd0 CMakeFiles/blinky_oled.dir/Users/amerilain/pico/pico-sdk/src/rp2_common/pico_stdio_usb/stdio_usb.c.obj
                0x10004a6c                stdio_usb_init
 .text.stdio_usb_connected
                0x10004b3c        0xa CMakeFiles/blinky_oled.dir/Users/amerilain/pico/pico-sdk/src/rp2_common/pico_stdio_usb/stdio_usb.c.obj
                0x10004b3c                stdio_usb_connected
 *fill*         0x10004b46        0x2 
 .text.stdio_usb_in_chars
                0x10004b48       0x88 CMakeFiles/blinky_oled.dir/Users/amerilain/pico/pico-sdk/src/rp2_common/pico_stdio_usb/stdio_usb.c.obj
                0x10004b48                stdio_usb_in_chars
 .text.stdio_usb_out_chars
                0x10004bd0       0xd8 CMakeFiles/blinky_oled.dir/Users/amerilain/pico/pico-sdk/src/rp2_common/pico_stdio_usb/stdio_usb.c.obj
 .text.tud_descriptor_device_cb
                0x10004ca8        0x8 CMakeFiles/blinky_oled.dir/Users/amerilain/pico/pico-sdk/src/rp2_common/pico_stdio_usb/stdio_usb_descriptors.c.obj
                0x10004ca8                tud_descriptor_device_cb
 .text.tud_descriptor_configuration_cb
                0x10004cb0        0x8 CMakeFiles/blinky_oled.dir/Users/amerilain/pico/pico-sdk/src/rp2_common/pico_stdio_usb/stdio_usb_descriptors.c.obj
                0x10004cb0                tud_descriptor_configuration_cb
 .text.tud_descriptor_string_cb
                0x10004cb8       0x6c CMakeFiles/blinky_oled.dir/Users/amerilain/pico/pico-sdk/src/rp2_common/pico_stdio_usb/stdio_usb_descriptors.c.obj
                0x10004cb8                tud_descriptor_string_cb
 .text._retrieve_unique_id_on_boot
                0x10004d24       0x10 CMakeFiles/blinky_oled.dir/Users/amerilain/pico/pico-sdk/src/rp2_common/pico_unique_id/unique_id.c.obj
 .text.pico_get_unique_board_id_string
                0x10004d34       0x5c CMakeFiles/blinky_oled.dir/Users/amerilain/pico/pico-sdk/src/rp2_common/pico_unique_id/unique_id.c.obj
                0x10004d34                pico_get_unique_board_id_string
 .text.flash_get_unique_id
                0x10004d90       0x40 CMakeFiles/blinky_oled.dir/Users/amerilain/pico/pico-sdk/src/rp2_common/hardware_flash/flash.c.obj
                0x10004d90                flash_get_unique_id
 .text.hw_endpoint_get_by_addr
                0x10004dd0       0x18 CMakeFiles/blinky_oled.dir/Users/amerilain/pico/pico-sdk/lib/tinyusb/src/portable/raspberrypi/rp2040/dcd_rp2040.c.obj
 .text._hw_endpoint_alloc
                0x10004de8       0x70 CMakeFiles/blinky_oled.dir/Users/amerilain/pico/pico-sdk/lib/tinyusb/src/portable/raspberrypi/rp2040/dcd_rp2040.c.obj
 .text.hw_endpoint_init
                0x10004e58       0x88 CMakeFiles/blinky_oled.dir/Users/amerilain/pico/pico-sdk/lib/tinyusb/src/portable/raspberrypi/rp2040/dcd_rp2040.c.obj
 .text.dcd_event_sof
                0x10004ee0       0x2c CMakeFiles/blinky_oled.dir/Users/amerilain/pico/pico-sdk/lib/tinyusb/src/portable/raspberrypi/rp2040/dcd_rp2040.c.obj
 .text.hw_endpoint_xfer
                0x10004f0c       0x14 CMakeFiles/blinky_oled.dir/Users/amerilain/pico/pico-sdk/lib/tinyusb/src/portable/raspberrypi/rp2040/dcd_rp2040.c.obj
 .text.dcd_int_enable
                0x10004f20       0x2c CMakeFiles/blinky_oled.dir/Users/amerilain/pico/pico-sdk/lib/tinyusb/src/portable/raspberrypi/rp2040/dcd_rp2040.c.obj
                0x10004f20                dcd_int_enable
 .text.dcd_set_address
                0x10004f4c       0x2c CMakeFiles/blinky_oled.dir/Users/amerilain/pico/pico-sdk/lib/tinyusb/src/portable/raspberrypi/rp2040/dcd_rp2040.c.obj
                0x10004f4c                dcd_set_address
 .text.dcd_connect
                0x10004f78       0x10 CMakeFiles/blinky_oled.dir/Users/amerilain/pico/pico-sdk/lib/tinyusb/src/portable/raspberrypi/rp2040/dcd_rp2040.c.obj
                0x10004f78                dcd_connect
 .text.dcd_init
                0x10004f88       0x80 CMakeFiles/blinky_oled.dir/Users/amerilain/pico/pico-sdk/lib/tinyusb/src/portable/raspberrypi/rp2040/dcd_rp2040.c.obj
                0x10004f88                dcd_init
 .text.dcd_edpt0_status_complete
                0x10005008       0x1c CMakeFiles/blinky_oled.dir/Users/amerilain/pico/pico-sdk/lib/tinyusb/src/portable/raspberrypi/rp2040/dcd_rp2040.c.obj
                0x10005008                dcd_edpt0_status_complete
 .text.dcd_edpt_open
                0x10005024       0x40 CMakeFiles/blinky_oled.dir/Users/amerilain/pico/pico-sdk/lib/tinyusb/src/portable/raspberrypi/rp2040/dcd_rp2040.c.obj
                0x10005024                dcd_edpt_open
 .text.dcd_edpt_close_all
                0x10005064        0x8 CMakeFiles/blinky_oled.dir/Users/amerilain/pico/pico-sdk/lib/tinyusb/src/portable/raspberrypi/rp2040/dcd_rp2040.c.obj
                0x10005064                dcd_edpt_close_all
 .text.dcd_edpt_xfer
                0x1000506c       0x34 CMakeFiles/blinky_oled.dir/Users/amerilain/pico/pico-sdk/lib/tinyusb/src/portable/raspberrypi/rp2040/dcd_rp2040.c.obj
                0x1000506c                dcd_edpt_xfer
 .text.dcd_edpt_stall
                0x100050a0       0x2c CMakeFiles/blinky_oled.dir/Users/amerilain/pico/pico-sdk/lib/tinyusb/src/portable/raspberrypi/rp2040/dcd_rp2040.c.obj
                0x100050a0                dcd_edpt_stall
 .text.dcd_edpt_clear_stall
                0x100050cc       0x20 CMakeFiles/blinky_oled.dir/Users/amerilain/pico/pico-sdk/lib/tinyusb/src/portable/raspberrypi/rp2040/dcd_rp2040.c.obj
                0x100050cc                dcd_edpt_clear_stall
 .text.rp2040_usb_init
                0x100050ec       0x4c CMakeFiles/blinky_oled.dir/Users/amerilain/pico/pico-sdk/lib/tinyusb/src/portable/raspberrypi/rp2040/rp2040_usb.c.obj
                0x100050ec                rp2040_usb_init
 .text.hw_endpoint_xfer_start
                0x10005138       0x50 CMakeFiles/blinky_oled.dir/Users/amerilain/pico/pico-sdk/lib/tinyusb/src/portable/raspberrypi/rp2040/rp2040_usb.c.obj
                0x10005138                hw_endpoint_xfer_start
 .text.configuration_reset
                0x10005188       0x84 CMakeFiles/blinky_oled.dir/Users/amerilain/pico/pico-sdk/lib/tinyusb/src/device/usbd.c.obj
 .text.critical_section_enter_blocking
                0x1000520c       0x16 CMakeFiles/blinky_oled.dir/Users/amerilain/pico/pico-sdk/lib/tinyusb/src/device/usbd.c.obj
 .text.usbd_reset
                0x10005222        0xc CMakeFiles/blinky_oled.dir/Users/amerilain/pico/pico-sdk/lib/tinyusb/src/device/usbd.c.obj
 .text.invoke_class_control
                0x1000522e       0x1a CMakeFiles/blinky_oled.dir/Users/amerilain/pico/pico-sdk/lib/tinyusb/src/device/usbd.c.obj
 .text.process_set_config
                0x10005248      0x178 CMakeFiles/blinky_oled.dir/Users/amerilain/pico/pico-sdk/lib/tinyusb/src/device/usbd.c.obj
 .text.process_get_descriptor
                0x100053c0       0xdc CMakeFiles/blinky_oled.dir/Users/amerilain/pico/pico-sdk/lib/tinyusb/src/device/usbd.c.obj
 .text.tud_mounted
                0x1000549c       0x10 CMakeFiles/blinky_oled.dir/Users/amerilain/pico/pico-sdk/lib/tinyusb/src/device/usbd.c.obj
                0x1000549c                tud_mounted
 .text.tud_suspended
                0x100054ac       0x10 CMakeFiles/blinky_oled.dir/Users/amerilain/pico/pico-sdk/lib/tinyusb/src/device/usbd.c.obj
                0x100054ac                tud_suspended
 .text.tud_inited
                0x100054bc       0x14 CMakeFiles/blinky_oled.dir/Users/amerilain/pico/pico-sdk/lib/tinyusb/src/device/usbd.c.obj
                0x100054bc                tud_inited
 .text.tud_init
                0x100054d0       0xcc CMakeFiles/blinky_oled.dir/Users/amerilain/pico/pico-sdk/lib/tinyusb/src/device/usbd.c.obj
                0x100054d0                tud_init
 .text.usbd_defer_func
                0x1000559c       0x2a CMakeFiles/blinky_oled.dir/Users/amerilain/pico/pico-sdk/lib/tinyusb/src/device/usbd.c.obj
                0x1000559c                usbd_defer_func
 *fill*         0x100055c6        0x2 
 .text.usbd_edpt_open
                0x100055c8       0x34 CMakeFiles/blinky_oled.dir/Users/amerilain/pico/pico-sdk/lib/tinyusb/src/device/usbd.c.obj
                0x100055c8                usbd_edpt_open
 .text.usbd_open_edpt_pair
                0x100055fc       0x62 CMakeFiles/blinky_oled.dir/Users/amerilain/pico/pico-sdk/lib/tinyusb/src/device/usbd.c.obj
                0x100055fc                usbd_open_edpt_pair
 *fill*         0x1000565e        0x2 
 .text.usbd_edpt_claim
                0x10005660       0x28 CMakeFiles/blinky_oled.dir/Users/amerilain/pico/pico-sdk/lib/tinyusb/src/device/usbd.c.obj
                0x10005660                usbd_edpt_claim
 .text.usbd_edpt_release
                0x10005688       0x28 CMakeFiles/blinky_oled.dir/Users/amerilain/pico/pico-sdk/lib/tinyusb/src/device/usbd.c.obj
                0x10005688                usbd_edpt_release
 .text.usbd_edpt_xfer
                0x100056b0       0x78 CMakeFiles/blinky_oled.dir/Users/amerilain/pico/pico-sdk/lib/tinyusb/src/device/usbd.c.obj
                0x100056b0                usbd_edpt_xfer
 .text.usbd_edpt_stall
                0x10005728       0x48 CMakeFiles/blinky_oled.dir/Users/amerilain/pico/pico-sdk/lib/tinyusb/src/device/usbd.c.obj
                0x10005728                usbd_edpt_stall
 .text.usbd_edpt_clear_stall
                0x10005770       0x48 CMakeFiles/blinky_oled.dir/Users/amerilain/pico/pico-sdk/lib/tinyusb/src/device/usbd.c.obj
                0x10005770                usbd_edpt_clear_stall
 .text.usbd_edpt_stalled
                0x100057b8       0x1c CMakeFiles/blinky_oled.dir/Users/amerilain/pico/pico-sdk/lib/tinyusb/src/device/usbd.c.obj
                0x100057b8                usbd_edpt_stalled
 .text.process_control_request
                0x100057d4      0x374 CMakeFiles/blinky_oled.dir/Users/amerilain/pico/pico-sdk/lib/tinyusb/src/device/usbd.c.obj
 .text.tud_task_ext
                0x10005b48      0x1a8 CMakeFiles/blinky_oled.dir/Users/amerilain/pico/pico-sdk/lib/tinyusb/src/device/usbd.c.obj
                0x10005b48                tud_task_ext
 .text._status_stage_xact
                0x10005cf0       0x1a CMakeFiles/blinky_oled.dir/Users/amerilain/pico/pico-sdk/lib/tinyusb/src/device/usbd_control.c.obj
 *fill*         0x10005d0a        0x2 
 .text._data_stage_xact
                0x10005d0c       0x58 CMakeFiles/blinky_oled.dir/Users/amerilain/pico/pico-sdk/lib/tinyusb/src/device/usbd_control.c.obj
 .text.tud_control_status
                0x10005d64       0x28 CMakeFiles/blinky_oled.dir/Users/amerilain/pico/pico-sdk/lib/tinyusb/src/device/usbd_control.c.obj
                0x10005d64                tud_control_status
 .text.tud_control_xfer
                0x10005d8c       0x68 CMakeFiles/blinky_oled.dir/Users/amerilain/pico/pico-sdk/lib/tinyusb/src/device/usbd_control.c.obj
                0x10005d8c                tud_control_xfer
 .text.usbd_control_reset
                0x10005df4       0x14 CMakeFiles/blinky_oled.dir/Users/amerilain/pico/pico-sdk/lib/tinyusb/src/device/usbd_control.c.obj
                0x10005df4                usbd_control_reset
 .text.usbd_control_set_complete_callback
                0x10005e08        0xc CMakeFiles/blinky_oled.dir/Users/amerilain/pico/pico-sdk/lib/tinyusb/src/device/usbd_control.c.obj
                0x10005e08                usbd_control_set_complete_callback
 .text.usbd_control_set_request
                0x10005e14       0x1c CMakeFiles/blinky_oled.dir/Users/amerilain/pico/pico-sdk/lib/tinyusb/src/device/usbd_control.c.obj
                0x10005e14                usbd_control_set_request
 .text.usbd_control_xfer_cb
                0x10005e30       0xbc CMakeFiles/blinky_oled.dir/Users/amerilain/pico/pico-sdk/lib/tinyusb/src/device/usbd_control.c.obj
                0x10005e30                usbd_control_xfer_cb
 .text._prep_out_transaction
                0x10005eec       0x4a CMakeFiles/blinky_oled.dir/Users/amerilain/pico/pico-sdk/lib/tinyusb/src/class/cdc/cdc_device.c.obj
 *fill*         0x10005f36        0x2 
 .text.tud_cdc_n_connected
                0x10005f38       0x38 CMakeFiles/blinky_oled.dir/Users/amerilain/pico/pico-sdk/lib/tinyusb/src/class/cdc/cdc_device.c.obj
                0x10005f38                tud_cdc_n_connected
 .text.tud_cdc_n_available
                0x10005f70       0x18 CMakeFiles/blinky_oled.dir/Users/amerilain/pico/pico-sdk/lib/tinyusb/src/class/cdc/cdc_device.c.obj
                0x10005f70                tud_cdc_n_available
 .text.tud_cdc_n_read
                0x10005f88       0x28 CMakeFiles/blinky_oled.dir/Users/amerilain/pico/pico-sdk/lib/tinyusb/src/class/cdc/cdc_device.c.obj
                0x10005f88                tud_cdc_n_read
 .text.tud_cdc_n_write_flush
                0x10005fb0       0xb8 CMakeFiles/blinky_oled.dir/Users/amerilain/pico/pico-sdk/lib/tinyusb/src/class/cdc/cdc_device.c.obj
                0x10005fb0                tud_cdc_n_write_flush
 .text.tud_cdc_n_write
                0x10006068       0x38 CMakeFiles/blinky_oled.dir/Users/amerilain/pico/pico-sdk/lib/tinyusb/src/class/cdc/cdc_device.c.obj
                0x10006068                tud_cdc_n_write
 .text.tud_cdc_n_write_available
                0x100060a0       0x1c CMakeFiles/blinky_oled.dir/Users/amerilain/pico/pico-sdk/lib/tinyusb/src/class/cdc/cdc_device.c.obj
                0x100060a0                tud_cdc_n_write_available
 .text.cdcd_init
                0x100060bc       0xbc CMakeFiles/blinky_oled.dir/Users/amerilain/pico/pico-sdk/lib/tinyusb/src/class/cdc/cdc_device.c.obj
                0x100060bc                cdcd_init
 .text.cdcd_reset
                0x10006178       0x44 CMakeFiles/blinky_oled.dir/Users/amerilain/pico/pico-sdk/lib/tinyusb/src/class/cdc/cdc_device.c.obj
                0x10006178                cdcd_reset
 .text.cdcd_open
                0x100061bc       0xc4 CMakeFiles/blinky_oled.dir/Users/amerilain/pico/pico-sdk/lib/tinyusb/src/class/cdc/cdc_device.c.obj
                0x100061bc                cdcd_open
 .text.cdcd_control_xfer_cb
                0x10006280      0x134 CMakeFiles/blinky_oled.dir/Users/amerilain/pico/pico-sdk/lib/tinyusb/src/class/cdc/cdc_device.c.obj
                0x10006280                cdcd_control_xfer_cb
 .text.cdcd_xfer_cb
                0x100063b4      0x130 CMakeFiles/blinky_oled.dir/Users/amerilain/pico/pico-sdk/lib/tinyusb/src/class/cdc/cdc_device.c.obj
                0x100063b4                cdcd_xfer_cb
 .text.tusb_init
                0x100064e4        0xa CMakeFiles/blinky_oled.dir/Users/amerilain/pico/pico-sdk/lib/tinyusb/src/tusb.c.obj
                0x100064e4                tusb_init
 .text.tusb_inited
                0x100064ee        0xe CMakeFiles/blinky_oled.dir/Users/amerilain/pico/pico-sdk/lib/tinyusb/src/tusb.c.obj
                0x100064ee                tusb_inited
 .text.tu_edpt_claim
                0x100064fc       0x50 CMakeFiles/blinky_oled.dir/Users/amerilain/pico/pico-sdk/lib/tinyusb/src/tusb.c.obj
                0x100064fc                tu_edpt_claim
 .text.tu_edpt_release
                0x1000654c       0x38 CMakeFiles/blinky_oled.dir/Users/amerilain/pico/pico-sdk/lib/tinyusb/src/tusb.c.obj
                0x1000654c                tu_edpt_release
 .text.tu_edpt_validate
                0x10006584       0x78 CMakeFiles/blinky_oled.dir/Users/amerilain/pico/pico-sdk/lib/tinyusb/src/tusb.c.obj
                0x10006584                tu_edpt_validate
 .text.tu_edpt_bind_driver
                0x100065fc       0x26 CMakeFiles/blinky_oled.dir/Users/amerilain/pico/pico-sdk/lib/tinyusb/src/tusb.c.obj
                0x100065fc                tu_edpt_bind_driver
 .text.advance_index
                0x10006622       0x1a CMakeFiles/blinky_oled.dir/Users/amerilain/pico/pico-sdk/lib/tinyusb/src/common/tusb_fifo.c.obj
 .text._tu_fifo_peek
                0x1000663c       0x56 CMakeFiles/blinky_oled.dir/Users/amerilain/pico/pico-sdk/lib/tinyusb/src/common/tusb_fifo.c.obj
 .text._ff_pull_const_addr
                0x10006692       0x4c CMakeFiles/blinky_oled.dir/Users/amerilain/pico/pico-sdk/lib/tinyusb/src/common/tusb_fifo.c.obj
 .text._ff_pull_n
                0x100066de      0x110 CMakeFiles/blinky_oled.dir/Users/amerilain/pico/pico-sdk/lib/tinyusb/src/common/tusb_fifo.c.obj
 .text._tu_fifo_peek_n
                0x100067ee       0x6a CMakeFiles/blinky_oled.dir/Users/amerilain/pico/pico-sdk/lib/tinyusb/src/common/tusb_fifo.c.obj
 .text._tu_fifo_read_n
                0x10006858       0x4e CMakeFiles/blinky_oled.dir/Users/amerilain/pico/pico-sdk/lib/tinyusb/src/common/tusb_fifo.c.obj
 .text._ff_push_const_addr
                0x100068a6       0x40 CMakeFiles/blinky_oled.dir/Users/amerilain/pico/pico-sdk/lib/tinyusb/src/common/tusb_fifo.c.obj
 .text._ff_push_n
                0x100068e6      0x10c CMakeFiles/blinky_oled.dir/Users/amerilain/pico/pico-sdk/lib/tinyusb/src/common/tusb_fifo.c.obj
 .text._tu_fifo_write_n
                0x100069f2       0xf0 CMakeFiles/blinky_oled.dir/Users/amerilain/pico/pico-sdk/lib/tinyusb/src/common/tusb_fifo.c.obj
 .text.tu_fifo_config
                0x10006ae2       0x7c CMakeFiles/blinky_oled.dir/Users/amerilain/pico/pico-sdk/lib/tinyusb/src/common/tusb_fifo.c.obj
                0x10006ae2                tu_fifo_config
 .text.tu_fifo_count
                0x10006b5e       0x2a CMakeFiles/blinky_oled.dir/Users/amerilain/pico/pico-sdk/lib/tinyusb/src/common/tusb_fifo.c.obj
                0x10006b5e                tu_fifo_count
 .text.tu_fifo_empty
                0x10006b88        0xe CMakeFiles/blinky_oled.dir/Users/amerilain/pico/pico-sdk/lib/tinyusb/src/common/tusb_fifo.c.obj
                0x10006b88                tu_fifo_empty
 .text.tu_fifo_full
                0x10006b96       0x28 CMakeFiles/blinky_oled.dir/Users/amerilain/pico/pico-sdk/lib/tinyusb/src/common/tusb_fifo.c.obj
                0x10006b96                tu_fifo_full
 .text.tu_fifo_remaining
                0x10006bbe       0x2c CMakeFiles/blinky_oled.dir/Users/amerilain/pico/pico-sdk/lib/tinyusb/src/common/tusb_fifo.c.obj
                0x10006bbe                tu_fifo_remaining
 .text.tu_fifo_read
                0x10006bea       0x42 CMakeFiles/blinky_oled.dir/Users/amerilain/pico/pico-sdk/lib/tinyusb/src/common/tusb_fifo.c.obj
                0x10006bea                tu_fifo_read
 .text.tu_fifo_read_n
                0x10006c2c        0xa CMakeFiles/blinky_oled.dir/Users/amerilain/pico/pico-sdk/lib/tinyusb/src/common/tusb_fifo.c.obj
                0x10006c2c                tu_fifo_read_n
 .text.tu_fifo_write
                0x10006c36       0x64 CMakeFiles/blinky_oled.dir/Users/amerilain/pico/pico-sdk/lib/tinyusb/src/common/tusb_fifo.c.obj
                0x10006c36                tu_fifo_write
 .text.tu_fifo_write_n
                0x10006c9a        0xa CMakeFiles/blinky_oled.dir/Users/amerilain/pico/pico-sdk/lib/tinyusb/src/common/tusb_fifo.c.obj
                0x10006c9a                tu_fifo_write_n
 .text.tu_fifo_clear
                0x10006ca4       0x3e CMakeFiles/blinky_oled.dir/Users/amerilain/pico/pico-sdk/lib/tinyusb/src/common/tusb_fifo.c.obj
                0x10006ca4                tu_fifo_clear
 .text.tu_fifo_set_overwritable
                0x10006ce2       0x46 CMakeFiles/blinky_oled.dir/Users/amerilain/pico/pico-sdk/lib/tinyusb/src/common/tusb_fifo.c.obj
                0x10006ce2                tu_fifo_set_overwritable
 .text.i2c_write_blocking_internal
                0x10006d28      0x146 CMakeFiles/blinky_oled.dir/Users/amerilain/pico/pico-sdk/src/rp2_common/hardware_i2c/i2c.c.obj
 *fill*         0x10006e6e        0x2 
 .text.i2c_set_baudrate
                0x10006e70       0xf0 CMakeFiles/blinky_oled.dir/Users/amerilain/pico/pico-sdk/src/rp2_common/hardware_i2c/i2c.c.obj
                0x10006e70                i2c_set_baudrate
 .text.i2c_init
                0x10006f60       0x58 CMakeFiles/blinky_oled.dir/Users/amerilain/pico/pico-sdk/src/rp2_common/hardware_i2c/i2c.c.obj
                0x10006f60                i2c_init
 .text.i2c_write_blocking
                0x10006fb8       0x18 CMakeFiles/blinky_oled.dir/Users/amerilain/pico/pico-sdk/src/rp2_common/hardware_i2c/i2c.c.obj
                0x10006fb8                i2c_write_blocking
 .text.malloc   0x10006fd0       0x14 /Applications/ArmGNUToolchain/13.2.Rel1/arm-none-eabi/bin/../lib/gcc/arm-none-eabi/13.2.1/../../../../arm-none-eabi/lib/thumb/v6-m/nofp/libg.a(libc_a-malloc.o)
                0x10006fd0                malloc
 .text.free     0x10006fe4       0x14 /Applications/ArmGNUToolchain/13.2.Rel1/arm-none-eabi/bin/../lib/gcc/arm-none-eabi/13.2.1/../../../../arm-none-eabi/lib/thumb/v6-m/nofp/libg.a(libc_a-malloc.o)
                0x10006fe4                free
 .text._malloc_r
                0x10006ff8      0x5c4 /Applications/ArmGNUToolchain/13.2.Rel1/arm-none-eabi/bin/../lib/gcc/arm-none-eabi/13.2.1/../../../../arm-none-eabi/lib/thumb/v6-m/nofp/libg.a(libc_a-mallocr.o)
                0x10006ff8                _malloc_r
 .text.__malloc_lock
                0x100075bc       0x10 /Applications/ArmGNUToolchain/13.2.Rel1/arm-none-eabi/bin/../lib/gcc/arm-none-eabi/13.2.1/../../../../arm-none-eabi/lib/thumb/v6-m/nofp/libg.a(libc_a-mlock.o)
                0x100075bc                __malloc_lock
 .text.__malloc_unlock
                0x100075cc       0x10 /Applications/ArmGNUToolchain/13.2.Rel1/arm-none-eabi/bin/../lib/gcc/arm-none-eabi/13.2.1/../../../../arm-none-eabi/lib/thumb/v6-m/nofp/libg.a(libc_a-mlock.o)
                0x100075cc                __malloc_unlock
 .text._sbrk_r  0x100075dc       0x24 /Applications/ArmGNUToolchain/13.2.Rel1/arm-none-eabi/bin/../lib/gcc/arm-none-eabi/13.2.1/../../../../arm-none-eabi/lib/thumb/v6-m/nofp/libg.a(libc_a-sbrkr.o)
                0x100075dc                _sbrk_r
 .text.__errno  0x10007600        0xc /Applications/ArmGNUToolchain/13.2.Rel1/arm-none-eabi/bin/../lib/gcc/arm-none-eabi/13.2.1/../../../../arm-none-eabi/lib/thumb/v6-m/nofp/libg.a(libc_a-errno.o)
                0x10007600                __errno
 .text.sysconf  0x1000760c       0x1c /Applications/ArmGNUToolchain/13.2.Rel1/arm-none-eabi/bin/../lib/gcc/arm-none-eabi/13.2.1/../../../../arm-none-eabi/lib/thumb/v6-m/nofp/libg.a(libc_a-sysconf.o)
                0x1000760c                sysconf
 .text.__retarget_lock_acquire_recursive
                0x10007628        0x4 /Applications/ArmGNUToolchain/13.2.Rel1/arm-none-eabi/bin/../lib/gcc/arm-none-eabi/13.2.1/../../../../arm-none-eabi/lib/thumb/v6-m/nofp/libg.a(libc_a-lock.o)
                0x10007628                __retarget_lock_acquire_recursive
 .text.__retarget_lock_release_recursive
                0x1000762c        0x4 /Applications/ArmGNUToolchain/13.2.Rel1/arm-none-eabi/bin/../lib/gcc/arm-none-eabi/13.2.1/../../../../arm-none-eabi/lib/thumb/v6-m/nofp/libg.a(libc_a-lock.o)
                0x1000762c                __retarget_lock_release_recursive
 .text.strlen   0x10007630       0x5c /Applications/ArmGNUToolchain/13.2.Rel1/arm-none-eabi/bin/../lib/gcc/arm-none-eabi/13.2.1/../../../../arm-none-eabi/lib/thumb/v6-m/nofp/libg.a(libc_a-strlen-stub.o)
                0x10007630                strlen
 .text._malloc_trim_r
                0x1000768c       0xb4 /Applications/ArmGNUToolchain/13.2.Rel1/arm-none-eabi/bin/../lib/gcc/arm-none-eabi/13.2.1/../../../../arm-none-eabi/lib/thumb/v6-m/nofp/libg.a(libc_a-freer.o)
                0x1000768c                _malloc_trim_r
 .text._free_r  0x10007740      0x1d4 /Applications/ArmGNUToolchain/13.2.Rel1/arm-none-eabi/bin/../lib/gcc/arm-none-eabi/13.2.1/../../../../arm-none-eabi/lib/thumb/v6-m/nofp/libg.a(libc_a-freer.o)
                0x10007740                _free_r
 *(.fini)
 .fini          0x10007914        0x4 /Applications/ArmGNUToolchain/13.2.Rel1/arm-none-eabi/bin/../lib/gcc/arm-none-eabi/13.2.1/thumb/v6-m/nofp/crti.o
                0x10007914                _fini
 .fini.__stub   0x10007918       0xe0 linker stubs
 *crtbegin.o(.ctors)
 *crtbegin?.o(.ctors)
 *(EXCLUDE_FILE(*crtend.o *crtend?.o) .ctors)
 *(SORT_BY_NAME(.ctors.*))
 *(.ctors)
 *crtbegin.o(.dtors)
 *crtbegin?.o(.dtors)
 *(EXCLUDE_FILE(*crtend.o *crtend?.o) .dtors)
 *(SORT_BY_NAME(.dtors.*))
 *(.dtors)
 *(.eh_frame*)
 .eh_frame      0x100079f8        0x0 /Applications/ArmGNUToolchain/13.2.Rel1/arm-none-eabi/bin/../lib/gcc/arm-none-eabi/13.2.1/thumb/v6-m/nofp/crtbegin.o
                0x100079f8                        . = ALIGN (0x4)

.glue_7         0x100079f8        0x0
 .glue_7        0x100079f8        0x0 linker stubs

.glue_7t        0x100079f8        0x0
 .glue_7t       0x100079f8        0x0 linker stubs

.vfp11_veneer   0x100079f8        0x0
 .vfp11_veneer  0x100079f8        0x0 linker stubs

.v4_bx          0x100079f8        0x0
 .v4_bx         0x100079f8        0x0 linker stubs

.iplt           0x100079f8        0x0
 .iplt          0x100079f8        0x0 /Applications/ArmGNUToolchain/13.2.Rel1/arm-none-eabi/bin/../lib/gcc/arm-none-eabi/13.2.1/thumb/v6-m/nofp/crtbegin.o

.rodata         0x100079f8     0x1a44
 *(EXCLUDE_FILE(*libm.a: *libc.a:*lib_a-mem*.o *libgcc.a:) .rodata*)
 .rodata._ZL20update_us_since_bootP15absolute_time_ty.str1.4
                0x100079f8      0xf31 CMakeFiles/blinky_oled.dir/main.cpp.obj
                                 0x9d (size before relaxing)
 .rodata._Z14update_displayR7ssd1306R9mono_vlsby.str1.4
                0x10008929       0x22 CMakeFiles/blinky_oled.dir/main.cpp.obj
 *fill*         0x10008929        0x3 
 .rodata._ZL11binary_data
                0x1000892c       0xc3 CMakeFiles/blinky_oled.dir/main.cpp.obj
 *fill*         0x100089ef        0x1 
 .rodata._ZTV8framebuf
                0x100089f0       0x1c CMakeFiles/blinky_oled.dir/display/framebuf.cpp.obj
                0x100089f0                vtable for framebuf
 .rodata._ZL17font_petme128_8x8
                0x10008a0c      0x300 CMakeFiles/blinky_oled.dir/display/framebuf.cpp.obj
 .rodata._ZTVSt16_Sp_counted_baseILN9__gnu_cxx12_Lock_policyE0EE
                0x10008d0c       0x1c CMakeFiles/blinky_oled.dir/display/mono_vlsb.cpp.obj
                0x10008d0c                vtable for std::_Sp_counted_base<(__gnu_cxx::_Lock_policy)0>
 .rodata._ZTV9mono_vlsb
                0x10008d28       0x1c CMakeFiles/blinky_oled.dir/display/mono_vlsb.cpp.obj
                0x10008d28                vtable for mono_vlsb
 .rodata._ZTVSt15_Sp_counted_ptrIPhLN9__gnu_cxx12_Lock_policyE0EE
                0x10008d44       0x1c CMakeFiles/blinky_oled.dir/display/mono_vlsb.cpp.obj
                0x10008d44                vtable for std::_Sp_counted_ptr<unsigned char*, (__gnu_cxx::_Lock_policy)0>
 .rodata._ZTV7ssd1306
                0x10008d60       0x1c CMakeFiles/blinky_oled.dir/display/ssd1306.cpp.obj
                0x10008d60                vtable for ssd1306
 .rodata.spin_lock_claim_unused.str1.4
                0x10008d7c       0x1b CMakeFiles/blinky_oled.dir/Users/amerilain/pico/pico-sdk/src/rp2_common/hardware_sync/sync.c.obj
 .rodata.resolve_branch.str1.4
                0x10008d7c       0x59 CMakeFiles/blinky_oled.dir/Users/amerilain/pico/pico-sdk/src/rp2_common/hardware_irq/irq.c.obj
 .rodata.make_branch.str1.4
                0x10008d7c       0x30 CMakeFiles/blinky_oled.dir/Users/amerilain/pico/pico-sdk/src/rp2_common/hardware_irq/irq.c.obj
 .rodata.insert_branch_and_link.str1.4
                0x10008d7c       0x10 CMakeFiles/blinky_oled.dir/Users/amerilain/pico/pico-sdk/src/rp2_common/hardware_irq/irq.c.obj
 .rodata.irq_set_exclusive_handler.str1.4
                0x10008d7c       0x36 CMakeFiles/blinky_oled.dir/Users/amerilain/pico/pico-sdk/src/rp2_common/hardware_irq/irq.c.obj
 .rodata.irq_add_shared_handler.str1.4
                0x10008d7c       0xc2 CMakeFiles/blinky_oled.dir/Users/amerilain/pico/pico-sdk/src/rp2_common/hardware_irq/irq.c.obj
 .rodata.irq_remove_handler.str1.4
                0x10008d7c       0x3a CMakeFiles/blinky_oled.dir/Users/amerilain/pico/pico-sdk/src/rp2_common/hardware_irq/irq.c.obj
 .rodata.irq_add_tail_to_free_list.str1.4
                0x10008d7c       0x3a CMakeFiles/blinky_oled.dir/Users/amerilain/pico/pico-sdk/src/rp2_common/hardware_irq/irq.c.obj
 .rodata.user_irq_claim_unused.str1.4
                0x10008d7c       0x1b CMakeFiles/blinky_oled.dir/Users/amerilain/pico/pico-sdk/src/rp2_common/hardware_irq/irq.c.obj
 .rodata.__func__.0
                0x10008d7c       0x1a CMakeFiles/blinky_oled.dir/Users/amerilain/pico/pico-sdk/src/rp2_common/hardware_irq/irq.c.obj
 *fill*         0x10008d96        0x2 
 .rodata.__func__.1
                0x10008d98       0x17 CMakeFiles/blinky_oled.dir/Users/amerilain/pico/pico-sdk/src/rp2_common/hardware_irq/irq.c.obj
 *fill*         0x10008daf        0x1 
 .rodata.__func__.2
                0x10008db0       0x13 CMakeFiles/blinky_oled.dir/Users/amerilain/pico/pico-sdk/src/rp2_common/hardware_irq/irq.c.obj
 *fill*         0x10008dc3        0x1 
 .rodata.__func__.3
                0x10008dc4        0xc CMakeFiles/blinky_oled.dir/Users/amerilain/pico/pico-sdk/src/rp2_common/hardware_irq/irq.c.obj
 .rodata.__func__.4
                0x10008dd0        0xf CMakeFiles/blinky_oled.dir/Users/amerilain/pico/pico-sdk/src/rp2_common/hardware_irq/irq.c.obj
 *fill*         0x10008ddf        0x1 
 .rodata.__func__.5
                0x10008de0       0x17 CMakeFiles/blinky_oled.dir/Users/amerilain/pico/pico-sdk/src/rp2_common/hardware_irq/irq.c.obj
 *fill*         0x10008df7        0x1 
 .rodata.__func__.6
                0x10008df8       0x1a CMakeFiles/blinky_oled.dir/Users/amerilain/pico/pico-sdk/src/rp2_common/hardware_irq/irq.c.obj
 .rodata.update_us_since_boot.str1.4
                0x10008e12       0x65 CMakeFiles/blinky_oled.dir/Users/amerilain/pico/pico-sdk/src/common/pico_sync/mutex.c.obj
 .rodata.str1.4
                0x10008e12       0x8d CMakeFiles/blinky_oled.dir/Users/amerilain/pico/pico-sdk/src/common/pico_sync/mutex.c.obj
 *fill*         0x10008e12        0x2 
 .rodata.__func__.1
                0x10008e14        0xb CMakeFiles/blinky_oled.dir/Users/amerilain/pico/pico-sdk/src/common/pico_sync/mutex.c.obj
 *fill*         0x10008e1f        0x1 
 .rodata.__func__.3
                0x10008e20       0x18 CMakeFiles/blinky_oled.dir/Users/amerilain/pico/pico-sdk/src/common/pico_sync/mutex.c.obj
 .rodata.__func__.4
                0x10008e38       0x15 CMakeFiles/blinky_oled.dir/Users/amerilain/pico/pico-sdk/src/common/pico_sync/mutex.c.obj
 .rodata.get_entry.str1.4
                0x10008e4d       0x5f CMakeFiles/blinky_oled.dir/Users/amerilain/pico/pico-sdk/src/common/pico_time/time.c.obj
 .rodata.update_us_since_boot.str1.4
                0x10008e4d       0x65 CMakeFiles/blinky_oled.dir/Users/amerilain/pico/pico-sdk/src/common/pico_time/time.c.obj
 .rodata.ph_get_node.str1.4
                0x10008e4d       0x6a CMakeFiles/blinky_oled.dir/Users/amerilain/pico/pico-sdk/src/common/pico_time/time.c.obj
 .rodata.ph_add_child_node.str1.4
                0x10008e4d       0x2e CMakeFiles/blinky_oled.dir/Users/amerilain/pico/pico-sdk/src/common/pico_time/time.c.obj
 .rodata.ph_insert_node.str1.4
                0x10008e4d        0x3 CMakeFiles/blinky_oled.dir/Users/amerilain/pico/pico-sdk/src/common/pico_time/time.c.obj
 .rodata.ph_free_node.str1.4
                0x10008e4d       0x38 CMakeFiles/blinky_oled.dir/Users/amerilain/pico/pico-sdk/src/common/pico_time/time.c.obj
 .rodata.add_alarm_under_lock.str1.4
                0x10008e4d       0x28 CMakeFiles/blinky_oled.dir/Users/amerilain/pico/pico-sdk/src/common/pico_time/time.c.obj
 .rodata.alarm_pool_alarm_callback.str1.4
                0x10008e4d       0x60 CMakeFiles/blinky_oled.dir/Users/amerilain/pico/pico-sdk/src/common/pico_time/time.c.obj
 .rodata.alarm_pool_get_default.str1.4
                0x10008e4d       0x21 CMakeFiles/blinky_oled.dir/Users/amerilain/pico/pico-sdk/src/common/pico_time/time.c.obj
 .rodata.alarm_pool_cancel_alarm.str1.4
                0x10008e4d       0x27 CMakeFiles/blinky_oled.dir/Users/amerilain/pico/pico-sdk/src/common/pico_time/time.c.obj
 *fill*         0x10008e4d        0x3 
 .rodata.__func__.1
                0x10008e50       0x18 CMakeFiles/blinky_oled.dir/Users/amerilain/pico/pico-sdk/src/common/pico_time/time.c.obj
 .rodata.__func__.3
                0x10008e68       0x17 CMakeFiles/blinky_oled.dir/Users/amerilain/pico/pico-sdk/src/common/pico_time/time.c.obj
 *fill*         0x10008e7f        0x1 
 .rodata.__func__.4
                0x10008e80       0x12 CMakeFiles/blinky_oled.dir/Users/amerilain/pico/pico-sdk/src/common/pico_time/time.c.obj
 *fill*         0x10008e92        0x2 
 .rodata.__func__.5
                0x10008e94        0xd CMakeFiles/blinky_oled.dir/Users/amerilain/pico/pico-sdk/src/common/pico_time/time.c.obj
 *fill*         0x10008ea1        0x3 
 .rodata.__func__.6
                0x10008ea4       0x12 CMakeFiles/blinky_oled.dir/Users/amerilain/pico/pico-sdk/src/common/pico_time/time.c.obj
 *fill*         0x10008eb6        0x2 
 .rodata.__func__.7
                0x10008eb8        0xf CMakeFiles/blinky_oled.dir/Users/amerilain/pico/pico-sdk/src/common/pico_time/time.c.obj
 *fill*         0x10008ec7        0x1 
 .rodata.__func__.8
                0x10008ec8        0xc CMakeFiles/blinky_oled.dir/Users/amerilain/pico/pico-sdk/src/common/pico_time/time.c.obj
 .rodata.__func__.9
                0x10008ed4       0x15 CMakeFiles/blinky_oled.dir/Users/amerilain/pico/pico-sdk/src/common/pico_time/time.c.obj
 *fill*         0x10008ee9        0x3 
 .rodata.__func__.10
                0x10008eec       0x15 CMakeFiles/blinky_oled.dir/Users/amerilain/pico/pico-sdk/src/common/pico_time/time.c.obj
 *fill*         0x10008f01        0x3 
 .rodata.__func__.11
                0x10008f04       0x1a CMakeFiles/blinky_oled.dir/Users/amerilain/pico/pico-sdk/src/common/pico_time/time.c.obj
 *fill*         0x10008f1e        0x2 
 .rodata.__func__.12
                0x10008f20        0xa CMakeFiles/blinky_oled.dir/Users/amerilain/pico/pico-sdk/src/common/pico_time/time.c.obj
 .rodata.hardware_alarm_claim.str1.4
                0x10008f2a       0x22 CMakeFiles/blinky_oled.dir/Users/amerilain/pico/pico-sdk/src/rp2_common/hardware_timer/timer.c.obj
 .rodata.hardware_alarm_set_target.str1.4
                0x10008f2a       0x69 CMakeFiles/blinky_oled.dir/Users/amerilain/pico/pico-sdk/src/rp2_common/hardware_timer/timer.c.obj
 *fill*         0x10008f2a        0x2 
 .rodata.__func__.0
                0x10008f2c       0x1a CMakeFiles/blinky_oled.dir/Users/amerilain/pico/pico-sdk/src/rp2_common/hardware_timer/timer.c.obj
 .rodata.ph_get_node.str1.4
                0x10008f46       0x6a CMakeFiles/blinky_oled.dir/Users/amerilain/pico/pico-sdk/src/common/pico_util/pheap.c.obj
 .rodata.ph_add_child_node.str1.4
                0x10008f46       0x2e CMakeFiles/blinky_oled.dir/Users/amerilain/pico/pico-sdk/src/common/pico_util/pheap.c.obj
 .rodata.ph_remove_any_head.str1.4
                0x10008f46       0xa4 CMakeFiles/blinky_oled.dir/Users/amerilain/pico/pico-sdk/src/common/pico_util/pheap.c.obj
 .rodata.ph_remove_and_free_node.str1.4
                0x10008f46       0x26 CMakeFiles/blinky_oled.dir/Users/amerilain/pico/pico-sdk/src/common/pico_util/pheap.c.obj
 *fill*         0x10008f46        0x2 
 .rodata.__func__.0
                0x10008f48       0x18 CMakeFiles/blinky_oled.dir/Users/amerilain/pico/pico-sdk/src/common/pico_util/pheap.c.obj
 .rodata.__func__.1
                0x10008f60       0x13 CMakeFiles/blinky_oled.dir/Users/amerilain/pico/pico-sdk/src/common/pico_util/pheap.c.obj
 *fill*         0x10008f73        0x1 
 .rodata.__func__.2
                0x10008f74       0x12 CMakeFiles/blinky_oled.dir/Users/amerilain/pico/pico-sdk/src/common/pico_util/pheap.c.obj
 *fill*         0x10008f86        0x2 
 .rodata.__func__.3
                0x10008f88        0xc CMakeFiles/blinky_oled.dir/Users/amerilain/pico/pico-sdk/src/common/pico_util/pheap.c.obj
 .rodata.clock_configure.str1.4
                0x10008f94       0x5b CMakeFiles/blinky_oled.dir/Users/amerilain/pico/pico-sdk/src/rp2_common/hardware_clocks/clocks.c.obj
 .rodata.__func__.1
                0x10008f94       0x10 CMakeFiles/blinky_oled.dir/Users/amerilain/pico/pico-sdk/src/rp2_common/hardware_clocks/clocks.c.obj
 .rodata.pll_init.str1.4
                0x10008fa4      0x128 CMakeFiles/blinky_oled.dir/Users/amerilain/pico/pico-sdk/src/rp2_common/hardware_pll/pll.c.obj
 .rodata.__func__.0
                0x10008fa4        0x9 CMakeFiles/blinky_oled.dir/Users/amerilain/pico/pico-sdk/src/rp2_common/hardware_pll/pll.c.obj
 .rodata.__assert_func.str1.4
                0x10008fad       0x43 CMakeFiles/blinky_oled.dir/Users/amerilain/pico/pico-sdk/src/rp2_common/pico_runtime/runtime.c.obj
 .rodata.runtime_init.str1.4
                0x10008fad       0x65 CMakeFiles/blinky_oled.dir/Users/amerilain/pico/pico-sdk/src/rp2_common/pico_runtime/runtime.c.obj
 .rodata.panic.str1.4
                0x10008fad       0x12 CMakeFiles/blinky_oled.dir/Users/amerilain/pico/pico-sdk/src/rp2_common/pico_runtime/runtime.c.obj
 *fill*         0x10008fad        0x3 
 .rodata.__func__.2
                0x10008fb0        0xd CMakeFiles/blinky_oled.dir/Users/amerilain/pico/pico-sdk/src/rp2_common/pico_runtime/runtime.c.obj
 .rodata._ftoa.str1.4
                0x10008fbd       0x15 CMakeFiles/blinky_oled.dir/Users/amerilain/pico/pico-sdk/src/rp2_common/pico_printf/printf.c.obj
 *fill*         0x10008fbd        0x3 
 .rodata._vsnprintf
                0x10008fc0      0x19c CMakeFiles/blinky_oled.dir/Users/amerilain/pico/pico-sdk/src/rp2_common/pico_printf/printf.c.obj
 *fill*         0x1000915c        0x4 
 .rodata.pow10.0
                0x10009160       0x50 CMakeFiles/blinky_oled.dir/Users/amerilain/pico/pico-sdk/src/rp2_common/pico_printf/printf.c.obj
 .rodata.missing_double_func_shim.str1.4
                0x100091b0       0x18 CMakeFiles/blinky_oled.dir/Users/amerilain/pico/pico-sdk/src/rp2_common/pico_double/double_init_rom.c.obj
 .rodata.__aeabi_double_init.str1.4
                0x100091b0       0xa0 CMakeFiles/blinky_oled.dir/Users/amerilain/pico/pico-sdk/src/rp2_common/pico_double/double_init_rom.c.obj
 .rodata.__func__.0
                0x100091b0       0x14 CMakeFiles/blinky_oled.dir/Users/amerilain/pico/pico-sdk/src/rp2_common/pico_double/double_init_rom.c.obj
 .rodata.missing_float_func_shim.str1.4
                0x100091c4        0x1 CMakeFiles/blinky_oled.dir/Users/amerilain/pico/pico-sdk/src/rp2_common/pico_float/float_init_rom.c.obj
 .rodata.__aeabi_float_init.str1.4
                0x100091c4       0x7e CMakeFiles/blinky_oled.dir/Users/amerilain/pico/pico-sdk/src/rp2_common/pico_float/float_init_rom.c.obj
 .rodata.__func__.0
                0x100091c4       0x13 CMakeFiles/blinky_oled.dir/Users/amerilain/pico/pico-sdk/src/rp2_common/pico_float/float_init_rom.c.obj
 .rodata.check_alloc.str1.4
                0x100091d7        0xe CMakeFiles/blinky_oled.dir/Users/amerilain/pico/pico-sdk/src/rp2_common/pico_malloc/pico_malloc.c.obj
 .rodata.str1.4
                0x100091d7       0x40 CMakeFiles/blinky_oled.dir/Users/amerilain/pico/pico-sdk/src/rp2_common/pico_standard_link/binary_info.c.obj
 *fill*         0x100091d7        0x1 
 .rodata.__bi_81
                0x100091d8        0xc CMakeFiles/blinky_oled.dir/Users/amerilain/pico/pico-sdk/src/rp2_common/pico_standard_link/binary_info.c.obj
 .rodata.__bi_75
                0x100091e4        0xc CMakeFiles/blinky_oled.dir/Users/amerilain/pico/pico-sdk/src/rp2_common/pico_standard_link/binary_info.c.obj
 .rodata.__bi_44
                0x100091f0        0xc CMakeFiles/blinky_oled.dir/Users/amerilain/pico/pico-sdk/src/rp2_common/pico_standard_link/binary_info.c.obj
 .rodata.update_us_since_boot.str1.4
                0x100091fc       0x65 CMakeFiles/blinky_oled.dir/Users/amerilain/pico/pico-sdk/src/rp2_common/pico_stdio/stdio.c.obj
 .rodata.crlf_str.2
                0x100091fc        0x2 CMakeFiles/blinky_oled.dir/Users/amerilain/pico/pico-sdk/src/rp2_common/pico_stdio/stdio.c.obj
 *fill*         0x100091fe        0x2 
 .rodata.__func__.3
                0x10009200       0x15 CMakeFiles/blinky_oled.dir/Users/amerilain/pico/pico-sdk/src/rp2_common/pico_stdio/stdio.c.obj
 *fill*         0x10009215        0x3 
 .rodata._resetd_driver
                0x10009218       0x18 CMakeFiles/blinky_oled.dir/Users/amerilain/pico/pico-sdk/src/rp2_common/pico_stdio_usb/reset_interface.c.obj
 .rodata.update_us_since_boot.str1.4
                0x10009230       0x65 CMakeFiles/blinky_oled.dir/Users/amerilain/pico/pico-sdk/src/rp2_common/pico_stdio_usb/stdio_usb.c.obj
 .rodata.stdio_usb_init.str1.4
                0x10009230       0x51 CMakeFiles/blinky_oled.dir/Users/amerilain/pico/pico-sdk/src/rp2_common/pico_stdio_usb/stdio_usb.c.obj
 .rodata.str1.4
                0x10009230       0x13 CMakeFiles/blinky_oled.dir/Users/amerilain/pico/pico-sdk/src/rp2_common/pico_stdio_usb/stdio_usb.c.obj
 .rodata.__bi_182.0
                0x10009230        0xc CMakeFiles/blinky_oled.dir/Users/amerilain/pico/pico-sdk/src/rp2_common/pico_stdio_usb/stdio_usb.c.obj
 .rodata.__func__.1
                0x1000923c        0xf CMakeFiles/blinky_oled.dir/Users/amerilain/pico/pico-sdk/src/rp2_common/pico_stdio_usb/stdio_usb.c.obj
 *fill*         0x1000924b        0x1 
 .rodata.__func__.3
                0x1000924c       0x15 CMakeFiles/blinky_oled.dir/Users/amerilain/pico/pico-sdk/src/rp2_common/pico_stdio_usb/stdio_usb.c.obj
 .rodata.str1.4
                0x10009261       0x2a CMakeFiles/blinky_oled.dir/Users/amerilain/pico/pico-sdk/src/rp2_common/pico_stdio_usb/stdio_usb_descriptors.c.obj
 *fill*         0x10009261        0x3 
 .rodata.usbd_desc_str
                0x10009264       0x18 CMakeFiles/blinky_oled.dir/Users/amerilain/pico/pico-sdk/src/rp2_common/pico_stdio_usb/stdio_usb_descriptors.c.obj
 .rodata.usbd_desc_cfg
                0x1000927c       0x54 CMakeFiles/blinky_oled.dir/Users/amerilain/pico/pico-sdk/src/rp2_common/pico_stdio_usb/stdio_usb_descriptors.c.obj
 .rodata.usbd_desc_device
                0x100092d0       0x12 CMakeFiles/blinky_oled.dir/Users/amerilain/pico/pico-sdk/src/rp2_common/pico_stdio_usb/stdio_usb_descriptors.c.obj
 .rodata.pico_get_unique_board_id_string.str1.4
                0x100092e2       0x51 CMakeFiles/blinky_oled.dir/Users/amerilain/pico/pico-sdk/src/rp2_common/pico_unique_id/unique_id.c.obj
 *fill*         0x100092e2        0x2 
 .rodata.__func__.0
                0x100092e4       0x20 CMakeFiles/blinky_oled.dir/Users/amerilain/pico/pico-sdk/src/rp2_common/pico_unique_id/unique_id.c.obj
 .rodata.str1.4
                0x10009304      0x15e CMakeFiles/blinky_oled.dir/Users/amerilain/pico/pico-sdk/src/rp2_common/hardware_flash/flash.c.obj
 .rodata.__func__.0
                0x10009304        0xd CMakeFiles/blinky_oled.dir/Users/amerilain/pico/pico-sdk/src/rp2_common/hardware_flash/flash.c.obj
 .rodata._hw_endpoint_alloc.str1.4
                0x10009311       0xb9 CMakeFiles/blinky_oled.dir/Users/amerilain/pico/pico-sdk/lib/tinyusb/src/portable/raspberrypi/rp2040/dcd_rp2040.c.obj
 .rodata.str1.4
                0x10009311       0x14 CMakeFiles/blinky_oled.dir/Users/amerilain/pico/pico-sdk/lib/tinyusb/src/portable/raspberrypi/rp2040/dcd_rp2040.c.obj
 .rodata.dcd_int_enable.str1.4
                0x10009311        0xc CMakeFiles/blinky_oled.dir/Users/amerilain/pico/pico-sdk/lib/tinyusb/src/portable/raspberrypi/rp2040/dcd_rp2040.c.obj
 *fill*         0x10009311        0x3 
 .rodata.__func__.0
                0x10009314        0xe CMakeFiles/blinky_oled.dir/Users/amerilain/pico/pico-sdk/lib/tinyusb/src/portable/raspberrypi/rp2040/dcd_rp2040.c.obj
 *fill*         0x10009322        0x2 
 .rodata.__func__.1
                0x10009324        0xe CMakeFiles/blinky_oled.dir/Users/amerilain/pico/pico-sdk/lib/tinyusb/src/portable/raspberrypi/rp2040/dcd_rp2040.c.obj
 *fill*         0x10009332        0x2 
 .rodata.__func__.3
                0x10009334       0x10 CMakeFiles/blinky_oled.dir/Users/amerilain/pico/pico-sdk/lib/tinyusb/src/portable/raspberrypi/rp2040/dcd_rp2040.c.obj
 .rodata.__func__.5
                0x10009344        0xf CMakeFiles/blinky_oled.dir/Users/amerilain/pico/pico-sdk/lib/tinyusb/src/portable/raspberrypi/rp2040/dcd_rp2040.c.obj
 *fill*         0x10009353        0x1 
 .rodata.__func__.6
                0x10009354       0x13 CMakeFiles/blinky_oled.dir/Users/amerilain/pico/pico-sdk/lib/tinyusb/src/portable/raspberrypi/rp2040/dcd_rp2040.c.obj
 *fill*         0x10009367        0x1 
 .rodata.__func__.7
                0x10009368        0x9 CMakeFiles/blinky_oled.dir/Users/amerilain/pico/pico-sdk/lib/tinyusb/src/portable/raspberrypi/rp2040/dcd_rp2040.c.obj
 .rodata.str1.4
                0x10009371       0xeb CMakeFiles/blinky_oled.dir/Users/amerilain/pico/pico-sdk/lib/tinyusb/src/portable/raspberrypi/rp2040/rp2040_usb.c.obj
 *fill*         0x10009371        0x3 
 .rodata.__func__.0