Archive member included to satisfy reference by file (symbol)

/Applications/ArmGNUToolchain/13.2.Rel1/arm-none-eabi/bin/../lib/gcc/arm-none-eabi/13.2.1/thumb/v6-m/nofp/libgcc.a(_dvmd_tls.o)
                              CMakeFiles/oled.dir/Users/amerilain/pico/pico-sdk/src/rp2_common/pico_divider/divider.S.obj (__aeabi_idiv0)
/Applications/ArmGNUToolchain/13.2.Rel1/arm-none-eabi/bin/../lib/gcc/arm-none-eabi/13.2.1/../../../../arm-none-eabi/lib/thumb/v6-m/nofp/libg.a(libc_a-calloc.o)
                              CMakeFiles/oled.dir/Users/amerilain/pico/pico-sdk/src/rp2_common/pico_malloc/pico_malloc.c.obj (calloc)
/Applications/ArmGNUToolchain/13.2.Rel1/arm-none-eabi/bin/../lib/gcc/arm-none-eabi/13.2.1/../../../../arm-none-eabi/lib/thumb/v6-m/nofp/libg.a(libc_a-callocr.o)
                              /Applications/ArmGNUToolchain/13.2.Rel1/arm-none-eabi/bin/../lib/gcc/arm-none-eabi/13.2.1/../../../../arm-none-eabi/lib/thumb/v6-m/nofp/libg.a(libc_a-calloc.o) (_calloc_r)
/Applications/ArmGNUToolchain/13.2.Rel1/arm-none-eabi/bin/../lib/gcc/arm-none-eabi/13.2.1/../../../../arm-none-eabi/lib/thumb/v6-m/nofp/libg.a(libc_a-malloc.o)
                              CMakeFiles/oled.dir/Users/amerilain/pico/pico-sdk/src/rp2_common/pico_malloc/pico_malloc.c.obj (malloc)
/Applications/ArmGNUToolchain/13.2.Rel1/arm-none-eabi/bin/../lib/gcc/arm-none-eabi/13.2.1/../../../../arm-none-eabi/lib/thumb/v6-m/nofp/libg.a(libc_a-mallocr.o)
                              /Applications/ArmGNUToolchain/13.2.Rel1/arm-none-eabi/bin/../lib/gcc/arm-none-eabi/13.2.1/../../../../arm-none-eabi/lib/thumb/v6-m/nofp/libg.a(libc_a-callocr.o) (_malloc_r)
/Applications/ArmGNUToolchain/13.2.Rel1/arm-none-eabi/bin/../lib/gcc/arm-none-eabi/13.2.1/../../../../arm-none-eabi/lib/thumb/v6-m/nofp/libg.a(libc_a-mlock.o)
                              /Applications/ArmGNUToolchain/13.2.Rel1/arm-none-eabi/bin/../lib/gcc/arm-none-eabi/13.2.1/../../../../arm-none-eabi/lib/thumb/v6-m/nofp/libg.a(libc_a-mallocr.o) (__malloc_lock)
/Applications/ArmGNUToolchain/13.2.Rel1/arm-none-eabi/bin/../lib/gcc/arm-none-eabi/13.2.1/../../../../arm-none-eabi/lib/thumb/v6-m/nofp/libg.a(libc_a-realloc.o)
                              CMakeFiles/oled.dir/Users/amerilain/pico/pico-sdk/src/rp2_common/pico_malloc/pico_malloc.c.obj (realloc)
/Applications/ArmGNUToolchain/13.2.Rel1/arm-none-eabi/bin/../lib/gcc/arm-none-eabi/13.2.1/../../../../arm-none-eabi/lib/thumb/v6-m/nofp/libg.a(libc_a-reallocr.o)
                              /Applications/ArmGNUToolchain/13.2.Rel1/arm-none-eabi/bin/../lib/gcc/arm-none-eabi/13.2.1/../../../../arm-none-eabi/lib/thumb/v6-m/nofp/libg.a(libc_a-realloc.o) (_realloc_r)
/Applications/ArmGNUToolchain/13.2.Rel1/arm-none-eabi/bin/../lib/gcc/arm-none-eabi/13.2.1/../../../../arm-none-eabi/lib/thumb/v6-m/nofp/libg.a(libc_a-memmove.o)
                              /Applications/ArmGNUToolchain/13.2.Rel1/arm-none-eabi/bin/../lib/gcc/arm-none-eabi/13.2.1/../../../../arm-none-eabi/lib/thumb/v6-m/nofp/libg.a(libc_a-reallocr.o) (memmove)
/Applications/ArmGNUToolchain/13.2.Rel1/arm-none-eabi/bin/../lib/gcc/arm-none-eabi/13.2.1/../../../../arm-none-eabi/lib/thumb/v6-m/nofp/libg.a(libc_a-impure.o)
                              /Applications/ArmGNUToolchain/13.2.Rel1/arm-none-eabi/bin/../lib/gcc/arm-none-eabi/13.2.1/../../../../arm-none-eabi/lib/thumb/v6-m/nofp/libg.a(libc_a-calloc.o) (_impure_ptr)
/Applications/ArmGNUToolchain/13.2.Rel1/arm-none-eabi/bin/../lib/gcc/arm-none-eabi/13.2.1/../../../../arm-none-eabi/lib/thumb/v6-m/nofp/libg.a(libc_a-sbrkr.o)
                              /Applications/ArmGNUToolchain/13.2.Rel1/arm-none-eabi/bin/../lib/gcc/arm-none-eabi/13.2.1/../../../../arm-none-eabi/lib/thumb/v6-m/nofp/libg.a(libc_a-mallocr.o) (_sbrk_r)
/Applications/ArmGNUToolchain/13.2.Rel1/arm-none-eabi/bin/../lib/gcc/arm-none-eabi/13.2.1/../../../../arm-none-eabi/lib/thumb/v6-m/nofp/libg.a(libc_a-errno.o)
                              /Applications/ArmGNUToolchain/13.2.Rel1/arm-none-eabi/bin/../lib/gcc/arm-none-eabi/13.2.1/../../../../arm-none-eabi/lib/thumb/v6-m/nofp/libg.a(libc_a-callocr.o) (__errno)
/Applications/ArmGNUToolchain/13.2.Rel1/arm-none-eabi/bin/../lib/gcc/arm-none-eabi/13.2.1/../../../../arm-none-eabi/lib/thumb/v6-m/nofp/libg.a(libc_a-sysconf.o)
                              /Applications/ArmGNUToolchain/13.2.Rel1/arm-none-eabi/bin/../lib/gcc/arm-none-eabi/13.2.1/../../../../arm-none-eabi/lib/thumb/v6-m/nofp/libg.a(libc_a-mallocr.o) (sysconf)
/Applications/ArmGNUToolchain/13.2.Rel1/arm-none-eabi/bin/../lib/gcc/arm-none-eabi/13.2.1/../../../../arm-none-eabi/lib/thumb/v6-m/nofp/libg.a(libc_a-init.o)
                              /Applications/ArmGNUToolchain/13.2.Rel1/arm-none-eabi/bin/../lib/gcc/arm-none-eabi/13.2.1/../../../../arm-none-eabi/lib/thumb/v6-m/nofp/crt0.o (__libc_init_array)
/Applications/ArmGNUToolchain/13.2.Rel1/arm-none-eabi/bin/../lib/gcc/arm-none-eabi/13.2.1/../../../../arm-none-eabi/lib/thumb/v6-m/nofp/libg.a(libc_a-lock.o)
[...]
Memory Configuration

Name             Origin             Length             Attributes
FLASH            0x10000000         0x00200000         xr
RAM              0x20000000         0x00040000         xrw
SCRATCH_X        0x20040000         0x00001000         xrw
SCRATCH_Y        0x20041000         0x00001000         xrw
*default*        0x00000000         0xffffffff

Linker script and memory map

LOAD /Applications/ArmGNUToolchain/13.2.Rel1/arm-none-eabi/bin/../lib/gcc/arm-none-eabi/13.2.1/thumb/v6-m/nofp/crti.o
LOAD /Applications/ArmGNUToolchain/13.2.Rel1/arm-none-eabi/bin/../lib/gcc/arm-none-eabi/13.2.1/thumb/v6-m/nofp/crtbegin.o
LOAD /Applications/ArmGNUToolchain/13.2.Rel1/arm-none-eabi/bin/../lib/gcc/arm-none-eabi/13.2.1/../../../../arm-none-eabi/lib/thumb/v6-m/nofp/crt0.o

.flash_begin    0x10000000        0x0
                0x10000000                        __flash_binary_start = .

.boot2          0x10000000      0x100
                0x10000000                        __boot2_start__ = .
 *(.boot2)
 .boot2         0x10000000      0x100 /var/folders/fy/2_twrpq90b57drm_mt3rx4240000gn/T//ccYDxktW.o
                0x10000100                        __boot2_end__ = .
                0x00000001                        ASSERT (((__boot2_end__ - __boot2_start__) == 0x100), ERROR: Pico second stage bootloader must be 256 bytes in size)

.text           0x10000100     0x7710
                0x10000100                        __logical_binary_start = .
 *(.vectors)
 .vectors       0x10000100       0xd4 CMakeFiles/oled.dir/Users/amerilain/pico/pico-sdk/src/rp2_common/pico_standard_link/crt0.S.obj
                0x10000100                __VECTOR_TABLE
                0x10000100                __vectors
                0x100001c0                __default_isrs_start
                0x100001c0                isr_invalid
                0x100001c2                isr_nmi
                0x100001c4                isr_hardfault
                0x100001c6                isr_svcall
                0x100001c8                isr_pendsv
                0x100001ca                isr_systick
                0x100001cc                isr_irq28
                0x100001cc                isr_irq19
                0x100001cc                isr_irq0
                0x100001cc                isr_irq6
                0x100001cc                isr_irq22
                0x100001cc                isr_irq17
                0x100001cc                isr_irq14
                0x100001cc                isr_irq2
                0x100001cc                isr_irq10
                0x100001cc                isr_irq8
                0x100001cc                isr_irq24
                0x100001cc                isr_irq1
                0x100001cc                isr_irq7
                0x100001cc                isr_irq21
                0x100001cc                isr_irq20
                0x100001cc                isr_irq15
                0x100001cc                isr_irq25
                0x100001cc                isr_irq4
                0x100001cc                isr_irq16
                0x100001cc                isr_irq29
                0x100001cc                isr_irq26
                0x100001cc                __default_isrs_end
                0x100001cc                isr_irq3
                0x100001cc                isr_irq9
                0x100001cc                __unhandled_user_irq
                0x100001cc                isr_irq13
                0x100001cc                isr_irq27
                0x100001cc                isr_irq31
                0x100001cc                isr_irq5
                0x100001cc                isr_irq11
                0x100001cc                isr_irq23
                0x100001cc                isr_irq18
                0x100001cc                isr_irq30
                0x100001cc                isr_irq12
                0x100001d2                unhandled_user_irq_num_in_r0
 *(.binary_info_header)
 .binary_info_header
                0x100001d4       0x14 CMakeFiles/oled.dir/Users/amerilain/pico/pico-sdk/src/rp2_common/pico_standard_link/crt0.S.obj
                0x100001e8                        __binary_info_header_end = .
 *(.reset)
 .reset         0x100001e8       0xa0 CMakeFiles/oled.dir/Users/amerilain/pico/pico-sdk/src/rp2_common/pico_standard_link/crt0.S.obj
                0x100001e8                _entry_point
 .reset         0x10000288       0x30 CMakeFiles/oled.dir/Users/amerilain/pico/pico-sdk/src/rp2_common/pico_standard_link/binary_info.c.obj
 *(.init)
 .init          0x100002b8        0x4 /Applications/ArmGNUToolchain/13.2.Rel1/arm-none-eabi/bin/../lib/gcc/arm-none-eabi/13.2.1/thumb/v6-m/nofp/crti.o
                0x100002b8                _init
 *(EXCLUDE_FILE(*libm.a: *libc.a:*lib_a-mem*.o *libgcc.a:) .text*)
 .text.register_tm_clones
                0x100002bc       0x28 /Applications/ArmGNUToolchain/13.2.Rel1/arm-none-eabi/bin/../lib/gcc/arm-none-eabi/13.2.1/thumb/v6-m/nofp/crtbegin.o
 .text.frame_dummy
                0x100002e4       0x24 /Applications/ArmGNUToolchain/13.2.Rel1/arm-none-eabi/bin/../lib/gcc/arm-none-eabi/13.2.1/thumb/v6-m/nofp/crtbegin.o
 .text.to_ms_since_boot
                0x10000308       0x1c CMakeFiles/oled.dir/main.cpp.obj
 .text._ZL20update_us_since_bootP15absolute_time_ty
                0x10000324       0x24 CMakeFiles/oled.dir/main.cpp.obj
 .text.get_absolute_time
                0x10000348       0x16 CMakeFiles/oled.dir/main.cpp.obj
 *fill*         0x1000035e        0x2 
 .text.main     0x10000360      0x1ec CMakeFiles/oled.dir/main.cpp.obj
                0x10000360                main
 .text._ZN8framebufC2Ett
                0x1000054c       0x10 CMakeFiles/oled.dir/display/framebuf.cpp.obj
                0x1000054c                framebuf::framebuf(unsigned short, unsigned short)
                0x1000054c                framebuf::framebuf(unsigned short, unsigned short)
 .text._ZN9mono_vlsb8setpixelEttm
                0x1000055c       0x2a CMakeFiles/oled.dir/display/mono_vlsb.cpp.obj
                0x1000055c                mono_vlsb::setpixel(unsigned short, unsigned short, unsigned long)
 .text._ZNK9mono_vlsb8getpixelEtt
                0x10000586       0x1e CMakeFiles/oled.dir/display/mono_vlsb.cpp.obj
                0x10000586                mono_vlsb::getpixel(unsigned short, unsigned short) const
 .text._ZN9mono_vlsb9fill_rectEttttm
                0x100005a4       0x70 CMakeFiles/oled.dir/display/mono_vlsb.cpp.obj
                0x100005a4                mono_vlsb::fill_rect(unsigned short, unsigned short, unsigned short, unsigned short, unsigned long)
 .text._ZNSt16_Sp_counted_baseILN9__gnu_cxx12_Lock_policyE0EE10_M_destroyEv
                0x10000614        0xa CMakeFiles/oled.dir/display/mono_vlsb.cpp.obj
                0x10000614                std::_Sp_counted_base<(__gnu_cxx::_Lock_policy)0>::_M_destroy()
 *fill*         0x1000061e        0x2 
 .text._ZNSt15_Sp_counted_ptrIPhLN9__gnu_cxx12_Lock_policyE0EED2Ev
                0x10000620       0x14 CMakeFiles/oled.dir/display/mono_vlsb.cpp.obj
                0x10000620                std::_Sp_counted_ptr<unsigned char*, (__gnu_cxx::_Lock_policy)0>::~_Sp_counted_ptr()
                0x10000620                std::_Sp_counted_ptr<unsigned char*, (__gnu_cxx::_Lock_policy)0>::~_Sp_counted_ptr()
 .text._ZNSt15_Sp_counted_ptrIPhLN9__gnu_cxx12_Lock_policyE0EE14_M_get_deleterERKSt9type_info
                0x10000634        0x4 CMakeFiles/oled.dir/display/mono_vlsb.cpp.obj
                0x10000634                std::_Sp_counted_ptr<unsigned char*, (__gnu_cxx::_Lock_policy)0>::_M_get_deleter(std::type_info const&)
 .text._ZNSt15_Sp_counted_ptrIPhLN9__gnu_cxx12_Lock_policyE0EE10_M_disposeEv
                0x10000638       0x10 CMakeFiles/oled.dir/display/mono_vlsb.cpp.obj
                0x10000638                std::_Sp_counted_ptr<unsigned char*, (__gnu_cxx::_Lock_policy)0>::_M_dispose()
 .text._ZNSt15_Sp_counted_ptrIPhLN9__gnu_cxx12_Lock_policyE0EED0Ev
                0x10000648       0x20 CMakeFiles/oled.dir/display/mono_vlsb.cpp.obj
                0x10000648                std::_Sp_counted_ptr<unsigned char*, (__gnu_cxx::_Lock_policy)0>::~_Sp_counted_ptr()
 .text._ZNSt15_Sp_counted_ptrIPhLN9__gnu_cxx12_Lock_policyE0EE10_M_destroyEv
                0x10000668       0x1c CMakeFiles/oled.dir/display/mono_vlsb.cpp.obj
                0x10000668                std::_Sp_counted_ptr<unsigned char*, (__gnu_cxx::_Lock_policy)0>::_M_destroy()
 .text._ZNSt16_Sp_counted_baseILN9__gnu_cxx12_Lock_policyE0EE10_M_releaseEv
                0x10000684       0x28 CMakeFiles/oled.dir/display/mono_vlsb.cpp.obj
                0x10000684                std::_Sp_counted_base<(__gnu_cxx::_Lock_policy)0>::_M_release()
 .text._ZN9mono_vlsbD2Ev
                0x100006ac       0x24 CMakeFiles/oled.dir/display/mono_vlsb.cpp.obj
                0x100006ac                mono_vlsb::~mono_vlsb()
                0x100006ac                mono_vlsb::~mono_vlsb()
 .text._ZN9mono_vlsbD0Ev
                0x100006d0       0x14 CMakeFiles/oled.dir/display/mono_vlsb.cpp.obj
                0x100006d0                mono_vlsb::~mono_vlsb()
 .text._ZNSt14__shared_countILN9__gnu_cxx12_Lock_policyE0EEC2IPhEET_
                0x100006e4       0x30 CMakeFiles/oled.dir/display/mono_vlsb.cpp.obj
                0x100006e4                std::__shared_count<(__gnu_cxx::_Lock_policy)0>::__shared_count<unsigned char*>(unsigned char*)
                0x100006e4                std::__shared_count<(__gnu_cxx::_Lock_policy)0>::__shared_count<unsigned char*>(unsigned char*)
 .text._ZN9mono_vlsbC2Etttt
                0x10000714       0x6c CMakeFiles/oled.dir/display/mono_vlsb.cpp.obj
                0x10000714                mono_vlsb::mono_vlsb(unsigned short, unsigned short, unsigned short, unsigned short)
                0x10000714                mono_vlsb::mono_vlsb(unsigned short, unsigned short, unsigned short, unsigned short)
 .text._ZN7ssd1306D2Ev
                0x10000780       0x14 CMakeFiles/oled.dir/display/ssd1306.cpp.obj
                0x10000780                ssd1306::~ssd1306()
                0x10000780                ssd1306::~ssd1306()
 .text._ZN7ssd1306D0Ev
                0x10000794       0x1c CMakeFiles/oled.dir/display/ssd1306.cpp.obj
                0x10000794                ssd1306::~ssd1306()
 .text._ZN7ssd13068send_cmdEh
                0x100007b0       0x20 CMakeFiles/oled.dir/display/ssd1306.cpp.obj
                0x100007b0                ssd1306::send_cmd(unsigned char)
 .text._ZN7ssd13064initEv
                0x100007d0       0x96 CMakeFiles/oled.dir/display/ssd1306.cpp.obj
                0x100007d0                ssd1306::init()
 *fill*         0x10000866        0x2 
 .text._ZN7ssd1306C2EP8i2c_instttt
                0x10000868       0x38 CMakeFiles/oled.dir/display/ssd1306.cpp.obj
                0x10000868                ssd1306::ssd1306(i2c_inst*, unsigned short, unsigned short, unsigned short)
                0x10000868                ssd1306::ssd1306(i2c_inst*, unsigned short, unsigned short, unsigned short)
 .text.gpio_set_function
                0x100008a0       0x30 CMakeFiles/oled.dir/Users/amerilain/pico/pico-sdk/src/rp2_common/hardware_gpio/gpio.c.obj
                0x100008a0                gpio_set_function
 .text.gpio_set_pulls
                0x100008d0       0x34 CMakeFiles/oled.dir/Users/amerilain/pico/pico-sdk/src/rp2_common/hardware_gpio/gpio.c.obj
                0x100008d0                gpio_set_pulls
 .text.gpio_init
                0x10000904       0x16 CMakeFiles/oled.dir/Users/amerilain/pico/pico-sdk/src/rp2_common/hardware_gpio/gpio.c.obj
                0x10000904                gpio_init
 *fill*         0x1000091a        0x2 
 .text.running_on_fpga
                0x1000091c       0x14 CMakeFiles/oled.dir/Users/amerilain/pico/pico-sdk/src/rp2_common/pico_platform/platform.c.obj
                0x1000091c                running_on_fpga
 .text.hw_claim_lock
                0x10000930       0x18 CMakeFiles/oled.dir/Users/amerilain/pico/pico-sdk/src/rp2_common/hardware_claim/claim.c.obj
                0x10000930                hw_claim_lock
 .text.hw_claim_unlock
                0x10000948       0x14 CMakeFiles/oled.dir/Users/amerilain/pico/pico-sdk/src/rp2_common/hardware_claim/claim.c.obj
                0x10000948                hw_claim_unlock
 .text.hw_claim_or_assert
                0x1000095c       0x32 CMakeFiles/oled.dir/Users/amerilain/pico/pico-sdk/src/rp2_common/hardware_claim/claim.c.obj
                0x1000095c                hw_claim_or_assert
 .text.hw_claim_unused_from_range
                0x1000098e       0x50 CMakeFiles/oled.dir/Users/amerilain/pico/pico-sdk/src/rp2_common/hardware_claim/claim.c.obj
                0x1000098e                hw_claim_unused_from_range
 *fill*         0x100009de        0x2 
 .text.spin_locks_reset
                0x100009e0       0x20 CMakeFiles/oled.dir/Users/amerilain/pico/pico-sdk/src/rp2_common/hardware_sync/sync.c.obj
                0x100009e0                spin_locks_reset
 .text.next_striped_spin_lock_num
                0x10000a00       0x1c CMakeFiles/oled.dir/Users/amerilain/pico/pico-sdk/src/rp2_common/hardware_sync/sync.c.obj
                0x10000a00                next_striped_spin_lock_num
 .text.spin_lock_claim_unused
                0x10000a1c       0x24 CMakeFiles/oled.dir/Users/amerilain/pico/pico-sdk/src/rp2_common/hardware_sync/sync.c.obj
                0x10000a1c                spin_lock_claim_unused
 .text.set_raw_irq_handler_and_unlock
                0x10000a40       0x28 CMakeFiles/oled.dir/Users/amerilain/pico/pico-sdk/src/rp2_common/hardware_irq/irq.c.obj
 .text.resolve_branch
                0x10000a68       0x30 CMakeFiles/oled.dir/Users/amerilain/pico/pico-sdk/src/rp2_common/hardware_irq/irq.c.obj
 .text.make_branch
                0x10000a98       0x48 CMakeFiles/oled.dir/Users/amerilain/pico/pico-sdk/src/rp2_common/hardware_irq/irq.c.obj
 .text.insert_branch_and_link
                0x10000ae0       0x40 CMakeFiles/oled.dir/Users/amerilain/pico/pico-sdk/src/rp2_common/hardware_irq/irq.c.obj
 .text.irq_is_enabled
                0x10000b20       0x18 CMakeFiles/oled.dir/Users/amerilain/pico/pico-sdk/src/rp2_common/hardware_irq/irq.c.obj
                0x10000b20                irq_is_enabled
 .text.irq_set_mask_enabled
                0x10000b38       0x20 CMakeFiles/oled.dir/Users/amerilain/pico/pico-sdk/src/rp2_common/hardware_irq/irq.c.obj
                0x10000b38                irq_set_mask_enabled
 .text.irq_set_enabled
                0x10000b58        0xe CMakeFiles/oled.dir/Users/amerilain/pico/pico-sdk/src/rp2_common/hardware_irq/irq.c.obj
                0x10000b58                irq_set_enabled
 *fill*         0x10000b66        0x2 
 .text.irq_set_pending
                0x10000b68       0x10 CMakeFiles/oled.dir/Users/amerilain/pico/pico-sdk/src/rp2_common/hardware_irq/irq.c.obj
                0x10000b68                irq_set_pending
 .text.irq_get_vtable_handler
                0x10000b78       0x10 CMakeFiles/oled.dir/Users/amerilain/pico/pico-sdk/src/rp2_common/hardware_irq/irq.c.obj
                0x10000b78                irq_get_vtable_handler
 .text.irq_has_shared_handler
                0x10000b88       0x24 CMakeFiles/oled.dir/Users/amerilain/pico/pico-sdk/src/rp2_common/hardware_irq/irq.c.obj
                0x10000b88                irq_has_shared_handler
 .text.irq_set_exclusive_handler
                0x10000bac       0x54 CMakeFiles/oled.dir/Users/amerilain/pico/pico-sdk/src/rp2_common/hardware_irq/irq.c.obj
                0x10000bac                irq_set_exclusive_handler
 .text.irq_add_shared_handler
                0x10000c00      0x210 CMakeFiles/oled.dir/Users/amerilain/pico/pico-sdk/src/rp2_common/hardware_irq/irq.c.obj
                0x10000c00                irq_add_shared_handler
 .text.irq_remove_handler
                0x10000e10      0x188 CMakeFiles/oled.dir/Users/amerilain/pico/pico-sdk/src/rp2_common/hardware_irq/irq.c.obj
                0x10000e10                irq_remove_handler
 .text.irq_add_tail_to_free_list
                0x10000f98       0xf0 CMakeFiles/oled.dir/Users/amerilain/pico/pico-sdk/src/rp2_common/hardware_irq/irq.c.obj
                0x10000f98                irq_add_tail_to_free_list
 .text.irq_init_priorities
                0x10001088       0x1c CMakeFiles/oled.dir/Users/amerilain/pico/pico-sdk/src/rp2_common/hardware_irq/irq.c.obj
                0x10001088                irq_init_priorities
 .text.user_irq_claim_unused
                0x100010a4       0x2c CMakeFiles/oled.dir/Users/amerilain/pico/pico-sdk/src/rp2_common/hardware_irq/irq.c.obj
                0x100010a4                user_irq_claim_unused
 .text.lock_init
                0x100010d0       0x10 CMakeFiles/oled.dir/Users/amerilain/pico/pico-sdk/src/common/pico_sync/lock_core.c.obj
                0x100010d0                lock_init
 .text.update_us_since_boot
                0x100010e0       0x24 CMakeFiles/oled.dir/Users/amerilain/pico/pico-sdk/src/common/pico_sync/mutex.c.obj
 .text.delayed_by_ms
                0x10001104       0x44 CMakeFiles/oled.dir/Users/amerilain/pico/pico-sdk/src/common/pico_sync/mutex.c.obj
 .text.get_absolute_time
                0x10001148       0x22 CMakeFiles/oled.dir/Users/amerilain/pico/pico-sdk/src/common/pico_sync/mutex.c.obj
 .text.make_timeout_time_ms
                0x1000116a       0x20 CMakeFiles/oled.dir/Users/amerilain/pico/pico-sdk/src/common/pico_sync/mutex.c.obj
 .text.mutex_init
                0x1000118a       0x1a CMakeFiles/oled.dir/Users/amerilain/pico/pico-sdk/src/common/pico_sync/mutex.c.obj
                0x1000118a                mutex_init
 .text.recursive_mutex_init
                0x100011a4       0x1e CMakeFiles/oled.dir/Users/amerilain/pico/pico-sdk/src/common/pico_sync/mutex.c.obj
                0x100011a4                recursive_mutex_init
 *fill*         0x100011c2        0x2 
 .text.critical_section_init_with_lock_num
                0x100011c4       0x14 CMakeFiles/oled.dir/Users/amerilain/pico/pico-sdk/src/common/pico_sync/critical_section.c.obj
                0x100011c4                critical_section_init_with_lock_num
 .text.critical_section_init
                0x100011d8       0x14 CMakeFiles/oled.dir/Users/amerilain/pico/pico-sdk/src/common/pico_sync/critical_section.c.obj
                0x100011d8                critical_section_init
 .text.time_reached
                0x100011ec       0x28 CMakeFiles/oled.dir/Users/amerilain/pico/pico-sdk/src/common/pico_time/time.c.obj
 .text.get_entry
                0x10001214       0x38 CMakeFiles/oled.dir/Users/amerilain/pico/pico-sdk/src/common/pico_time/time.c.obj
 .text.timer_pool_entry_comparator
                0x1000124c       0x2e CMakeFiles/oled.dir/Users/amerilain/pico/pico-sdk/src/common/pico_time/time.c.obj
                0x1000124c                timer_pool_entry_comparator
 *fill*         0x1000127a        0x2 
 .text.update_us_since_boot
                0x1000127c       0x24 CMakeFiles/oled.dir/Users/amerilain/pico/pico-sdk/src/common/pico_time/time.c.obj
 .text.delayed_by_us
                0x100012a0       0x34 CMakeFiles/oled.dir/Users/amerilain/pico/pico-sdk/src/common/pico_time/time.c.obj
 .text.ph_get_node
                0x100012d4       0x30 CMakeFiles/oled.dir/Users/amerilain/pico/pico-sdk/src/common/pico_time/time.c.obj
 .text.ph_contains_node
                0x10001304       0x1e CMakeFiles/oled.dir/Users/amerilain/pico/pico-sdk/src/common/pico_time/time.c.obj
 .text.ph_new_node
                0x10001322       0x28 CMakeFiles/oled.dir/Users/amerilain/pico/pico-sdk/src/common/pico_time/time.c.obj
 *fill*         0x1000134a        0x2 
 .text.ph_add_child_node
                0x1000134c       0x6c CMakeFiles/oled.dir/Users/amerilain/pico/pico-sdk/src/common/pico_time/time.c.obj
 .text.ph_merge_nodes
                0x100013b8       0x3e CMakeFiles/oled.dir/Users/amerilain/pico/pico-sdk/src/common/pico_time/time.c.obj
 *fill*         0x100013f6        0x2 
 .text.ph_insert_node
                0x100013f8       0x3c CMakeFiles/oled.dir/Users/amerilain/pico/pico-sdk/src/common/pico_time/time.c.obj
 .text.ph_free_node
                0x10001434       0x5c CMakeFiles/oled.dir/Users/amerilain/pico/pico-sdk/src/common/pico_time/time.c.obj
 .text.get_entry_id_high
                0x10001490       0x30 CMakeFiles/oled.dir/Users/amerilain/pico/pico-sdk/src/common/pico_time/time.c.obj
 .text.alarm_pool_post_alloc_init
                0x100014c0       0x40 CMakeFiles/oled.dir/Users/amerilain/pico/pico-sdk/src/common/pico_time/time.c.obj
 .text.sleep_until_callback
                0x10001500       0x30 CMakeFiles/oled.dir/Users/amerilain/pico/pico-sdk/src/common/pico_time/time.c.obj
 .text.get_absolute_time
                0x10001530       0x22 CMakeFiles/oled.dir/Users/amerilain/pico/pico-sdk/src/common/pico_time/time.c.obj
 .text.make_timeout_time_us
                0x10001552       0x24 CMakeFiles/oled.dir/Users/amerilain/pico/pico-sdk/src/common/pico_time/time.c.obj
 *fill*         0x10001576        0x2 
 .text.add_alarm_under_lock
                0x10001578       0x94 CMakeFiles/oled.dir/Users/amerilain/pico/pico-sdk/src/common/pico_time/time.c.obj
 .text.alarm_pool_alarm_callback
                0x1000160c      0x210 CMakeFiles/oled.dir/Users/amerilain/pico/pico-sdk/src/common/pico_time/time.c.obj
 .text.alarm_pool_init_default
                0x1000181c       0x40 CMakeFiles/oled.dir/Users/amerilain/pico/pico-sdk/src/common/pico_time/time.c.obj
                0x1000181c                alarm_pool_init_default
 .text.alarm_pool_get_default
                0x1000185c       0x2c CMakeFiles/oled.dir/Users/amerilain/pico/pico-sdk/src/common/pico_time/time.c.obj
                0x1000185c                alarm_pool_get_default
 .text.alarm_pool_add_alarm_at
                0x10001888      0x10e CMakeFiles/oled.dir/Users/amerilain/pico/pico-sdk/src/common/pico_time/time.c.obj
                0x10001888                alarm_pool_add_alarm_at
 .text.add_alarm_at
                0x10001996       0x2e CMakeFiles/oled.dir/Users/amerilain/pico/pico-sdk/src/common/pico_time/time.c.obj
 .text.alarm_pool_cancel_alarm
                0x100019c4       0xa8 CMakeFiles/oled.dir/Users/amerilain/pico/pico-sdk/src/common/pico_time/time.c.obj
                0x100019c4                alarm_pool_cancel_alarm
 .text.cancel_alarm
                0x10001a6c       0x10 CMakeFiles/oled.dir/Users/amerilain/pico/pico-sdk/src/common/pico_time/time.c.obj
 .text.alarm_pool_core_num
                0x10001a7c        0x4 CMakeFiles/oled.dir/Users/amerilain/pico/pico-sdk/src/common/pico_time/time.c.obj
                0x10001a7c                alarm_pool_core_num
 .text.sleep_until
                0x10001a80       0xb0 CMakeFiles/oled.dir/Users/amerilain/pico/pico-sdk/src/common/pico_time/time.c.obj
                0x10001a80                sleep_until
 .text.sleep_us
                0x10001b30       0x1a CMakeFiles/oled.dir/Users/amerilain/pico/pico-sdk/src/common/pico_time/time.c.obj
                0x10001b30                sleep_us
 .text.sleep_ms
                0x10001b4a       0x14 CMakeFiles/oled.dir/Users/amerilain/pico/pico-sdk/src/common/pico_time/time.c.obj
                0x10001b4a                sleep_ms
 *fill*         0x10001b5e        0x2 
 .text.best_effort_wfe_or_timeout
                0x10001b60       0x44 CMakeFiles/oled.dir/Users/amerilain/pico/pico-sdk/src/common/pico_time/time.c.obj
                0x10001b60                best_effort_wfe_or_timeout
 .text.hardware_alarm_irq_handler
                0x10001ba4       0x8c CMakeFiles/oled.dir/Users/amerilain/pico/pico-sdk/src/rp2_common/hardware_timer/timer.c.obj
 .text.hardware_alarm_claim
                0x10001c30       0x18 CMakeFiles/oled.dir/Users/amerilain/pico/pico-sdk/src/rp2_common/hardware_timer/timer.c.obj
                0x10001c30                hardware_alarm_claim
 .text.time_us_64
                0x10001c48       0x18 CMakeFiles/oled.dir/Users/amerilain/pico/pico-sdk/src/rp2_common/hardware_timer/timer.c.obj
                0x10001c48                time_us_64
 .text.busy_wait_until
                0x10001c60       0x28 CMakeFiles/oled.dir/Users/amerilain/pico/pico-sdk/src/rp2_common/hardware_timer/timer.c.obj
                0x10001c60                busy_wait_until
 .text.hardware_alarm_set_callback
                0x10001c88       0x90 CMakeFiles/oled.dir/Users/amerilain/pico/pico-sdk/src/rp2_common/hardware_timer/timer.c.obj
                0x10001c88                hardware_alarm_set_callback
 .text.hardware_alarm_set_target
                0x10001d18       0xe8 CMakeFiles/oled.dir/Users/amerilain/pico/pico-sdk/src/rp2_common/hardware_timer/timer.c.obj
                0x10001d18                hardware_alarm_set_target
 .text.hardware_alarm_cancel
                0x10001e00       0x40 CMakeFiles/oled.dir/Users/amerilain/pico/pico-sdk/src/rp2_common/hardware_timer/timer.c.obj
                0x10001e00                hardware_alarm_cancel
 .text.ph_get_node
                0x10001e40       0x30 CMakeFiles/oled.dir/Users/amerilain/pico/pico-sdk/src/common/pico_util/pheap.c.obj
 .text.ph_add_child_node
                0x10001e70       0x6c CMakeFiles/oled.dir/Users/amerilain/pico/pico-sdk/src/common/pico_util/pheap.c.obj
 .text.ph_merge_nodes
                0x10001edc       0x3e CMakeFiles/oled.dir/Users/amerilain/pico/pico-sdk/src/common/pico_util/pheap.c.obj
 .text.ph_clear
                0x10001f1a       0x34 CMakeFiles/oled.dir/Users/amerilain/pico/pico-sdk/src/common/pico_util/pheap.c.obj
                0x10001f1a                ph_clear
 .text.ph_post_alloc_init
                0x10001f4e        0xe CMakeFiles/oled.dir/Users/amerilain/pico/pico-sdk/src/common/pico_util/pheap.c.obj
                0x10001f4e                ph_post_alloc_init
 .text.ph_merge_two_pass
                0x10001f5c       0x5c CMakeFiles/oled.dir/Users/amerilain/pico/pico-sdk/src/common/pico_util/pheap.c.obj
                0x10001f5c                ph_merge_two_pass
 .text.ph_remove_any_head
                0x10001fb8       0xc0 CMakeFiles/oled.dir/Users/amerilain/pico/pico-sdk/src/common/pico_util/pheap.c.obj
 .text.ph_remove_head
                0x10002078       0x14 CMakeFiles/oled.dir/Users/amerilain/pico/pico-sdk/src/common/pico_util/pheap.c.obj
                0x10002078                ph_remove_head
 .text.ph_remove_and_free_node
                0x1000208c       0xa0 CMakeFiles/oled.dir/Users/amerilain/pico/pico-sdk/src/common/pico_util/pheap.c.obj
                0x1000208c                ph_remove_and_free_node
 .text.clock_configure
                0x1000212c      0x108 CMakeFiles/oled.dir/Users/amerilain/pico/pico-sdk/src/rp2_common/hardware_clocks/clocks.c.obj
                0x1000212c                clock_configure
 .text.clocks_init
                0x10002234      0x100 CMakeFiles/oled.dir/Users/amerilain/pico/pico-sdk/src/rp2_common/hardware_clocks/clocks.c.obj
                0x10002234                clocks_init
 .text.clock_get_hz
                0x10002334        0xc CMakeFiles/oled.dir/Users/amerilain/pico/pico-sdk/src/rp2_common/hardware_clocks/clocks.c.obj
                0x10002334                clock_get_hz
 .text.pll_init
                0x10002340      0x120 CMakeFiles/oled.dir/Users/amerilain/pico/pico-sdk/src/rp2_common/hardware_pll/pll.c.obj
                0x10002340                pll_init
 .text.watchdog_start_tick
                0x10002460       0x10 CMakeFiles/oled.dir/Users/amerilain/pico/pico-sdk/src/rp2_common/hardware_watchdog/watchdog.c.obj
                0x10002460                watchdog_start_tick
 .text.watchdog_update
                0x10002470       0x14 CMakeFiles/oled.dir/Users/amerilain/pico/pico-sdk/src/rp2_common/hardware_watchdog/watchdog.c.obj
                0x10002470                watchdog_update
 .text._watchdog_enable
                0x10002484       0x78 CMakeFiles/oled.dir/Users/amerilain/pico/pico-sdk/src/rp2_common/hardware_watchdog/watchdog.c.obj
                0x10002484                _watchdog_enable
 .text.watchdog_reboot
                0x100024fc       0x48 CMakeFiles/oled.dir/Users/amerilain/pico/pico-sdk/src/rp2_common/hardware_watchdog/watchdog.c.obj
                0x100024fc                watchdog_reboot
 .text.xosc_init
                0x10002544       0x28 CMakeFiles/oled.dir/Users/amerilain/pico/pico-sdk/src/rp2_common/hardware_xosc/xosc.c.obj
                0x10002544                xosc_init
 .text._exit    0x1000256c        0x4 CMakeFiles/oled.dir/Users/amerilain/pico/pico-sdk/src/rp2_common/pico_runtime/runtime.c.obj
                0x1000256c                _exit
 .text._sbrk    0x10002570       0x38 CMakeFiles/oled.dir/Users/amerilain/pico/pico-sdk/src/rp2_common/pico_runtime/runtime.c.obj
                0x10002570                _sbrk
 .text.exit     0x100025a8        0x6 CMakeFiles/oled.dir/Users/amerilain/pico/pico-sdk/src/rp2_common/pico_runtime/runtime.c.obj
                0x100025a8                exit
 *fill*         0x100025ae        0x2 
 .text.__assert_func
                0x100025b0       0x38 CMakeFiles/oled.dir/Users/amerilain/pico/pico-sdk/src/rp2_common/pico_runtime/runtime.c.obj
                0x100025b0                __assert_func
 .text.runtime_init
                0x100025e8       0xf8 CMakeFiles/oled.dir/Users/amerilain/pico/pico-sdk/src/rp2_common/pico_runtime/runtime.c.obj
                0x100025e8                runtime_init
 .text.panic    0x100026e0       0x30 CMakeFiles/oled.dir/Users/amerilain/pico/pico-sdk/src/rp2_common/pico_runtime/runtime.c.obj
                0x100026e0                panic
 .text._out_null
                0x10002710        0x2 CMakeFiles/oled.dir/Users/amerilain/pico/pico-sdk/src/rp2_common/pico_printf/printf.c.obj
 .text._out_fct
                0x10002712        0xe CMakeFiles/oled.dir/Users/amerilain/pico/pico-sdk/src/rp2_common/pico_printf/printf.c.obj
 .text._atoi    0x10002720       0x24 CMakeFiles/oled.dir/Users/amerilain/pico/pico-sdk/src/rp2_common/pico_printf/printf.c.obj
 .text._out_rev
                0x10002744       0xae CMakeFiles/oled.dir/Users/amerilain/pico/pico-sdk/src/rp2_common/pico_printf/printf.c.obj
 .text._ntoa_format
                0x100027f2      0x110 CMakeFiles/oled.dir/Users/amerilain/pico/pico-sdk/src/rp2_common/pico_printf/printf.c.obj
 .text._ntoa_long
                0x10002902       0xbc CMakeFiles/oled.dir/Users/amerilain/pico/pico-sdk/src/rp2_common/pico_printf/printf.c.obj
 .text._ntoa_long_long
                0x100029be      0x10e CMakeFiles/oled.dir/Users/amerilain/pico/pico-sdk/src/rp2_common/pico_printf/printf.c.obj
 .text._etoa    0x10002acc      0x420 CMakeFiles/oled.dir/Users/amerilain/pico/pico-sdk/src/rp2_common/pico_printf/printf.c.obj
 .text._ftoa    0x10002eec      0x354 CMakeFiles/oled.dir/Users/amerilain/pico/pico-sdk/src/rp2_common/pico_printf/printf.c.obj
 .text._vsnprintf
                0x10003240      0x668 CMakeFiles/oled.dir/Users/amerilain/pico/pico-sdk/src/rp2_common/pico_printf/printf.c.obj
 .text.vfctprintf
                0x100038a8       0x20 CMakeFiles/oled.dir/Users/amerilain/pico/pico-sdk/src/rp2_common/pico_printf/printf.c.obj
                0x100038a8                vfctprintf
 .text          0x100038c8       0x10 CMakeFiles/oled.dir/Users/amerilain/pico/pico-sdk/src/rp2_common/pico_bit_ops/bit_ops_aeabi.S.obj
 .text.rom_func_lookup
                0x100038d8       0x10 CMakeFiles/oled.dir/Users/amerilain/pico/pico-sdk/src/rp2_common/pico_bootrom/bootrom.c.obj
                0x100038d8                rom_func_lookup
 .text.rom_data_lookup
                0x100038e8       0x10 CMakeFiles/oled.dir/Users/amerilain/pico/pico-sdk/src/rp2_common/pico_bootrom/bootrom.c.obj
                0x100038e8                rom_data_lookup
 .text.rom_funcs_lookup
                0x100038f8       0x36 CMakeFiles/oled.dir/Users/amerilain/pico/pico-sdk/src/rp2_common/pico_bootrom/bootrom.c.obj
                0x100038f8                rom_funcs_lookup
 *fill*         0x1000392e        0x2 
 .text.__wrap___aeabi_idiv
                0x10003930       0x50 CMakeFiles/oled.dir/Users/amerilain/pico/pico-sdk/src/rp2_common/pico_divider/divider.S.obj
                0x10003930                __wrap___aeabi_idivmod
                0x10003930                divmod_s32s32
                0x10003930                div_s32s32
                0x10003930                __wrap___aeabi_idiv
                0x10003938                divmod_s32s32_unsafe
                0x10003964                divmod_s32s32_savestate
 .text.__wrap___aeabi_uidiv
                0x10003980       0x4c CMakeFiles/oled.dir/Users/amerilain/pico/pico-sdk/src/rp2_common/pico_divider/divider.S.obj
                0x10003980                __wrap___aeabi_uidiv
                0x10003980                __wrap___aeabi_uidivmod
                0x10003980                div_u32u32
                0x10003980                divmod_u32u32
                0x10003988                divmod_u32u32_unsafe
                0x100039b0                divmod_u32u32_savestate
 .text.__wrap___aeabi_ldiv
                0x100039cc      0x424 CMakeFiles/oled.dir/Users/amerilain/pico/pico-sdk/src/rp2_common/pico_divider/divider.S.obj
                0x100039cc                __wrap___aeabi_ldivmod
                0x100039cc                div_s64s64
                0x100039cc                divmod_s64s64
                0x100039fc                divmod_u64u64
                0x100039fc                div_u64u64
                0x100039fc                __wrap___aeabi_uldivmod
                0x10003a0c                divmod_u64u64_savestate
                0x10003a2c                divmod_s64s64_unsafe
                0x10003ab4                divmod_u64u64_unsafe
 .text.__wrap___aeabi_darithmetic
                0x10003df0       0x60 CMakeFiles/oled.dir/Users/amerilain/pico/pico-sdk/src/rp2_common/pico_double/double_aeabi.S.obj
                0x10003df0                __wrap___aeabi_drsub
                0x10003df6                __wrap___aeabi_dsub
                0x10003e00                __wrap___aeabi_dadd
                0x10003e0a                __wrap___aeabi_ddiv
                0x10003e3e                __wrap___aeabi_dmul
 .text.__wrap___aeabi_cdcmple
                0x10003e50       0x6c CMakeFiles/oled.dir/Users/amerilain/pico/pico-sdk/src/rp2_common/pico_double/double_aeabi.S.obj
                0x10003e50                __wrap___aeabi_cdrcmple
                0x10003e60                __wrap___aeabi_cdcmple
                0x10003e60                __wrap___aeabi_cdcmpeq
 .text.__wrap___aeabi_dcmplt
                0x10003ebc        0xc CMakeFiles/oled.dir/Users/amerilain/pico/pico-sdk/src/rp2_common/pico_double/double_aeabi.S.obj
                0x10003ebc                __wrap___aeabi_dcmplt
 .text.__wrap___aeabi_dcmple
                0x10003ec8       0x10 CMakeFiles/oled.dir/Users/amerilain/pico/pico-sdk/src/rp2_common/pico_double/double_aeabi.S.obj
                0x10003ec8                __wrap___aeabi_dcmple
 .text.__wrap___aeabi_dcmpge
                0x10003ed8       0x10 CMakeFiles/oled.dir/Users/amerilain/pico/pico-sdk/src/rp2_common/pico_double/double_aeabi.S.obj
                0x10003ed8                __wrap___aeabi_dcmpge
 .text.__wrap___aeabi_dcmpgt
                0x10003ee8        0xa CMakeFiles/oled.dir/Users/amerilain/pico/pico-sdk/src/rp2_common/pico_double/double_aeabi.S.obj
                0x10003ee8                __wrap___aeabi_dcmpgt
 .text.__wrap___aeabi_dcmpun
                0x10003ef2       0x1c CMakeFiles/oled.dir/Users/amerilain/pico/pico-sdk/src/rp2_common/pico_double/double_aeabi.S.obj
                0x10003ef2                __wrap___aeabi_dcmpun
 *fill*         0x10003f0e        0x2 
 .text.__wrap___aeabi_i2d
                0x10003f10       0x38 CMakeFiles/oled.dir/Users/amerilain/pico/pico-sdk/src/rp2_common/pico_double/double_aeabi.S.obj
                0x10003f10                __wrap___aeabi_ui2d
                0x10003f18                __wrap___aeabi_i2d
 .text.__wrap___aeabi_d2iz
                0x10003f48       0x48 CMakeFiles/oled.dir/Users/amerilain/pico/pico-sdk/src/rp2_common/pico_double/double_aeabi.S.obj
                0x10003f48                __wrap___aeabi_d2iz
                0x10003f48                double2int_z
 .text.__wrap___aeabi_d2uiz
                0x10003f90       0x10 CMakeFiles/oled.dir/Users/amerilain/pico/pico-sdk/src/rp2_common/pico_double/double_aeabi.S.obj
                0x10003f90                double2uint
                0x10003f90                __wrap___aeabi_d2uiz
 .text.missing_double_func_shim
                0x10003fa0        0xc CMakeFiles/oled.dir/Users/amerilain/pico/pico-sdk/src/rp2_common/pico_double/double_init_rom.c.obj
 .text.__aeabi_double_init
                0x10003fac       0xd0 CMakeFiles/oled.dir/Users/amerilain/pico/pico-sdk/src/rp2_common/pico_double/double_init_rom.c.obj
                0x10003fac                __aeabi_double_init
 .text.double_table_shim_on_use_helper
                0x1000407c       0x34 CMakeFiles/oled.dir/Users/amerilain/pico/pico-sdk/src/rp2_common/pico_double/double_v1_rom_shim.S.obj
                0x1000407c                double_table_shim_on_use_helper
 .text.__aeabi_lmul
                0x100040b0       0x32 CMakeFiles/oled.dir/Users/amerilain/pico/pico-sdk/src/rp2_common/pico_int64_ops/pico_int64_ops_aeabi.S.obj
                0x100040b0                __wrap___aeabi_lmul
 *fill*         0x100040e2        0x2 
 .text.missing_float_func_shim
                0x100040e4        0xc CMakeFiles/oled.dir/Users/amerilain/pico/pico-sdk/src/rp2_common/pico_float/float_init_rom.c.obj
 .text.__aeabi_float_init
                0x100040f0       0x88 CMakeFiles/oled.dir/Users/amerilain/pico/pico-sdk/src/rp2_common/pico_float/float_init_rom.c.obj
                0x100040f0                __aeabi_float_init
 .text.check_alloc
                0x10004178       0x20 CMakeFiles/oled.dir/Users/amerilain/pico/pico-sdk/src/rp2_common/pico_malloc/pico_malloc.c.obj
 .text.__wrap_malloc
                0x10004198       0x14 CMakeFiles/oled.dir/Users/amerilain/pico/pico-sdk/src/rp2_common/pico_malloc/pico_malloc.c.obj
                0x10004198                __wrap_malloc
 .text.__wrap_free
                0x100041ac        0x8 CMakeFiles/oled.dir/Users/amerilain/pico/pico-sdk/src/rp2_common/pico_malloc/pico_malloc.c.obj
                0x100041ac                __wrap_free
 .text          0x100041b4       0x10 CMakeFiles/oled.dir/Users/amerilain/pico/pico-sdk/src/rp2_common/pico_mem_ops/mem_ops_aeabi.S.obj
                0x100041b4                __aeabi_mem_init
 .text.memset   0x100041c4        0xc CMakeFiles/oled.dir/Users/amerilain/pico/pico-sdk/src/rp2_common/pico_mem_ops/mem_ops_aeabi.S.obj
                0x100041c4                __wrap_memset
 .text.memcpy   0x100041d0        0xc CMakeFiles/oled.dir/Users/amerilain/pico/pico-sdk/src/rp2_common/pico_mem_ops/mem_ops_aeabi.S.obj
                0x100041d0                __wrap___aeabi_memcpy
                0x100041d0                __wrap_memcpy
 .text._Znwj    0x100041dc        0x8 CMakeFiles/oled.dir/Users/amerilain/pico/pico-sdk/src/rp2_common/pico_standard_link/new_delete.cpp.obj
                0x100041dc                operator new(unsigned int)
 .text._Znaj    0x100041e4        0x8 CMakeFiles/oled.dir/Users/amerilain/pico/pico-sdk/src/rp2_common/pico_standard_link/new_delete.cpp.obj
                0x100041e4                operator new[](unsigned int)
 .text._ZdlPvj  0x100041ec        0x8 CMakeFiles/oled.dir/Users/amerilain/pico/pico-sdk/src/rp2_common/pico_standard_link/new_delete.cpp.obj
                0x100041ec                operator delete(void*, unsigned int)
 .text.stdio_out_chars_no_crlf
                0x100041f4        0xe CMakeFiles/oled.dir/Users/amerilain/pico/pico-sdk/src/rp2_common/pico_stdio/stdio.c.obj
 *fill*         0x10004202        0x2 
 .text.stdio_out_chars_crlf
                0x10004204       0x80 CMakeFiles/oled.dir/Users/amerilain/pico/pico-sdk/src/rp2_common/pico_stdio/stdio.c.obj
 .text.stdio_stack_buffer_flush
                0x10004284       0x44 CMakeFiles/oled.dir/Users/amerilain/pico/pico-sdk/src/rp2_common/pico_stdio/stdio.c.obj
 .text.stdio_buffered_printer
                0x100042c8       0x20 CMakeFiles/oled.dir/Users/amerilain/pico/pico-sdk/src/rp2_common/pico_stdio/stdio.c.obj
 .text.update_us_since_boot
                0x100042e8       0x24 CMakeFiles/oled.dir/Users/amerilain/pico/pico-sdk/src/rp2_common/pico_stdio/stdio.c.obj
 .text.get_absolute_time
                0x1000430c       0x22 CMakeFiles/oled.dir/Users/amerilain/pico/pico-sdk/src/rp2_common/pico_stdio/stdio.c.obj
 *fill*         0x1000432e        0x2 
 .text.delayed_by_ms
                0x10004330       0x44 CMakeFiles/oled.dir/Users/amerilain/pico/pico-sdk/src/rp2_common/pico_stdio/stdio.c.obj
 .text.make_timeout_time_ms
                0x10004374       0x20 CMakeFiles/oled.dir/Users/amerilain/pico/pico-sdk/src/rp2_common/pico_stdio/stdio.c.obj
 .text.stdout_serialize_begin
                0x10004394       0x20 CMakeFiles/oled.dir/Users/amerilain/pico/pico-sdk/src/rp2_common/pico_stdio/stdio.c.obj
                0x10004394                stdout_serialize_begin
 .text.stdout_serialize_end
                0x100043b4       0x10 CMakeFiles/oled.dir/Users/amerilain/pico/pico-sdk/src/rp2_common/pico_stdio/stdio.c.obj
                0x100043b4                stdout_serialize_end
 .text.stdio_put_string
                0x100043c4       0x98 CMakeFiles/oled.dir/Users/amerilain/pico/pico-sdk/src/rp2_common/pico_stdio/stdio.c.obj
 .text.stdio_set_driver_enabled
                0x1000445c       0x2c CMakeFiles/oled.dir/Users/amerilain/pico/pico-sdk/src/rp2_common/pico_stdio/stdio.c.obj
                0x1000445c                stdio_set_driver_enabled
 .text.stdio_flush
                0x10004488       0x20 CMakeFiles/oled.dir/Users/amerilain/pico/pico-sdk/src/rp2_common/pico_stdio/stdio.c.obj
                0x10004488                stdio_flush
 .text.__wrap_puts
                0x100044a8       0x1e CMakeFiles/oled.dir/Users/amerilain/pico/pico-sdk/src/rp2_common/pico_stdio/stdio.c.obj
                0x100044a8                __wrap_puts
 *fill*         0x100044c6        0x2 
 .text.__wrap_vprintf
                0x100044c8       0x40 CMakeFiles/oled.dir/Users/amerilain/pico/pico-sdk/src/rp2_common/pico_stdio/stdio.c.obj
                0x100044c8                __wrap_vprintf
 .text.__wrap_printf
                0x10004508       0x18 CMakeFiles/oled.dir/Users/amerilain/pico/pico-sdk/src/rp2_common/pico_stdio/stdio.c.obj
                0x10004508                __wrap_printf
 .text.stdio_init_all
                0x10004520        0x8 CMakeFiles/oled.dir/Users/amerilain/pico/pico-sdk/src/rp2_common/pico_stdio/stdio.c.obj
                0x10004520                stdio_init_all
 .text.resetd_init
                0x10004528        0x2 CMakeFiles/oled.dir/Users/amerilain/pico/pico-sdk/src/rp2_common/pico_stdio_usb/reset_interface.c.obj
 *fill*         0x1000452a        0x2 
 .text.resetd_reset
                0x1000452c        0xc CMakeFiles/oled.dir/Users/amerilain/pico/pico-sdk/src/rp2_common/pico_stdio_usb/reset_interface.c.obj
 .text.resetd_open
                0x10004538       0x34 CMakeFiles/oled.dir/Users/amerilain/pico/pico-sdk/src/rp2_common/pico_stdio_usb/reset_interface.c.obj
 .text.resetd_xfer_cb
                0x1000456c        0x4 CMakeFiles/oled.dir/Users/amerilain/pico/pico-sdk/src/rp2_common/pico_stdio_usb/reset_interface.c.obj
 .text.reset_usb_boot
                0x10004570       0x18 CMakeFiles/oled.dir/Users/amerilain/pico/pico-sdk/src/rp2_common/pico_stdio_usb/reset_interface.c.obj
 .text.resetd_control_xfer_cb
                0x10004588       0x5c CMakeFiles/oled.dir/Users/amerilain/pico/pico-sdk/src/rp2_common/pico_stdio_usb/reset_interface.c.obj
 .text.usbd_app_driver_get_cb
                0x100045e4        0xc CMakeFiles/oled.dir/Users/amerilain/pico/pico-sdk/src/rp2_common/pico_stdio_usb/reset_interface.c.obj
                0x100045e4                usbd_app_driver_get_cb
 .text.tud_cdc_line_coding_cb
                0x100045f0       0x28 CMakeFiles/oled.dir/Users/amerilain/pico/pico-sdk/src/rp2_common/pico_stdio_usb/reset_interface.c.obj
                0x100045f0                tud_cdc_line_coding_cb
 .text.stdio_usb_set_chars_available_callback
                0x10004618       0x14 CMakeFiles/oled.dir/Users/amerilain/pico/pico-sdk/src/rp2_common/pico_stdio_usb/stdio_usb.c.obj
                0x10004618                stdio_usb_set_chars_available_callback
 .text.update_us_since_boot
                0x1000462c       0x24 CMakeFiles/oled.dir/Users/amerilain/pico/pico-sdk/src/rp2_common/pico_stdio_usb/stdio_usb.c.obj
 .text.get_absolute_time
                0x10004650       0x22 CMakeFiles/oled.dir/Users/amerilain/pico/pico-sdk/src/rp2_common/pico_stdio_usb/stdio_usb.c.obj
 *fill*         0x10004672        0x2 
 .text.delayed_by_ms
                0x10004674       0x44 CMakeFiles/oled.dir/Users/amerilain/pico/pico-sdk/src/rp2_common/pico_stdio_usb/stdio_usb.c.obj
 .text.make_timeout_time_ms
                0x100046b8       0x20 CMakeFiles/oled.dir/Users/amerilain/pico/pico-sdk/src/rp2_common/pico_stdio_usb/stdio_usb.c.obj
 .text.delayed_by_us
                0x100046d8       0x34 CMakeFiles/oled.dir/Users/amerilain/pico/pico-sdk/src/rp2_common/pico_stdio_usb/stdio_usb.c.obj
 .text.usb_irq  0x1000470c       0x10 CMakeFiles/oled.dir/Users/amerilain/pico/pico-sdk/src/rp2_common/pico_stdio_usb/stdio_usb.c.obj
 .text.critical_section_enter_blocking
                0x1000471c       0x16 CMakeFiles/oled.dir/Users/amerilain/pico/pico-sdk/src/rp2_common/pico_stdio_usb/stdio_usb.c.obj
 *fill*         0x10004732        0x2 
 .text.timer_task
                0x10004734       0x4c CMakeFiles/oled.dir/Users/amerilain/pico/pico-sdk/src/rp2_common/pico_stdio_usb/stdio_usb.c.obj
 .text.alarm_pool_add_alarm_in_us
                0x10004780       0x3a CMakeFiles/oled.dir/Users/amerilain/pico/pico-sdk/src/rp2_common/pico_stdio_usb/stdio_usb.c.obj
 .text.add_alarm_in_us
                0x100047ba       0x2e CMakeFiles/oled.dir/Users/amerilain/pico/pico-sdk/src/rp2_common/pico_stdio_usb/stdio_usb.c.obj
 .text.low_priority_worker_irq
                0x100047e8       0x7c CMakeFiles/oled.dir/Users/amerilain/pico/pico-sdk/src/rp2_common/pico_stdio_usb/stdio_usb.c.obj
 .text.tud_cdc_rx_cb
                0x10004864       0x20 CMakeFiles/oled.dir/Users/amerilain/pico/pico-sdk/src/rp2_common/pico_stdio_usb/stdio_usb.c.obj
                0x10004864                tud_cdc_rx_cb
 .text.stdio_usb_init
                0x10004884       0xd0 CMakeFiles/oled.dir/Users/amerilain/pico/pico-sdk/src/rp2_common/pico_stdio_usb/stdio_usb.c.obj
                0x10004884                stdio_usb_init
 .text.stdio_usb_connected
                0x10004954        0xa CMakeFiles/oled.dir/Users/amerilain/pico/pico-sdk/src/rp2_common/pico_stdio_usb/stdio_usb.c.obj
                0x10004954                stdio_usb_connected
 *fill*         0x1000495e        0x2 
 .text.stdio_usb_in_chars
                0x10004960       0x88 CMakeFiles/oled.dir/Users/amerilain/pico/pico-sdk/src/rp2_common/pico_stdio_usb/stdio_usb.c.obj
                0x10004960                stdio_usb_in_chars
 .text.stdio_usb_out_chars
                0x100049e8       0xd8 CMakeFiles/oled.dir/Users/amerilain/pico/pico-sdk/src/rp2_common/pico_stdio_usb/stdio_usb.c.obj
 .text.tud_descriptor_device_cb
                0x10004ac0        0x8 CMakeFiles/oled.dir/Users/amerilain/pico/pico-sdk/src/rp2_common/pico_stdio_usb/stdio_usb_descriptors.c.obj
                0x10004ac0                tud_descriptor_device_cb
 .text.tud_descriptor_configuration_cb
                0x10004ac8        0x8 CMakeFiles/oled.dir/Users/amerilain/pico/pico-sdk/src/rp2_common/pico_stdio_usb/stdio_usb_descriptors.c.obj
                0x10004ac8                tud_descriptor_configuration_cb
 .text.tud_descriptor_string_cb
                0x10004ad0       0x6c CMakeFiles/oled.dir/Users/amerilain/pico/pico-sdk/src/rp2_common/pico_stdio_usb/stdio_usb_descriptors.c.obj
                0x10004ad0                tud_descriptor_string_cb
 .text._retrieve_unique_id_on_boot
                0x10004b3c       0x10 CMakeFiles/oled.dir/Users/amerilain/pico/pico-sdk/src/rp2_common/pico_unique_id/unique_id.c.obj
 .text.pico_get_unique_board_id_string
                0x10004b4c       0x5c CMakeFiles/oled.dir/Users/amerilain/pico/pico-sdk/src/rp2_common/pico_unique_id/unique_id.c.obj
                0x10004b4c                pico_get_unique_board_id_string
 .text.flash_get_unique_id
                0x10004ba8       0x40 CMakeFiles/oled.dir/Users/amerilain/pico/pico-sdk/src/rp2_common/hardware_flash/flash.c.obj
                0x10004ba8                flash_get_unique_id
 .text.hw_endpoint_get_by_addr
                0x10004be8       0x18 CMakeFiles/oled.dir/Users/amerilain/pico/pico-sdk/lib/tinyusb/src/portable/raspberrypi/rp2040/dcd_rp2040.c.obj
 .text._hw_endpoint_alloc
                0x10004c00       0x70 CMakeFiles/oled.dir/Users/amerilain/pico/pico-sdk/lib/tinyusb/src/portable/raspberrypi/rp2040/dcd_rp2040.c.obj
 .text.hw_endpoint_init
                0x10004c70       0x88 CMakeFiles/oled.dir/Users/amerilain/pico/pico-sdk/lib/tinyusb/src/portable/raspberrypi/rp2040/dcd_rp2040.c.obj
 .text.dcd_event_sof
                0x10004cf8       0x2c CMakeFiles/oled.dir/Users/amerilain/pico/pico-sdk/lib/tinyusb/src/portable/raspberrypi/rp2040/dcd_rp2040.c.obj
 .text.hw_endpoint_xfer
                0x10004d24       0x14 CMakeFiles/oled.dir/Users/amerilain/pico/pico-sdk/lib/tinyusb/src/portable/raspberrypi/rp2040/dcd_rp2040.c.obj
 .text.dcd_int_enable
                0x10004d38       0x2c CMakeFiles/oled.dir/Users/amerilain/pico/pico-sdk/lib/tinyusb/src/portable/raspberrypi/rp2040/dcd_rp2040.c.obj
                0x10004d38                dcd_int_enable
 .text.dcd_set_address
                0x10004d64       0x2c CMakeFiles/oled.dir/Users/amerilain/pico/pico-sdk/lib/tinyusb/src/portable/raspberrypi/rp2040/dcd_rp2040.c.obj
                0x10004d64                dcd_set_address
 .text.dcd_connect
                0x10004d90       0x10 CMakeFiles/oled.dir/Users/amerilain/pico/pico-sdk/lib/tinyusb/src/portable/raspberrypi/rp2040/dcd_rp2040.c.obj
                0x10004d90                dcd_connect
 .text.dcd_init
                0x10004da0       0x80 CMakeFiles/oled.dir/Users/amerilain/pico/pico-sdk/lib/tinyusb/src/portable/raspberrypi/rp2040/dcd_rp2040.c.obj
                0x10004da0                dcd_init
 .text.dcd_edpt0_status_complete
                0x10004e20       0x1c CMakeFiles/oled.dir/Users/amerilain/pico/pico-sdk/lib/tinyusb/src/portable/raspberrypi/rp2040/dcd_rp2040.c.obj
                0x10004e20                dcd_edpt0_status_complete
 .text.dcd_edpt_open
                0x10004e3c       0x40 CMakeFiles/oled.dir/Users/amerilain/pico/pico-sdk/lib/tinyusb/src/portable/raspberrypi/rp2040/dcd_rp2040.c.obj
                0x10004e3c                dcd_edpt_open
 .text.dcd_edpt_close_all
                0x10004e7c        0x8 CMakeFiles/oled.dir/Users/amerilain/pico/pico-sdk/lib/tinyusb/src/portable/raspberrypi/rp2040/dcd_rp2040.c.obj
                0x10004e7c                dcd_edpt_close_all
 .text.dcd_edpt_xfer
                0x10004e84       0x34 CMakeFiles/oled.dir/Users/amerilain/pico/pico-sdk/lib/tinyusb/src/portable/raspberrypi/rp2040/dcd_rp2040.c.obj
                0x10004e84                dcd_edpt_xfer
 .text.dcd_edpt_stall
                0x10004eb8       0x2c CMakeFiles/oled.dir/Users/amerilain/pico/pico-sdk/lib/tinyusb/src/portable/raspberrypi/rp2040/dcd_rp2040.c.obj
                0x10004eb8                dcd_edpt_stall
 .text.dcd_edpt_clear_stall
                0x10004ee4       0x20 CMakeFiles/oled.dir/Users/amerilain/pico/pico-sdk/lib/tinyusb/src/portable/raspberrypi/rp2040/dcd_rp2040.c.obj
                0x10004ee4                dcd_edpt_clear_stall
 .text.rp2040_usb_init
                0x10004f04       0x4c CMakeFiles/oled.dir/Users/amerilain/pico/pico-sdk/lib/tinyusb/src/portable/raspberrypi/rp2040/rp2040_usb.c.obj
                0x10004f04                rp2040_usb_init
 .text.hw_endpoint_xfer_start
                0x10004f50       0x50 CMakeFiles/oled.dir/Users/amerilain/pico/pico-sdk/lib/tinyusb/src/portable/raspberrypi/rp2040/rp2040_usb.c.obj
                0x10004f50                hw_endpoint_xfer_start
 .text.configuration_reset
                0x10004fa0       0x84 CMakeFiles/oled.dir/Users/amerilain/pico/pico-sdk/lib/tinyusb/src/device/usbd.c.obj
 .text.critical_section_enter_blocking
                0x10005024       0x16 CMakeFiles/oled.dir/Users/amerilain/pico/pico-sdk/lib/tinyusb/src/device/usbd.c.obj
 .text.usbd_reset
                0x1000503a        0xc CMakeFiles/oled.dir/Users/amerilain/pico/pico-sdk/lib/tinyusb/src/device/usbd.c.obj
 .text.invoke_class_control
                0x10005046       0x1a CMakeFiles/oled.dir/Users/amerilain/pico/pico-sdk/lib/tinyusb/src/device/usbd.c.obj
 .text.process_set_config
                0x10005060      0x178 CMakeFiles/oled.dir/Users/amerilain/pico/pico-sdk/lib/tinyusb/src/device/usbd.c.obj
 .text.process_get_descriptor
                0x100051d8       0xdc CMakeFiles/oled.dir/Users/amerilain/pico/pico-sdk/lib/tinyusb/src/device/usbd.c.obj
 .text.tud_mounted
                0x100052b4       0x10 CMakeFiles/oled.dir/Users/amerilain/pico/pico-sdk/lib/tinyusb/src/device/usbd.c.obj
                0x100052b4                tud_mounted
 .text.tud_suspended
                0x100052c4       0x10 CMakeFiles/oled.dir/Users/amerilain/pico/pico-sdk/lib/tinyusb/src/device/usbd.c.obj
                0x100052c4                tud_suspended
 .text.tud_inited
                0x100052d4       0x14 CMakeFiles/oled.dir/Users/amerilain/pico/pico-sdk/lib/tinyusb/src/device/usbd.c.obj
                0x100052d4                tud_inited
 .text.tud_init
                0x100052e8       0xcc CMakeFiles/oled.dir/Users/amerilain/pico/pico-sdk/lib/tinyusb/src/device/usbd.c.obj
                0x100052e8                tud_init
 .text.usbd_defer_func
                0x100053b4       0x2a CMakeFiles/oled.dir/Users/amerilain/pico/pico-sdk/lib/tinyusb/src/device/usbd.c.obj
                0x100053b4                usbd_defer_func
 *fill*         0x100053de        0x2 
 .text.usbd_edpt_open
                0x100053e0       0x34 CMakeFiles/oled.dir/Users/amerilain/pico/pico-sdk/lib/tinyusb/src/device/usbd.c.obj
                0x100053e0                usbd_edpt_open
 .text.usbd_open_edpt_pair
                0x10005414       0x62 CMakeFiles/oled.dir/Users/amerilain/pico/pico-sdk/lib/tinyusb/src/device/usbd.c.obj
                0x10005414                usbd_open_edpt_pair
 *fill*         0x10005476        0x2 
 .text.usbd_edpt_claim
                0x10005478       0x28 CMakeFiles/oled.dir/Users/amerilain/pico/pico-sdk/lib/tinyusb/src/device/usbd.c.obj
                0x10005478                usbd_edpt_claim
 .text.usbd_edpt_release
                0x100054a0       0x28 CMakeFiles/oled.dir/Users/amerilain/pico/pico-sdk/lib/tinyusb/src/device/usbd.c.obj
                0x100054a0                usbd_edpt_release
 .text.usbd_edpt_xfer
                0x100054c8       0x78 CMakeFiles/oled.dir/Users/amerilain/pico/pico-sdk/lib/tinyusb/src/device/usbd.c.obj
                0x100054c8                usbd_edpt_xfer
 .text.usbd_edpt_stall
                0x10005540       0x48 CMakeFiles/oled.dir/Users/amerilain/pico/pico-sdk/lib/tinyusb/src/device/usbd.c.obj
                0x10005540                usbd_edpt_stall
 .text.usbd_edpt_clear_stall
                0x10005588       0x48 CMakeFiles/oled.dir/Users/amerilain/pico/pico-sdk/lib/tinyusb/src/device/usbd.c.obj
                0x10005588                usbd_edpt_clear_stall
 .text.usbd_edpt_stalled
                0x100055d0       0x1c CMakeFiles/oled.dir/Users/amerilain/pico/pico-sdk/lib/tinyusb/src/device/usbd.c.obj
                0x100055d0                usbd_edpt_stalled
 .text.process_control_request
                0x100055ec      0x374 CMakeFiles/oled.dir/Users/amerilain/pico/pico-sdk/lib/tinyusb/src/device/usbd.c.obj
 .text.tud_task_ext
                0x10005960      0x1a8 CMakeFiles/oled.dir/Users/amerilain/pico/pico-sdk/lib/tinyusb/src/device/usbd.c.obj
                0x10005960                tud_task_ext
 .text._status_stage_xact
                0x10005b08       0x1a CMakeFiles/oled.dir/Users/amerilain/pico/pico-sdk/lib/tinyusb/src/device/usbd_control.c.obj
 *fill*         0x10005b22        0x2 
 .text._data_stage_xact
                0x10005b24       0x58 CMakeFiles/oled.dir/Users/amerilain/pico/pico-sdk/lib/tinyusb/src/device/usbd_control.c.obj
 .text.tud_control_status
                0x10005b7c       0x28 CMakeFiles/oled.dir/Users/amerilain/pico/pico-sdk/lib/tinyusb/src/device/usbd_control.c.obj
                0x10005b7c                tud_control_status
 .text.tud_control_xfer
                0x10005ba4       0x68 CMakeFiles/oled.dir/Users/amerilain/pico/pico-sdk/lib/tinyusb/src/device/usbd_control.c.obj
                0x10005ba4                tud_control_xfer
 .text.usbd_control_reset
                0x10005c0c       0x14 CMakeFiles/oled.dir/Users/amerilain/pico/pico-sdk/lib/tinyusb/src/device/usbd_control.c.obj
                0x10005c0c                usbd_control_reset
 .text.usbd_control_set_complete_callback
                0x10005c20        0xc CMakeFiles/oled.dir/Users/amerilain/pico/pico-sdk/lib/tinyusb/src/device/usbd_control.c.obj
                0x10005c20                usbd_control_set_complete_callback
 .text.usbd_control_set_request
                0x10005c2c       0x1c CMakeFiles/oled.dir/Users/amerilain/pico/pico-sdk/lib/tinyusb/src/device/usbd_control.c.obj
                0x10005c2c                usbd_control_set_request
 .text.usbd_control_xfer_cb
                0x10005c48       0xbc CMakeFiles/oled.dir/Users/amerilain/pico/pico-sdk/lib/tinyusb/src/device/usbd_control.c.obj
                0x10005c48                usbd_control_xfer_cb
 .text._prep_out_transaction
                0x10005d04       0x4a CMakeFiles/oled.dir/Users/amerilain/pico/pico-sdk/lib/tinyusb/src/class/cdc/cdc_device.c.obj
 *fill*         0x10005d4e        0x2 
 .text.tud_cdc_n_connected
                0x10005d50       0x38 CMakeFiles/oled.dir/Users/amerilain/pico/pico-sdk/lib/tinyusb/src/class/cdc/cdc_device.c.obj
                0x10005d50                tud_cdc_n_connected
 .text.tud_cdc_n_available
                0x10005d88       0x18 CMakeFiles/oled.dir/Users/amerilain/pico/pico-sdk/lib/tinyusb/src/class/cdc/cdc_device.c.obj
                0x10005d88                tud_cdc_n_available
 .text.tud_cdc_n_read
                0x10005da0       0x28 CMakeFiles/oled.dir/Users/amerilain/pico/pico-sdk/lib/tinyusb/src/class/cdc/cdc_device.c.obj
                0x10005da0                tud_cdc_n_read
 .text.tud_cdc_n_write_flush
                0x10005dc8       0xb8 CMakeFiles/oled.dir/Users/amerilain/pico/pico-sdk/lib/tinyusb/src/class/cdc/cdc_device.c.obj
                0x10005dc8                tud_cdc_n_write_flush
 .text.tud_cdc_n_write
                0x10005e80       0x38 CMakeFiles/oled.dir/Users/amerilain/pico/pico-sdk/lib/tinyusb/src/class/cdc/cdc_device.c.obj
                0x10005e80                tud_cdc_n_write
 .text.tud_cdc_n_write_available
                0x10005eb8       0x1c CMakeFiles/oled.dir/Users/amerilain/pico/pico-sdk/lib/tinyusb/src/class/cdc/cdc_device.c.obj
                0x10005eb8                tud_cdc_n_write_available
 .text.cdcd_init
                0x10005ed4       0xbc CMakeFiles/oled.dir/Users/amerilain/pico/pico-sdk/lib/tinyusb/src/class/cdc/cdc_device.c.obj
                0x10005ed4                cdcd_init
 .text.cdcd_reset
                0x10005f90       0x44 CMakeFiles/oled.dir/Users/amerilain/pico/pico-sdk/lib/tinyusb/src/class/cdc/cdc_device.c.obj
                0x10005f90                cdcd_reset
 .text.cdcd_open
                0x10005fd4       0xc4 CMakeFiles/oled.dir/Users/amerilain/pico/pico-sdk/lib/tinyusb/src/class/cdc/cdc_device.c.obj
                0x10005fd4                cdcd_open
 .text.cdcd_control_xfer_cb
                0x10006098      0x134 CMakeFiles/oled.dir/Users/amerilain/pico/pico-sdk/lib/tinyusb/src/class/cdc/cdc_device.c.obj
                0x10006098                cdcd_control_xfer_cb
 .text.cdcd_xfer_cb
                0x100061cc      0x130 CMakeFiles/oled.dir/Users/amerilain/pico/pico-sdk/lib/tinyusb/src/class/cdc/cdc_device.c.obj
                0x100061cc                cdcd_xfer_cb
 .text.tusb_init
                0x100062fc        0xa CMakeFiles/oled.dir/Users/amerilain/pico/pico-sdk/lib/tinyusb/src/tusb.c.obj
                0x100062fc                tusb_init
 .text.tusb_inited
                0x10006306        0xe CMakeFiles/oled.dir/Users/amerilain/pico/pico-sdk/lib/tinyusb/src/tusb.c.obj
                0x10006306                tusb_inited
 .text.tu_edpt_claim
                0x10006314       0x50 CMakeFiles/oled.dir/Users/amerilain/pico/pico-sdk/lib/tinyusb/src/tusb.c.obj
                0x10006314                tu_edpt_claim
 .text.tu_edpt_release
                0x10006364       0x38 CMakeFiles/oled.dir/Users/amerilain/pico/pico-sdk/lib/tinyusb/src/tusb.c.obj
                0x10006364                tu_edpt_release
 .text.tu_edpt_validate
                0x1000639c       0x78 CMakeFiles/oled.dir/Users/amerilain/pico/pico-sdk/lib/tinyusb/src/tusb.c.obj
                0x1000639c                tu_edpt_validate
 .text.tu_edpt_bind_driver
                0x10006414       0x26 CMakeFiles/oled.dir/Users/amerilain/pico/pico-sdk/lib/tinyusb/src/tusb.c.obj
                0x10006414                tu_edpt_bind_driver
 .text.advance_index
                0x1000643a       0x1a CMakeFiles/oled.dir/Users/amerilain/pico/pico-sdk/lib/tinyusb/src/common/tusb_fifo.c.obj
 .text._tu_fifo_peek
                0x10006454       0x56 CMakeFiles/oled.dir/Users/amerilain/pico/pico-sdk/lib/tinyusb/src/common/tusb_fifo.c.obj
 .text._ff_pull_const_addr
                0x100064aa       0x4c CMakeFiles/oled.dir/Users/amerilain/pico/pico-sdk/lib/tinyusb/src/common/tusb_fifo.c.obj
 .text._ff_pull_n
                0x100064f6      0x110 CMakeFiles/oled.dir/Users/amerilain/pico/pico-sdk/lib/tinyusb/src/common/tusb_fifo.c.obj
 .text._tu_fifo_peek_n
                0x10006606       0x6a CMakeFiles/oled.dir/Users/amerilain/pico/pico-sdk/lib/tinyusb/src/common/tusb_fifo.c.obj
 .text._tu_fifo_read_n
                0x10006670       0x4e CMakeFiles/oled.dir/Users/amerilain/pico/pico-sdk/lib/tinyusb/src/common/tusb_fifo.c.obj
 .text._ff_push_const_addr
                0x100066be       0x40 CMakeFiles/oled.dir/Users/amerilain/pico/pico-sdk/lib/tinyusb/src/common/tusb_fifo.c.obj
 .text._ff_push_n
                0x100066fe      0x10c CMakeFiles/oled.dir/Users/amerilain/pico/pico-sdk/lib/tinyusb/src/common/tusb_fifo.c.obj
 .text._tu_fifo_write_n
                0x1000680a       0xf0 CMakeFiles/oled.dir/Users/amerilain/pico/pico-sdk/lib/tinyusb/src/common/tusb_fifo.c.obj
 .text.tu_fifo_config
                0x100068fa       0x7c CMakeFiles/oled.dir/Users/amerilain/pico/pico-sdk/lib/tinyusb/src/common/tusb_fifo.c.obj
                0x100068fa                tu_fifo_config
 .text.tu_fifo_count
                0x10006976       0x2a CMakeFiles/oled.dir/Users/amerilain/pico/pico-sdk/lib/tinyusb/src/common/tusb_fifo.c.obj
                0x10006976                tu_fifo_count
 .text.tu_fifo_empty
                0x100069a0        0xe CMakeFiles/oled.dir/Users/amerilain/pico/pico-sdk/lib/tinyusb/src/common/tusb_fifo.c.obj
                0x100069a0                tu_fifo_empty
 .text.tu_fifo_full
                0x100069ae       0x28 CMakeFiles/oled.dir/Users/amerilain/pico/pico-sdk/lib/tinyusb/src/common/tusb_fifo.c.obj
                0x100069ae                tu_fifo_full
 .text.tu_fifo_remaining
                0x100069d6       0x2c CMakeFiles/oled.dir/Users/amerilain/pico/pico-sdk/lib/tinyusb/src/common/tusb_fifo.c.obj
                0x100069d6                tu_fifo_remaining
 .text.tu_fifo_read
                0x10006a02       0x42 CMakeFiles/oled.dir/Users/amerilain/pico/pico-sdk/lib/tinyusb/src/common/tusb_fifo.c.obj
                0x10006a02                tu_fifo_read
 .text.tu_fifo_read_n
                0x10006a44        0xa CMakeFiles/oled.dir/Users/amerilain/pico/pico-sdk/lib/tinyusb/src/common/tusb_fifo.c.obj
                0x10006a44                tu_fifo_read_n
 .text.tu_fifo_write
                0x10006a4e       0x64 CMakeFiles/oled.dir/Users/amerilain/pico/pico-sdk/lib/tinyusb/src/common/tusb_fifo.c.obj
                0x10006a4e                tu_fifo_write
 .text.tu_fifo_write_n
                0x10006ab2        0xa CMakeFiles/oled.dir/Users/amerilain/pico/pico-sdk/lib/tinyusb/src/common/tusb_fifo.c.obj
                0x10006ab2                tu_fifo_write_n
 .text.tu_fifo_clear
                0x10006abc       0x3e CMakeFiles/oled.dir/Users/amerilain/pico/pico-sdk/lib/tinyusb/src/common/tusb_fifo.c.obj
                0x10006abc                tu_fifo_clear
 .text.tu_fifo_set_overwritable
                0x10006afa       0x46 CMakeFiles/oled.dir/Users/amerilain/pico/pico-sdk/lib/tinyusb/src/common/tusb_fifo.c.obj
                0x10006afa                tu_fifo_set_overwritable
 .text.i2c_write_blocking_internal
                0x10006b40      0x146 CMakeFiles/oled.dir/Users/amerilain/pico/pico-sdk/src/rp2_common/hardware_i2c/i2c.c.obj
 *fill*         0x10006c86        0x2 
 .text.i2c_set_baudrate
                0x10006c88       0xf0 CMakeFiles/oled.dir/Users/amerilain/pico/pico-sdk/src/rp2_common/hardware_i2c/i2c.c.obj
                0x10006c88                i2c_set_baudrate
 .text.i2c_init
                0x10006d78       0x58 CMakeFiles/oled.dir/Users/amerilain/pico/pico-sdk/src/rp2_common/hardware_i2c/i2c.c.obj
                0x10006d78                i2c_init
 .text.i2c_write_blocking
                0x10006dd0       0x18 CMakeFiles/oled.dir/Users/amerilain/pico/pico-sdk/src/rp2_common/hardware_i2c/i2c.c.obj
                0x10006dd0                i2c_write_blocking
 .text.malloc   0x10006de8       0x14 /Applications/ArmGNUToolchain/13.2.Rel1/arm-none-eabi/bin/../lib/gcc/arm-none-eabi/13.2.1/../../../../arm-none-eabi/lib/thumb/v6-m/nofp/libg.a(libc_a-malloc.o)
                0x10006de8                malloc
 .text.free     0x10006dfc       0x14 /Applications/ArmGNUToolchain/13.2.Rel1/arm-none-eabi/bin/../lib/gcc/arm-none-eabi/13.2.1/../../../../arm-none-eabi/lib/thumb/v6-m/nofp/libg.a(libc_a-malloc.o)
                0x10006dfc                free
 .text._malloc_r
                0x10006e10      0x5c4 /Applications/ArmGNUToolchain/13.2.Rel1/arm-none-eabi/bin/../lib/gcc/arm-none-eabi/13.2.1/../../../../arm-none-eabi/lib/thumb/v6-m/nofp/libg.a(libc_a-mallocr.o)
                0x10006e10                _malloc_r
 .text.__malloc_lock
                0x100073d4       0x10 /Applications/ArmGNUToolchain/13.2.Rel1/arm-none-eabi/bin/../lib/gcc/arm-none-eabi/13.2.1/../../../../arm-none-eabi/lib/thumb/v6-m/nofp/libg.a(libc_a-mlock.o)
                0x100073d4                __malloc_lock
 .text.__malloc_unlock
                0x100073e4       0x10 /Applications/ArmGNUToolchain/13.2.Rel1/arm-none-eabi/bin/../lib/gcc/arm-none-eabi/13.2.1/../../../../arm-none-eabi/lib/thumb/v6-m/nofp/libg.a(libc_a-mlock.o)
                0x100073e4                __malloc_unlock
 .text._sbrk_r  0x100073f4       0x24 /Applications/ArmGNUToolchain/13.2.Rel1/arm-none-eabi/bin/../lib/gcc/arm-none-eabi/13.2.1/../../../../arm-none-eabi/lib/thumb/v6-m/nofp/libg.a(libc_a-sbrkr.o)
                0x100073f4                _sbrk_r
 .text.__errno  0x10007418        0xc /Applications/ArmGNUToolchain/13.2.Rel1/arm-none-eabi/bin/../lib/gcc/arm-none-eabi/13.2.1/../../../../arm-none-eabi/lib/thumb/v6-m/nofp/libg.a(libc_a-errno.o)
                0x10007418                __errno
 .text.sysconf  0x10007424       0x1c /Applications/ArmGNUToolchain/13.2.Rel1/arm-none-eabi/bin/../lib/gcc/arm-none-eabi/13.2.1/../../../../arm-none-eabi/lib/thumb/v6-m/nofp/libg.a(libc_a-sysconf.o)
                0x10007424                sysconf
 .text.__retarget_lock_acquire_recursive
                0x10007440        0x4 /Applications/ArmGNUToolchain/13.2.Rel1/arm-none-eabi/bin/../lib/gcc/arm-none-eabi/13.2.1/../../../../arm-none-eabi/lib/thumb/v6-m/nofp/libg.a(libc_a-lock.o)
                0x10007440                __retarget_lock_acquire_recursive
 .text.__retarget_lock_release_recursive
                0x10007444        0x4 /Applications/ArmGNUToolchain/13.2.Rel1/arm-none-eabi/bin/../lib/gcc/arm-none-eabi/13.2.1/../../../../arm-none-eabi/lib/thumb/v6-m/nofp/libg.a(libc_a-lock.o)
                0x10007444                __retarget_lock_release_recursive
 .text.strlen   0x10007448       0x5c /Applications/ArmGNUToolchain/13.2.Rel1/arm-none-eabi/bin/../lib/gcc/arm-none-eabi/13.2.1/../../../../arm-none-eabi/lib/thumb/v6-m/nofp/libg.a(libc_a-strlen-stub.o)
                0x10007448                strlen
 .text._malloc_trim_r
                0x100074a4       0xb4 /Applications/ArmGNUToolchain/13.2.Rel1/arm-none-eabi/bin/../lib/gcc/arm-none-eabi/13.2.1/../../../../arm-none-eabi/lib/thumb/v6-m/nofp/libg.a(libc_a-freer.o)
                0x100074a4                _malloc_trim_r
 .text._free_r  0x10007558      0x1d4 /Applications/ArmGNUToolchain/13.2.Rel1/arm-none-eabi/bin/../lib/gcc/arm-none-eabi/13.2.1/../../../../arm-none-eabi/lib/thumb/v6-m/nofp/libg.a(libc_a-freer.o)
                0x10007558                _free_r
 *(.fini)
 .fini          0x1000772c        0x4 /Applications/ArmGNUToolchain/13.2.Rel1/arm-none-eabi/bin/../lib/gcc/arm-none-eabi/13.2.1/thumb/v6-m/nofp/crti.o
                0x1000772c                _fini
 .fini.__stub   0x10007730       0xe0 linker stubs
 *crtbegin.o(.ctors)
 *crtbegin?.o(.ctors)
 *(EXCLUDE_FILE(*crtend.o *crtend?.o) .ctors)
 *(SORT_BY_NAME(.ctors.*))
 *(.ctors)
 *crtbegin.o(.dtors)
 *crtbegin?.o(.dtors)
 *(EXCLUDE_FILE(*crtend.o *crtend?.o) .dtors)
 *(SORT_BY_NAME(.dtors.*))
 *(.dtors)
 *(.eh_frame*)
 .eh_frame      0x10007810        0x0 /Applications/ArmGNUToolchain/13.2.Rel1/arm-none-eabi/bin/../lib/gcc/arm-none-eabi/13.2.1/thumb/v6-m/nofp/crtbegin.o
                0x10007810                        . = ALIGN (0x4)

.glue_7         0x10007810        0x0
 .glue_7        0x10007810        0x0 linker stubs

.glue_7t        0x10007810        0x0
 .glue_7t       0x10007810        0x0 linker stubs

.vfp11_veneer   0x10007810        0x0
 .vfp11_veneer  0x10007810        0x0 linker stubs

.v4_bx          0x10007810        0x0
 .v4_bx         0x10007810        0x0 linker stubs

.iplt           0x10007810        0x0
 .iplt          0x10007810        0x0 /Applications/ArmGNUToolchain/13.2.Rel1/arm-none-eabi/bin/../lib/gcc/arm-none-eabi/13.2.1/thumb/v6-m/nofp/crtbegin.o

.rodata         0x10007810     0x16bc
 *(EXCLUDE_FILE(*libm.a: *libc.a:*lib_a-mem*.o *libgcc.a:) .rodata*)
 .rodata._ZL20update_us_since_bootP15absolute_time_ty.str1.4
                0x10007810      0xf71 CMakeFiles/oled.dir/main.cpp.obj
                                 0x9d (size before relaxing)
 .rodata.main.str1.4
                0x10008781       0x17 CMakeFiles/oled.dir/main.cpp.obj
 *fill*         0x10008781        0x3 
 .rodata._ZTV8framebuf
                0x10008784       0x1c CMakeFiles/oled.dir/display/framebuf.cpp.obj
                0x10008784                vtable for framebuf
 .rodata._ZTVSt16_Sp_counted_baseILN9__gnu_cxx12_Lock_policyE0EE
                0x100087a0       0x1c CMakeFiles/oled.dir/display/mono_vlsb.cpp.obj
                0x100087a0                vtable for std::_Sp_counted_base<(__gnu_cxx::_Lock_policy)0>
 .rodata._ZTV9mono_vlsb
                0x100087bc       0x1c CMakeFiles/oled.dir/display/mono_vlsb.cpp.obj
                0x100087bc                vtable for mono_vlsb
 .rodata._ZTVSt15_Sp_counted_ptrIPhLN9__gnu_cxx12_Lock_policyE0EE
                0x100087d8       0x1c CMakeFiles/oled.dir/display/mono_vlsb.cpp.obj
                0x100087d8                vtable for std::_Sp_counted_ptr<unsigned char*, (__gnu_cxx::_Lock_policy)0>
 .rodata._ZTV7ssd1306
                0x100087f4       0x1c CMakeFiles/oled.dir/display/ssd1306.cpp.obj
                0x100087f4                vtable for ssd1306
 .rodata.spin_lock_claim_unused.str1.4
                0x10008810       0x1b CMakeFiles/oled.dir/Users/amerilain/pico/pico-sdk/src/rp2_common/hardware_sync/sync.c.obj
 .rodata.resolve_branch.str1.4
                0x10008810       0x59 CMakeFiles/oled.dir/Users/amerilain/pico/pico-sdk/src/rp2_common/hardware_irq/irq.c.obj
 .rodata.make_branch.str1.4
                0x10008810       0x30 CMakeFiles/oled.dir/Users/amerilain/pico/pico-sdk/src/rp2_common/hardware_irq/irq.c.obj
 .rodata.insert_branch_and_link.str1.4
                0x10008810       0x10 CMakeFiles/oled.dir/Users/amerilain/pico/pico-sdk/src/rp2_common/hardware_irq/irq.c.obj
 .rodata.irq_set_exclusive_handler.str1.4
                0x10008810       0x36 CMakeFiles/oled.dir/Users/amerilain/pico/pico-sdk/src/rp2_common/hardware_irq/irq.c.obj
 .rodata.irq_add_shared_handler.str1.4
                0x10008810       0xc2 CMakeFiles/oled.dir/Users/amerilain/pico/pico-sdk/src/rp2_common/hardware_irq/irq.c.obj
 .rodata.irq_remove_handler.str1.4
                0x10008810       0x3a CMakeFiles/oled.dir/Users/amerilain/pico/pico-sdk/src/rp2_common/hardware_irq/irq.c.obj
 .rodata.irq_add_tail_to_free_list.str1.4
                0x10008810       0x3a CMakeFiles/oled.dir/Users/amerilain/pico/pico-sdk/src/rp2_common/hardware_irq/irq.c.obj
 .rodata.user_irq_claim_unused.str1.4
                0x10008810       0x1b CMakeFiles/oled.dir/Users/amerilain/pico/pico-sdk/src/rp2_common/hardware_irq/irq.c.obj
 .rodata.__func__.0
                0x10008810       0x1a CMakeFiles/oled.dir/Users/amerilain/pico/pico-sdk/src/rp2_common/hardware_irq/irq.c.obj
 *fill*         0x1000882a        0x2 
 .rodata.__func__.1
                0x1000882c       0x17 CMakeFiles/oled.dir/Users/amerilain/pico/pico-sdk/src/rp2_common/hardware_irq/irq.c.obj
 *fill*         0x10008843        0x1 
 .rodata.__func__.2
                0x10008844       0x13 CMakeFiles/oled.dir/Users/amerilain/pico/pico-sdk/src/rp2_common/hardware_irq/irq.c.obj
 *fill*         0x10008857        0x1 
 .rodata.__func__.3
                0x10008858        0xc CMakeFiles/oled.dir/Users/amerilain/pico/pico-sdk/src/rp2_common/hardware_irq/irq.c.obj
 .rodata.__func__.4
                0x10008864        0xf CMakeFiles/oled.dir/Users/amerilain/pico/pico-sdk/src/rp2_common/hardware_irq/irq.c.obj
 *fill*         0x10008873        0x1 
 .rodata.__func__.5
                0x10008874       0x17 CMakeFiles/oled.dir/Users/amerilain/pico/pico-sdk/src/rp2_common/hardware_irq/irq.c.obj
 *fill*         0x1000888b        0x1 
 .rodata.__func__.6
                0x1000888c       0x1a CMakeFiles/oled.dir/Users/amerilain/pico/pico-sdk/src/rp2_common/hardware_irq/irq.c.obj
 .rodata.update_us_since_boot.str1.4
                0x100088a6       0x65 CMakeFiles/oled.dir/Users/amerilain/pico/pico-sdk/src/common/pico_sync/mutex.c.obj
 .rodata.str1.4
                0x100088a6       0x8d CMakeFiles/oled.dir/Users/amerilain/pico/pico-sdk/src/common/pico_sync/mutex.c.obj
 *fill*         0x100088a6        0x2 
 .rodata.__func__.1
                0x100088a8        0xb CMakeFiles/oled.dir/Users/amerilain/pico/pico-sdk/src/common/pico_sync/mutex.c.obj
 *fill*         0x100088b3        0x1 
 .rodata.__func__.3
                0x100088b4       0x18 CMakeFiles/oled.dir/Users/amerilain/pico/pico-sdk/src/common/pico_sync/mutex.c.obj
 .rodata.__func__.4
                0x100088cc       0x15 CMakeFiles/oled.dir/Users/amerilain/pico/pico-sdk/src/common/pico_sync/mutex.c.obj
 .rodata.get_entry.str1.4
                0x100088e1       0x5f CMakeFiles/oled.dir/Users/amerilain/pico/pico-sdk/src/common/pico_time/time.c.obj
 .rodata.update_us_since_boot.str1.4
                0x100088e1       0x65 CMakeFiles/oled.dir/Users/amerilain/pico/pico-sdk/src/common/pico_time/time.c.obj
 .rodata.ph_get_node.str1.4
                0x100088e1       0x6a CMakeFiles/oled.dir/Users/amerilain/pico/pico-sdk/src/common/pico_time/time.c.obj
 .rodata.ph_add_child_node.str1.4
                0x100088e1       0x2e CMakeFiles/oled.dir/Users/amerilain/pico/pico-sdk/src/common/pico_time/time.c.obj
 .rodata.ph_insert_node.str1.4
                0x100088e1        0x3 CMakeFiles/oled.dir/Users/amerilain/pico/pico-sdk/src/common/pico_time/time.c.obj
 .rodata.ph_free_node.str1.4
                0x100088e1       0x38 CMakeFiles/oled.dir/Users/amerilain/pico/pico-sdk/src/common/pico_time/time.c.obj
 .rodata.add_alarm_under_lock.str1.4
                0x100088e1       0x28 CMakeFiles/oled.dir/Users/amerilain/pico/pico-sdk/src/common/pico_time/time.c.obj
 .rodata.alarm_pool_alarm_callback.str1.4
                0x100088e1       0x60 CMakeFiles/oled.dir/Users/amerilain/pico/pico-sdk/src/common/pico_time/time.c.obj
 .rodata.alarm_pool_get_default.str1.4
                0x100088e1       0x21 CMakeFiles/oled.dir/Users/amerilain/pico/pico-sdk/src/common/pico_time/time.c.obj
 .rodata.alarm_pool_cancel_alarm.str1.4
                0x100088e1       0x27 CMakeFiles/oled.dir/Users/amerilain/pico/pico-sdk/src/common/pico_time/time.c.obj
 .rodata.sleep_until.str1.4
                0x100088e1       0x4d CMakeFiles/oled.dir/Users/amerilain/pico/pico-sdk/src/common/pico_time/time.c.obj
 *fill*         0x100088e1        0x3 
 .rodata.__func__.1
                0x100088e4       0x18 CMakeFiles/oled.dir/Users/amerilain/pico/pico-sdk/src/common/pico_time/time.c.obj
 .rodata.__func__.3
                0x100088fc       0x17 CMakeFiles/oled.dir/Users/amerilain/pico/pico-sdk/src/common/pico_time/time.c.obj
 *fill*         0x10008913        0x1 
 .rodata.__func__.4
                0x10008914       0x12 CMakeFiles/oled.dir/Users/amerilain/pico/pico-sdk/src/common/pico_time/time.c.obj
 *fill*         0x10008926        0x2 
 .rodata.__func__.5
                0x10008928        0xd CMakeFiles/oled.dir/Users/amerilain/pico/pico-sdk/src/common/pico_time/time.c.obj
 *fill*         0x10008935        0x3 
 .rodata.__func__.6
                0x10008938       0x12 CMakeFiles/oled.dir/Users/amerilain/pico/pico-sdk/src/common/pico_time/time.c.obj
 *fill*         0x1000894a        0x2 
 .rodata.__func__.7
                0x1000894c        0xf CMakeFiles/oled.dir/Users/amerilain/pico/pico-sdk/src/common/pico_time/time.c.obj
 *fill*         0x1000895b        0x1 
 .rodata.__func__.8
                0x1000895c        0xc CMakeFiles/oled.dir/Users/amerilain/pico/pico-sdk/src/common/pico_time/time.c.obj
 .rodata.__func__.9
                0x10008968       0x15 CMakeFiles/oled.dir/Users/amerilain/pico/pico-sdk/src/common/pico_time/time.c.obj
 *fill*         0x1000897d        0x3 
 .rodata.__func__.10
                0x10008980       0x15 CMakeFiles/oled.dir/Users/amerilain/pico/pico-sdk/src/common/pico_time/time.c.obj
 *fill*         0x10008995        0x3 
 .rodata.__func__.11
                0x10008998       0x1a CMakeFiles/oled.dir/Users/amerilain/pico/pico-sdk/src/common/pico_time/time.c.obj
 *fill*         0x100089b2        0x2 
 .rodata.__func__.12
                0x100089b4        0xa CMakeFiles/oled.dir/Users/amerilain/pico/pico-sdk/src/common/pico_time/time.c.obj
 .rodata.hardware_alarm_claim.str1.4
                0x100089be       0x22 CMakeFiles/oled.dir/Users/amerilain/pico/pico-sdk/src/rp2_common/hardware_timer/timer.c.obj
 .rodata.hardware_alarm_set_target.str1.4
                0x100089be       0x69 CMakeFiles/oled.dir/Users/amerilain/pico/pico-sdk/src/rp2_common/hardware_timer/timer.c.obj
 *fill*         0x100089be        0x2 
 .rodata.__func__.0
                0x100089c0       0x1a CMakeFiles/oled.dir/Users/amerilain/pico/pico-sdk/src/rp2_common/hardware_timer/timer.c.obj
 .rodata.ph_get_node.str1.4
                0x100089da       0x6a CMakeFiles/oled.dir/Users/amerilain/pico/pico-sdk/src/common/pico_util/pheap.c.obj
 .rodata.ph_add_child_node.str1.4
                0x100089da       0x2e CMakeFiles/oled.dir/Users/amerilain/pico/pico-sdk/src/common/pico_util/pheap.c.obj
 .rodata.ph_remove_any_head.str1.4
                0x100089da       0xa4 CMakeFiles/oled.dir/Users/amerilain/pico/pico-sdk/src/common/pico_util/pheap.c.obj
 .rodata.ph_remove_and_free_node.str1.4
                0x100089da       0x26 CMakeFiles/oled.dir/Users/amerilain/pico/pico-sdk/src/common/pico_util/pheap.c.obj
 *fill*         0x100089da        0x2 
 .rodata.__func__.0
                0x100089dc       0x18 CMakeFiles/oled.dir/Users/amerilain/pico/pico-sdk/src/common/pico_util/pheap.c.obj
 .rodata.__func__.1
                0x100089f4       0x13 CMakeFiles/oled.dir/Users/amerilain/pico/pico-sdk/src/common/pico_util/pheap.c.obj
 *fill*         0x10008a07        0x1 
 .rodata.__func__.2
                0x10008a08       0x12 CMakeFiles/oled.dir/Users/amerilain/pico/pico-sdk/src/common/pico_util/pheap.c.obj
 *fill*         0x10008a1a        0x2 
 .rodata.__func__.3
                0x10008a1c        0xc CMakeFiles/oled.dir/Users/amerilain/pico/pico-sdk/src/common/pico_util/pheap.c.obj
 .rodata.clock_configure.str1.4
                0x10008a28       0x5b CMakeFiles/oled.dir/Users/amerilain/pico/pico-sdk/src/rp2_common/hardware_clocks/clocks.c.obj
 .rodata.__func__.1
                0x10008a28       0x10 CMakeFiles/oled.dir/Users/amerilain/pico/pico-sdk/src/rp2_common/hardware_clocks/clocks.c.obj
 .rodata.pll_init.str1.4
                0x10008a38      0x128 CMakeFiles/oled.dir/Users/amerilain/pico/pico-sdk/src/rp2_common/hardware_pll/pll.c.obj
 .rodata.__func__.0
                0x10008a38        0x9 CMakeFiles/oled.dir/Users/amerilain/pico/pico-sdk/src/rp2_common/hardware_pll/pll.c.obj
 .rodata.__assert_func.str1.4
                0x10008a41       0x43 CMakeFiles/oled.dir/Users/amerilain/pico/pico-sdk/src/rp2_common/pico_runtime/runtime.c.obj
 .rodata.runtime_init.str1.4
                0x10008a41       0x65 CMakeFiles/oled.dir/Users/amerilain/pico/pico-sdk/src/rp2_common/pico_runtime/runtime.c.obj
 .rodata.panic.str1.4
                0x10008a41       0x12 CMakeFiles/oled.dir/Users/amerilain/pico/pico-sdk/src/rp2_common/pico_runtime/runtime.c.obj
 *fill*         0x10008a41        0x3 
 .rodata.__func__.2
                0x10008a44        0xd CMakeFiles/oled.dir/Users/amerilain/pico/pico-sdk/src/rp2_common/pico_runtime/runtime.c.obj
 .rodata._ftoa.str1.4
                0x10008a51       0x15 CMakeFiles/oled.dir/Users/amerilain/pico/pico-sdk/src/rp2_common/pico_printf/printf.c.obj
 *fill*         0x10008a51        0x3 
 .rodata._vsnprintf
                0x10008a54      0x19c CMakeFiles/oled.dir/Users/amerilain/pico/pico-sdk/src/rp2_common/pico_printf/printf.c.obj
 .rodata.pow10.0
                0x10008bf0       0x50 CMakeFiles/oled.dir/Users/amerilain/pico/pico-sdk/src/rp2_common/pico_printf/printf.c.obj
 .rodata.missing_double_func_shim.str1.4
                0x10008c40       0x18 CMakeFiles/oled.dir/Users/amerilain/pico/pico-sdk/src/rp2_common/pico_double/double_init_rom.c.obj
 .rodata.__aeabi_double_init.str1.4
                0x10008c40       0xa0 CMakeFiles/oled.dir/Users/amerilain/pico/pico-sdk/src/rp2_common/pico_double/double_init_rom.c.obj
 .rodata.__func__.0
                0x10008c40       0x14 CMakeFiles/oled.dir/Users/amerilain/pico/pico-sdk/src/rp2_common/pico_double/double_init_rom.c.obj
 .rodata.missing_float_func_shim.str1.4
                0x10008c54        0x1 CMakeFiles/oled.dir/Users/amerilain/pico/pico-sdk/src/rp2_common/pico_float/float_init_rom.c.obj
 .rodata.__aeabi_float_init.str1.4
                0x10008c54       0x7e CMakeFiles/oled.dir/Users/amerilain/pico/pico-sdk/src/rp2_common/pico_float/float_init_rom.c.obj
 .rodata.__func__.0
                0x10008c54       0x13 CMakeFiles/oled.dir/Users/amerilain/pico/pico-sdk/src/rp2_common/pico_float/float_init_rom.c.obj
 .rodata.check_alloc.str1.4
                0x10008c67        0xe CMakeFiles/oled.dir/Users/amerilain/pico/pico-sdk/src/rp2_common/pico_malloc/pico_malloc.c.obj
 .rodata.str1.4
                0x10008c67       0x3c CMakeFiles/oled.dir/Users/amerilain/pico/pico-sdk/src/rp2_common/pico_standard_link/binary_info.c.obj
 *fill*         0x10008c67        0x1 
 .rodata.__bi_81
                0x10008c68        0xc CMakeFiles/oled.dir/Users/amerilain/pico/pico-sdk/src/rp2_common/pico_standard_link/binary_info.c.obj
 .rodata.__bi_75
                0x10008c74        0xc CMakeFiles/oled.dir/Users/amerilain/pico/pico-sdk/src/rp2_common/pico_standard_link/binary_info.c.obj
 .rodata.__bi_44
                0x10008c80        0xc CMakeFiles/oled.dir/Users/amerilain/pico/pico-sdk/src/rp2_common/pico_standard_link/binary_info.c.obj
 .rodata.update_us_since_boot.str1.4
                0x10008c8c       0x65 CMakeFiles/oled.dir/Users/amerilain/pico/pico-sdk/src/rp2_common/pico_stdio/stdio.c.obj
 .rodata.crlf_str.2
                0x10008c8c        0x2 CMakeFiles/oled.dir/Users/amerilain/pico/pico-sdk/src/rp2_common/pico_stdio/stdio.c.obj
 *fill*         0x10008c8e        0x2 
 .rodata.__func__.3
                0x10008c90       0x15 CMakeFiles/oled.dir/Users/amerilain/pico/pico-sdk/src/rp2_common/pico_stdio/stdio.c.obj
 *fill*         0x10008ca5        0x3 
 .rodata._resetd_driver
                0x10008ca8       0x18 CMakeFiles/oled.dir/Users/amerilain/pico/pico-sdk/src/rp2_common/pico_stdio_usb/reset_interface.c.obj
 .rodata.update_us_since_boot.str1.4
                0x10008cc0       0x65 CMakeFiles/oled.dir/Users/amerilain/pico/pico-sdk/src/rp2_common/pico_stdio_usb/stdio_usb.c.obj
 .rodata.stdio_usb_init.str1.4
                0x10008cc0       0x51 CMakeFiles/oled.dir/Users/amerilain/pico/pico-sdk/src/rp2_common/pico_stdio_usb/stdio_usb.c.obj
 .rodata.str1.4
                0x10008cc0       0x13 CMakeFiles/oled.dir/Users/amerilain/pico/pico-sdk/src/rp2_common/pico_stdio_usb/stdio_usb.c.obj
 .rodata.__bi_182.0
                0x10008cc0        0xc CMakeFiles/oled.dir/Users/amerilain/pico/pico-sdk/src/rp2_common/pico_stdio_usb/stdio_usb.c.obj
 .rodata.__func__.1
                0x10008ccc        0xf CMakeFiles/oled.dir/Users/amerilain/pico/pico-sdk/src/rp2_common/pico_stdio_usb/stdio_usb.c.obj
 *fill*         0x10008cdb        0x1 
 .rodata.__func__.3
                0x10008cdc       0x15 CMakeFiles/oled.dir/Users/amerilain/pico/pico-sdk/src/rp2_common/pico_stdio_usb/stdio_usb.c.obj
 .rodata.str1.4
                0x10008cf1       0x2a CMakeFiles/oled.dir/Users/amerilain/pico/pico-sdk/src/rp2_common/pico_stdio_usb/stdio_usb_descriptors.c.obj
 *fill*         0x10008cf1        0x3 
 .rodata.usbd_desc_str
                0x10008cf4       0x18 CMakeFiles/oled.dir/Users/amerilain/pico/pico-sdk/src/rp2_common/pico_stdio_usb/stdio_usb_descriptors.c.obj
 .rodata.usbd_desc_cfg
                0x10008d0c       0x54 CMakeFiles/oled.dir/Users/amerilain/pico/pico-sdk/src/rp2_common/pico_stdio_usb/stdio_usb_descriptors.c.obj
 .rodata.usbd_desc_device
                0x10008d60       0x12 CMakeFiles/oled.dir/Users/amerilain/pico/pico-sdk/src/rp2_common/pico_stdio_usb/stdio_usb_descriptors.c.obj
 .rodata.pico_get_unique_board_id_string.str1.4
                0x10008d72       0x51 CMakeFiles/oled.dir/Users/amerilain/pico/pico-sdk/src/rp2_common/pico_unique_id/unique_id.c.obj
 *fill*         0x10008d72        0x2 
 .rodata.__func__.0
                0x10008d74       0x20 CMakeFiles/oled.dir/Users/amerilain/pico/pico-sdk/src/rp2_common/pico_unique_id/unique_id.c.obj
 .rodata.str1.4
                0x10008d94      0x15e CMakeFiles/oled.dir/Users/amerilain/pico/pico-sdk/src/rp2_common/hardware_flash/flash.c.obj
 .rodata.__func__.0
                0x10008d94        0xd CMakeFiles/oled.dir/Users/amerilain/pico/pico-sdk/src/rp2_common/hardware_flash/flash.c.obj
 .rodata._hw_endpoint_alloc.str1.4
                0x10008da1       0xb9 CMakeFiles/oled.dir/Users/amerilain/pico/pico-sdk/lib/tinyusb/src/portable/raspberrypi/rp2040/dcd_rp2040.c.obj
 .rodata.str1.4
                0x10008da1       0x14 CMakeFiles/oled.dir/Users/amerilain/pico/pico-sdk/lib/tinyusb/src/portable/raspberrypi/rp2040/dcd_rp2040.c.obj
 .rodata.dcd_int_enable.str1.4
                0x10008da1        0xc CMakeFiles/oled.dir/Users/amerilain/pico/pico-sdk/lib/tinyusb/src/portable/raspberrypi/rp2040/dcd_rp2040.c.obj
 *fill*         0x10008da1        0x3 
 .rodata.__func__.0
                0x10008da4        0xe CMakeFiles/oled.dir/Users/amerilain/pico/pico-sdk/lib/tinyusb/src/portable/raspberrypi/rp2040/dcd_rp2040.c.obj
 *fill*         0x10008db2        0x2 
 .rodata.__func__.1
                0x10008db4        0xe CMakeFiles/oled.dir/Users/amerilain/pico/pico-sdk/lib/tinyusb/src/portable/raspberrypi/rp2040/dcd_rp2040.c.obj
 *fill*         0x10008dc2        0x2 
 .rodata.__func__.3
                0x10008dc4       0x10 CMakeFiles/oled.dir/Users/amerilain/pico/pico-sdk/lib/tinyusb/src/portable/raspberrypi/rp2040/dcd_rp2040.c.obj
 .rodata.__func__.5
                0x10008dd4        0xf CMakeFiles/oled.dir/Users/amerilain/pico/pico-sdk/lib/tinyusb/src/portable/raspberrypi/rp2040/dcd_rp2040.c.obj
 *fill*         0x10008de3        0x1 
 .rodata.__func__.6
                0x10008de4       0x13 CMakeFiles/oled.dir/Users/amerilain/pico/pico-sdk/lib/tinyusb/src/portable/raspberrypi/rp2040/dcd_rp2040.c.obj
 *fill*         0x10008df7        0x1 
 .rodata.__func__.7
                0x10008df8        0x9 CMakeFiles/oled.dir/Users/amerilain/pico/pico-sdk/lib/tinyusb/src/portable/raspberrypi/rp2040/dcd_rp2040.c.obj
 .rodata.str1.4
                0x10008e01       0xeb CMakeFiles/oled.dir/Users/amerilain/pico/pico-sdk/lib/tinyusb/src/portable/raspberrypi/rp2040/rp2040_usb.c.obj
 *fill*         0x10008e01        0x3 
 .rodata.__func__.0
                0x10008e04        0xf CMakeFiles/oled.dir/Users/amerilain/pico/pico-sdk/lib/tinyusb/src/portable/raspberrypi/rp2040/rp2040_usb.c.obj
 *fill*         0x10008e13        0x1 
 .rodata.process_get_descriptor
                0x10008e14       0x40 CMakeFiles/oled.dir/Users/amerilain/pico/pico-sdk/lib/tinyusb/src/device/usbd.c.obj
 .rodata.process_control_request
                0x10008e54       0x28 CMakeFiles/oled.dir/Users/amerilain/pico/pico-sdk/lib/tinyusb/src/device/usbd.c.obj
 .rodata.tud_task_ext
                0x10008e7c       0x24 CMakeFiles/oled.dir/Users/amerilain/pico/pico-sdk/lib/tinyusb/src/device/usbd.c.obj
 .rodata._usbd_driver
                0x10008ea0       0x18 CMakeFiles/oled.dir/Users/amerilain/pico/pico-sdk/lib/tinyusb/src/device/usbd.c.obj
 .rodata.i2c_set_baudrate.str1.4
                0x10008eb8       0x61 CMakeFiles/oled.dir/Users/amerilain/pico/pico-sdk/src/rp2_common/hardware_i2c/i2c.c.obj
 .rodata.__func__.0
                0x10008eb8       0x11 CMakeFiles/oled.dir/Users/amerilain/pico/pico-sdk/src/rp2_common/hardware_i2c/i2c.c.obj
                0x10008f1c                        . = ALIGN (0x4)
 *fill*         0x10008ec9        0x3 
 *(SORT_BY_ALIGNMENT(SORT_BY_NAME(.flashdata*)))
                0x10008ecc                        . = ALIGN (0x4)

.ARM.extab
 *(.ARM.extab* .gnu.linkonce.armextab.*)
                0x10008ecc                        __exidx_start = .

.ARM.exidx
 *(.ARM.exidx* .gnu.linkonce.armexidx.*)
                0x10008ecc                        __exidx_end = .
                0x10008ecc                        . = ALIGN (0x4)
                0x10008ecc                        __binary_info_start = .

.binary_info    0x10008ecc       0x20
 *(.binary_info.keep.*)
 .binary_info.keep.__bi_ptr81
                0x10008ecc        0x4 CMakeFiles/oled.dir/Users/amerilain/pico/pico-sdk/src/rp2_common/pico_standard_link/binary_info.c.obj
 .binary_info.keep.__bi_ptr75
                0x10008ed0        0x4 CMakeFiles/oled.dir/Users/amerilain/pico/pico-sdk/src/rp2_common/pico_standard_link/binary_info.c.obj
 .binary_info.keep.__bi_ptr50
                0x10008ed4        0x4 CMakeFiles/oled.dir/Users/amerilain/pico/pico-sdk/src/rp2_common/pico_standard_link/binary_info.c.obj
 .binary_info.keep.__bi_ptr44
                0x10008ed8        0x4 CMakeFiles/oled.dir/Users/amerilain/pico/pico-sdk/src/rp2_common/pico_standard_link/binary_info.c.obj
 .binary_info.keep.__bi_ptr38
                0x10008edc        0x4 CMakeFiles/oled.dir/Users/amerilain/pico/pico-sdk/src/rp2_common/pico_standard_link/binary_info.c.obj
 .binary_info.keep.__bi_ptr30
                0x10008ee0        0x4 CMakeFiles/oled.dir/Users/amerilain/pico/pico-sdk/src/rp2_common/pico_standard_link/binary_info.c.obj
 .binary_info.keep.__bi_ptr22
                0x10008ee4        0x4 CMakeFiles/oled.dir/Users/amerilain/pico/pico-sdk/src/rp2_common/pico_standard_link/binary_info.c.obj
 *(.binary_info.*)
 .binary_info.__bi_ptr182
                0x10008ee8        0x4 CMakeFiles/oled.dir/Users/amerilain/pico/pico-sdk/src/rp2_common/pico_stdio_usb/stdio_usb.c.obj
                0x10008eec                        __binary_info_end = .

.rel.dyn        0x10008eec        0x0
 .rel.iplt      0x10008eec        0x0 /Applications/ArmGNUToolchain/13.2.Rel1/arm-none-eabi/bin/../lib/gcc/arm-none-eabi/13.2.1/thumb/v6-m/nofp/crtbegin.o
                0x10008eec                        . = ALIGN (0x4)

.ram_vector_table
                0x20000000       0xc0
 *(.ram_vector_table)
 .ram_vector_table
                0x20000000       0xc0 CMakeFiles/oled.dir/Users/amerilain/pico/pico-sdk/src/rp2_common/pico_runtime/runtime.c.obj
                0x20000000                ram_vector_table

.data           0x200000c0     0x1088 load address 0x10008eec
                0x200000c0                        __data_start__ = .
 *(vtable)
 *(.time_critical*)
 .time_critical.mutex_try_enter
                0x200000c0       0x46 CMakeFiles/oled.dir/Users/amerilain/pico/pico-sdk/src/common/pico_sync/mutex.c.obj
                0x200000c0                mutex_try_enter
 *fill*         0x20000106        0x2 
 .time_critical.mutex_enter_block_until
                0x20000108       0x8c CMakeFiles/oled.dir/Users/amerilain/pico/pico-sdk/src/common/pico_sync/mutex.c.obj
                0x20000108                mutex_enter_block_until
 .time_critical.mutex_try_enter_block_until
                0x20000194       0x34 CMakeFiles/oled.dir/Users/amerilain/pico/pico-sdk/src/common/pico_sync/mutex.c.obj
                0x20000194                mutex_try_enter_block_until